
Checking dependencies...

  ✓ GCC found
  ✓ NASM found
  ✓ GRUB found
  ✓ xorriso found
  ✓ mtools found

  All required dependencies installed!

  [CC]    kernel/core/panic.c
cc1: warning: command-line option ‘-fno-rtti’ is valid for C++/D/ObjC++ but not for C
In file included from kernel/core/../include/kernel.h:11,
                 from kernel/core/panic.c:8:
kernel/core/../include/types.h:270:9: warning: ‘ENOMEM’ redefined
  270 | #define ENOMEM      (-12)
      |         ^~~~~~
kernel/core/../include/types.h:118:9: note: this is the location of the previous definition
  118 | #define ENOMEM          (-2)
      |         ^~~~~~
kernel/core/../include/types.h:271:9: warning: ‘EINVAL’ redefined
  271 | #define EINVAL      (-22)
      |         ^~~~~~
kernel/core/../include/types.h:119:9: note: this is the location of the previous definition
  119 | #define EINVAL          (-3)
      |         ^~~~~~
kernel/core/../include/types.h:272:9: warning: ‘EFAULT’ redefined
  272 | #define EFAULT      (-14)
      |         ^~~~~~
kernel/core/../include/types.h:133:9: note: this is the location of the previous definition
  133 | #define EFAULT          (-17)
      |         ^~~~~~
kernel/core/../include/types.h:273:9: warning: ‘EACCES’ redefined
  273 | #define EACCES      (-13)
      |         ^~~~~~
kernel/core/../include/types.h:122:9: note: this is the location of the previous definition
  122 | #define EACCES          (-6)
      |         ^~~~~~
kernel/core/../include/types.h:274:9: warning: ‘EPERM’ redefined
  274 | #define EPERM       (-1)
      |         ^~~~~
kernel/core/../include/types.h:130:9: note: this is the location of the previous definition
  130 | #define EPERM           (-14)
      |         ^~~~~
kernel/core/../include/types.h:275:9: warning: ‘ESRCH’ redefined
  275 | #define ESRCH       (-3)
      |         ^~~~~
kernel/core/../include/types.h:131:9: note: this is the location of the previous definition
  131 | #define ESRCH           (-15)
      |         ^~~~~
kernel/core/../include/types.h:276:9: warning: ‘EINTR’ redefined
  276 | #define EINTR       (-4)
      |         ^~~~~
kernel/core/../include/types.h:132:9: note: this is the location of the previous definition
  132 | #define EINTR           (-16)
      |         ^~~~~
kernel/core/../include/types.h:277:9: warning: ‘EIO’ redefined
  277 | #define EIO         (-5)
      |         ^~~
kernel/core/../include/types.h:123:9: note: this is the location of the previous definition
  123 | #define EIO             (-7)
      |         ^~~
kernel/core/../include/types.h:280:9: warning: ‘ENODEV’ redefined
  280 | #define ENODEV      (-19)
      |         ^~~~~~
kernel/core/../include/types.h:128:9: note: this is the location of the previous definition
  128 | #define ENODEV          (-12)
      |         ^~~~~~
kernel/core/../include/types.h:285:9: warning: ‘EPIPE’ redefined
  285 | #define EPIPE       (-32)
      |         ^~~~~
kernel/core/../include/types.h:136:9: note: this is the location of the previous definition
  136 | #define EPIPE           (-25)
      |         ^~~~~
kernel/core/../include/types.h:286:9: warning: ‘ETIMEDOUT’ redefined
  286 | #define ETIMEDOUT   (-110)
      |         ^~~~~~~~~
kernel/core/../include/types.h:124:9: note: this is the location of the previous definition
  124 | #define ETIMEDOUT       (-8)
      |         ^~~~~~~~~
kernel/core/../include/types.h:287:9: warning: ‘ENOSYS’ redefined
  287 | #define ENOSYS      (-38)
      |         ^~~~~~
kernel/core/../include/types.h:125:9: note: this is the location of the previous definition
  125 | #define ENOSYS          (-9)
      |         ^~~~~~
kernel/core/../include/kernel.h:33:9: warning: ‘PAGE_SIZE_4K’ redefined
   33 | #define PAGE_SIZE_4K            0x1000
      |         ^~~~~~~~~~~~
kernel/core/../include/types.h:87:9: note: this is the location of the previous definition
   87 | #define PAGE_SIZE_4K    (1ULL << PAGE_SHIFT_4K)
      |         ^~~~~~~~~~~~
kernel/core/../include/kernel.h:101:9: warning: ‘offsetof’ redefined
  101 | #define offsetof(type, member) ((size_t)&((type *)0)->member)
      |         ^~~~~~~~
In file included from kernel/core/../include/types.h:10:
/usr/lib/gcc/x86_64-linux-gnu/15/include/stddef.h:431:9: note: this is the location of the previous definition
  431 | #define offsetof(TYPE, MEMBER) __builtin_offsetof (TYPE, MEMBER)
      |         ^~~~~~~~
  [CC]    kernel/core/init.c
cc1: warning: command-line option ‘-fno-rtti’ is valid for C++/D/ObjC++ but not for C
In file included from kernel/core/../include/kernel.h:11,
                 from kernel/core/init.c:8:
kernel/core/../include/types.h:270:9: warning: ‘ENOMEM’ redefined
  270 | #define ENOMEM      (-12)
      |         ^~~~~~
kernel/core/../include/types.h:118:9: note: this is the location of the previous definition
  118 | #define ENOMEM          (-2)
      |         ^~~~~~
kernel/core/../include/types.h:271:9: warning: ‘EINVAL’ redefined
  271 | #define EINVAL      (-22)
      |         ^~~~~~
kernel/core/../include/types.h:119:9: note: this is the location of the previous definition
  119 | #define EINVAL          (-3)
      |         ^~~~~~
kernel/core/../include/types.h:272:9: warning: ‘EFAULT’ redefined
  272 | #define EFAULT      (-14)
      |         ^~~~~~
kernel/core/../include/types.h:133:9: note: this is the location of the previous definition
  133 | #define EFAULT          (-17)
      |         ^~~~~~
kernel/core/../include/types.h:273:9: warning: ‘EACCES’ redefined
  273 | #define EACCES      (-13)
      |         ^~~~~~
kernel/core/../include/types.h:122:9: note: this is the location of the previous definition
  122 | #define EACCES          (-6)
      |         ^~~~~~
kernel/core/../include/types.h:274:9: warning: ‘EPERM’ redefined
  274 | #define EPERM       (-1)
      |         ^~~~~
kernel/core/../include/types.h:130:9: note: this is the location of the previous definition
  130 | #define EPERM           (-14)
      |         ^~~~~
kernel/core/../include/types.h:275:9: warning: ‘ESRCH’ redefined
  275 | #define ESRCH       (-3)
      |         ^~~~~
kernel/core/../include/types.h:131:9: note: this is the location of the previous definition
  131 | #define ESRCH           (-15)
      |         ^~~~~
kernel/core/../include/types.h:276:9: warning: ‘EINTR’ redefined
  276 | #define EINTR       (-4)
      |         ^~~~~
kernel/core/../include/types.h:132:9: note: this is the location of the previous definition
  132 | #define EINTR           (-16)
      |         ^~~~~
kernel/core/../include/types.h:277:9: warning: ‘EIO’ redefined
  277 | #define EIO         (-5)
      |         ^~~
kernel/core/../include/types.h:123:9: note: this is the location of the previous definition
  123 | #define EIO             (-7)
      |         ^~~
kernel/core/../include/types.h:280:9: warning: ‘ENODEV’ redefined
  280 | #define ENODEV      (-19)
      |         ^~~~~~
kernel/core/../include/types.h:128:9: note: this is the location of the previous definition
  128 | #define ENODEV          (-12)
      |         ^~~~~~
kernel/core/../include/types.h:285:9: warning: ‘EPIPE’ redefined
  285 | #define EPIPE       (-32)
      |         ^~~~~
kernel/core/../include/types.h:136:9: note: this is the location of the previous definition
  136 | #define EPIPE           (-25)
      |         ^~~~~
kernel/core/../include/types.h:286:9: warning: ‘ETIMEDOUT’ redefined
  286 | #define ETIMEDOUT   (-110)
      |         ^~~~~~~~~
kernel/core/../include/types.h:124:9: note: this is the location of the previous definition
  124 | #define ETIMEDOUT       (-8)
      |         ^~~~~~~~~
kernel/core/../include/types.h:287:9: warning: ‘ENOSYS’ redefined
  287 | #define ENOSYS      (-38)
      |         ^~~~~~
kernel/core/../include/types.h:125:9: note: this is the location of the previous definition
  125 | #define ENOSYS          (-9)
      |         ^~~~~~
kernel/core/../include/kernel.h:33:9: warning: ‘PAGE_SIZE_4K’ redefined
   33 | #define PAGE_SIZE_4K            0x1000
      |         ^~~~~~~~~~~~
kernel/core/../include/types.h:87:9: note: this is the location of the previous definition
   87 | #define PAGE_SIZE_4K    (1ULL << PAGE_SHIFT_4K)
      |         ^~~~~~~~~~~~
kernel/core/../include/kernel.h:101:9: warning: ‘offsetof’ redefined
  101 | #define offsetof(type, member) ((size_t)&((type *)0)->member)
      |         ^~~~~~~~
In file included from kernel/core/../include/types.h:10:
/usr/lib/gcc/x86_64-linux-gnu/15/include/stddef.h:431:9: note: this is the location of the previous definition
  431 | #define offsetof(TYPE, MEMBER) __builtin_offsetof (TYPE, MEMBER)
      |         ^~~~~~~~
kernel/core/init.c: In function ‘check_kernel_option’:
kernel/core/init.c:378:48: warning: comparison between pointer and integer
  378 |     return strstr(boot_params.cmdline, option) != NULL;
      |                                                ^~
kernel/core/init.c: At top level:
kernel/core/init.c:320:13: warning: ‘parse_boot_params’ defined but not used [-Wunused-function]
  320 | static void parse_boot_params(void)
      |             ^~~~~~~~~~~~~~~~~
kernel/core/init.c:269:13: warning: ‘do_initcalls’ defined but not used [-Wunused-function]
  269 | static void do_initcalls(void)
      |             ^~~~~~~~~~~~
  [CC]    kernel/core/smp.c
cc1: warning: command-line option ‘-fno-rtti’ is valid for C++/D/ObjC++ but not for C
In file included from kernel/core/../include/kernel.h:11,
                 from kernel/core/smp.c:8:
kernel/core/../include/types.h:270:9: warning: ‘ENOMEM’ redefined
  270 | #define ENOMEM      (-12)
      |         ^~~~~~
kernel/core/../include/types.h:118:9: note: this is the location of the previous definition
  118 | #define ENOMEM          (-2)
      |         ^~~~~~
kernel/core/../include/types.h:271:9: warning: ‘EINVAL’ redefined
  271 | #define EINVAL      (-22)
      |         ^~~~~~
kernel/core/../include/types.h:119:9: note: this is the location of the previous definition
  119 | #define EINVAL          (-3)
      |         ^~~~~~
kernel/core/../include/types.h:272:9: warning: ‘EFAULT’ redefined
  272 | #define EFAULT      (-14)
      |         ^~~~~~
kernel/core/../include/types.h:133:9: note: this is the location of the previous definition
  133 | #define EFAULT          (-17)
      |         ^~~~~~
kernel/core/../include/types.h:273:9: warning: ‘EACCES’ redefined
  273 | #define EACCES      (-13)
      |         ^~~~~~
kernel/core/../include/types.h:122:9: note: this is the location of the previous definition
  122 | #define EACCES          (-6)
      |         ^~~~~~
kernel/core/../include/types.h:274:9: warning: ‘EPERM’ redefined
  274 | #define EPERM       (-1)
      |         ^~~~~
kernel/core/../include/types.h:130:9: note: this is the location of the previous definition
  130 | #define EPERM           (-14)
      |         ^~~~~
kernel/core/../include/types.h:275:9: warning: ‘ESRCH’ redefined
  275 | #define ESRCH       (-3)
      |         ^~~~~
kernel/core/../include/types.h:131:9: note: this is the location of the previous definition
  131 | #define ESRCH           (-15)
      |         ^~~~~
kernel/core/../include/types.h:276:9: warning: ‘EINTR’ redefined
  276 | #define EINTR       (-4)
      |         ^~~~~
kernel/core/../include/types.h:132:9: note: this is the location of the previous definition
  132 | #define EINTR           (-16)
      |         ^~~~~
kernel/core/../include/types.h:277:9: warning: ‘EIO’ redefined
  277 | #define EIO         (-5)
      |         ^~~
kernel/core/../include/types.h:123:9: note: this is the location of the previous definition
  123 | #define EIO             (-7)
      |         ^~~
kernel/core/../include/types.h:280:9: warning: ‘ENODEV’ redefined
  280 | #define ENODEV      (-19)
      |         ^~~~~~
kernel/core/../include/types.h:128:9: note: this is the location of the previous definition
  128 | #define ENODEV          (-12)
      |         ^~~~~~
kernel/core/../include/types.h:285:9: warning: ‘EPIPE’ redefined
  285 | #define EPIPE       (-32)
      |         ^~~~~
kernel/core/../include/types.h:136:9: note: this is the location of the previous definition
  136 | #define EPIPE           (-25)
      |         ^~~~~
kernel/core/../include/types.h:286:9: warning: ‘ETIMEDOUT’ redefined
  286 | #define ETIMEDOUT   (-110)
      |         ^~~~~~~~~
kernel/core/../include/types.h:124:9: note: this is the location of the previous definition
  124 | #define ETIMEDOUT       (-8)
      |         ^~~~~~~~~
kernel/core/../include/types.h:287:9: warning: ‘ENOSYS’ redefined
  287 | #define ENOSYS      (-38)
      |         ^~~~~~
kernel/core/../include/types.h:125:9: note: this is the location of the previous definition
  125 | #define ENOSYS          (-9)
      |         ^~~~~~
kernel/core/../include/kernel.h:33:9: warning: ‘PAGE_SIZE_4K’ redefined
   33 | #define PAGE_SIZE_4K            0x1000
      |         ^~~~~~~~~~~~
kernel/core/../include/types.h:87:9: note: this is the location of the previous definition
   87 | #define PAGE_SIZE_4K    (1ULL << PAGE_SHIFT_4K)
      |         ^~~~~~~~~~~~
kernel/core/../include/kernel.h:101:9: warning: ‘offsetof’ redefined
  101 | #define offsetof(type, member) ((size_t)&((type *)0)->member)
      |         ^~~~~~~~
In file included from kernel/core/../include/types.h:10:
/usr/lib/gcc/x86_64-linux-gnu/15/include/stddef.h:431:9: note: this is the location of the previous definition
  431 | #define offsetof(TYPE, MEMBER) __builtin_offsetof (TYPE, MEMBER)
      |         ^~~~~~~~
kernel/core/smp.c:289:6: warning: conflicting types for ‘scheduler_enable_all’; have ‘void(void)’
  289 | void scheduler_enable_all(void)
      |      ^~~~~~~~~~~~~~~~~~~~
kernel/core/smp.c:116:5: note: previous implicit declaration of ‘scheduler_enable_all’ with type ‘void(void)’
  116 |     scheduler_enable_all();
      |     ^~~~~~~~~~~~~~~~~~~~
kernel/core/smp.c:304:6: warning: conflicting types for ‘scheduler_migrate_tasks’; have ‘void(u32)’ {aka ‘void(unsigned int)’}
  304 | void scheduler_migrate_tasks(u32 cpu)
      |      ^~~~~~~~~~~~~~~~~~~~~~~
kernel/core/smp.c:192:5: note: previous implicit declaration of ‘scheduler_migrate_tasks’ with type ‘void(u32)’ {aka ‘void(unsigned int)’}
  192 |     scheduler_migrate_tasks(cpu);
      |     ^~~~~~~~~~~~~~~~~~~~~~~
kernel/core/smp.c:468:13: warning: conflicting types for ‘arch_smp_detect’; have ‘void(void)’
  468 | extern void arch_smp_detect(void);
      |             ^~~~~~~~~~~~~~~
kernel/core/smp.c:103:5: note: previous implicit declaration of ‘arch_smp_detect’ with type ‘void(void)’
  103 |     arch_smp_detect();
      |     ^~~~~~~~~~~~~~~
kernel/core/smp.c:472:13: warning: conflicting types for ‘arch_scheduler_enable’; have ‘void(u32)’ {aka ‘void(unsigned int)’}
  472 | extern void arch_scheduler_enable(u32 cpu);
      |             ^~~~~~~~~~~~~~~~~~~~~
kernel/core/smp.c:296:13: note: previous implicit declaration of ‘arch_scheduler_enable’ with type ‘void(u32)’ {aka ‘void(unsigned int)’}
  296 |             arch_scheduler_enable(cpu);
      |             ^~~~~~~~~~~~~~~~~~~~~
kernel/core/smp.c:473:13: warning: conflicting types for ‘arch_scheduler_migrate’; have ‘void(u32)’ {aka ‘void(unsigned int)’}
  473 | extern void arch_scheduler_migrate(u32 cpu);
      |             ^~~~~~~~~~~~~~~~~~~~~~
kernel/core/smp.c:310:5: note: previous implicit declaration of ‘arch_scheduler_migrate’ with type ‘void(u32)’ {aka ‘void(unsigned int)’}
  310 |     arch_scheduler_migrate(cpu);
      |     ^~~~~~~~~~~~~~~~~~~~~~
kernel/core/smp.c:474:13: warning: conflicting types for ‘arch_topology_parse’; have ‘void(u32,  cpu_topology_t *)’ {aka ‘void(unsigned int,  struct cpu_topology *)’}
  474 | extern void arch_topology_parse(u32 cpu, cpu_topology_t *topology);
      |             ^~~~~~~~~~~~~~~~~~~
kernel/core/smp.c:340:9: note: previous implicit declaration of ‘arch_topology_parse’ with type ‘void(u32,  cpu_topology_t *)’ {aka ‘void(unsigned int,  struct cpu_topology *)’}
  340 |         arch_topology_parse(cpu, &cpu_topology[cpu]);
      |         ^~~~~~~~~~~~~~~~~~~
  [CC]    kernel/core/module_loader.c
cc1: warning: command-line option ‘-fno-rtti’ is valid for C++/D/ObjC++ but not for C
In file included from kernel/core/module_loader.c:9:
kernel/core/../include/types.h:270:9: warning: ‘ENOMEM’ redefined
  270 | #define ENOMEM      (-12)
      |         ^~~~~~
kernel/core/../include/types.h:118:9: note: this is the location of the previous definition
  118 | #define ENOMEM          (-2)
      |         ^~~~~~
kernel/core/../include/types.h:271:9: warning: ‘EINVAL’ redefined
  271 | #define EINVAL      (-22)
      |         ^~~~~~
kernel/core/../include/types.h:119:9: note: this is the location of the previous definition
  119 | #define EINVAL          (-3)
      |         ^~~~~~
kernel/core/../include/types.h:272:9: warning: ‘EFAULT’ redefined
  272 | #define EFAULT      (-14)
      |         ^~~~~~
kernel/core/../include/types.h:133:9: note: this is the location of the previous definition
  133 | #define EFAULT          (-17)
      |         ^~~~~~
kernel/core/../include/types.h:273:9: warning: ‘EACCES’ redefined
  273 | #define EACCES      (-13)
      |         ^~~~~~
kernel/core/../include/types.h:122:9: note: this is the location of the previous definition
  122 | #define EACCES          (-6)
      |         ^~~~~~
kernel/core/../include/types.h:274:9: warning: ‘EPERM’ redefined
  274 | #define EPERM       (-1)
      |         ^~~~~
kernel/core/../include/types.h:130:9: note: this is the location of the previous definition
  130 | #define EPERM           (-14)
      |         ^~~~~
kernel/core/../include/types.h:275:9: warning: ‘ESRCH’ redefined
  275 | #define ESRCH       (-3)
      |         ^~~~~
kernel/core/../include/types.h:131:9: note: this is the location of the previous definition
  131 | #define ESRCH           (-15)
      |         ^~~~~
kernel/core/../include/types.h:276:9: warning: ‘EINTR’ redefined
  276 | #define EINTR       (-4)
      |         ^~~~~
kernel/core/../include/types.h:132:9: note: this is the location of the previous definition
  132 | #define EINTR           (-16)
      |         ^~~~~
kernel/core/../include/types.h:277:9: warning: ‘EIO’ redefined
  277 | #define EIO         (-5)
      |         ^~~
kernel/core/../include/types.h:123:9: note: this is the location of the previous definition
  123 | #define EIO             (-7)
      |         ^~~
kernel/core/../include/types.h:280:9: warning: ‘ENODEV’ redefined
  280 | #define ENODEV      (-19)
      |         ^~~~~~
kernel/core/../include/types.h:128:9: note: this is the location of the previous definition
  128 | #define ENODEV          (-12)
      |         ^~~~~~
kernel/core/../include/types.h:285:9: warning: ‘EPIPE’ redefined
  285 | #define EPIPE       (-32)
      |         ^~~~~
kernel/core/../include/types.h:136:9: note: this is the location of the previous definition
  136 | #define EPIPE           (-25)
      |         ^~~~~
kernel/core/../include/types.h:286:9: warning: ‘ETIMEDOUT’ redefined
  286 | #define ETIMEDOUT   (-110)
      |         ^~~~~~~~~
kernel/core/../include/types.h:124:9: note: this is the location of the previous definition
  124 | #define ETIMEDOUT       (-8)
      |         ^~~~~~~~~
kernel/core/../include/types.h:287:9: warning: ‘ENOSYS’ redefined
  287 | #define ENOSYS      (-38)
      |         ^~~~~~
kernel/core/../include/types.h:125:9: note: this is the location of the previous definition
  125 | #define ENOSYS          (-9)
      |         ^~~~~~
In file included from kernel/core/module_loader.c:10:
kernel/core/../include/kernel.h:33:9: warning: ‘PAGE_SIZE_4K’ redefined
   33 | #define PAGE_SIZE_4K            0x1000
      |         ^~~~~~~~~~~~
kernel/core/../include/types.h:87:9: note: this is the location of the previous definition
   87 | #define PAGE_SIZE_4K    (1ULL << PAGE_SHIFT_4K)
      |         ^~~~~~~~~~~~
kernel/core/../include/kernel.h:101:9: warning: ‘offsetof’ redefined
  101 | #define offsetof(type, member) ((size_t)&((type *)0)->member)
      |         ^~~~~~~~
In file included from kernel/core/../include/types.h:10:
/usr/lib/gcc/x86_64-linux-gnu/15/include/stddef.h:431:9: note: this is the location of the previous definition
  431 | #define offsetof(TYPE, MEMBER) __builtin_offsetof (TYPE, MEMBER)
      |         ^~~~~~~~
kernel/core/module_loader.c: In function ‘parse_elf’:
kernel/core/module_loader.c:197:9: warning: variable ‘strtab_size’ set but not used [-Wunused-but-set-variable]
  197 |     u64 strtab_size = 0;
      |         ^~~~~~~~~~~
kernel/core/module_loader.c: At top level:
kernel/core/module_loader.c:173:12: warning: ‘parse_elf’ defined but not used [-Wunused-function]
  173 | static int parse_elf(module_t *mod, const void *elf_data, u32 elf_size)
      |            ^~~~~~~~~
  [CC]    kernel/sync/spinlock.c
cc1: warning: command-line option ‘-fno-rtti’ is valid for C++/D/ObjC++ but not for C
In file included from kernel/sync/../include/kernel.h:11,
                 from kernel/sync/sync.h:12,
                 from kernel/sync/spinlock.c:6:
kernel/sync/../include/types.h:270:9: warning: ‘ENOMEM’ redefined
  270 | #define ENOMEM      (-12)
      |         ^~~~~~
kernel/sync/../include/types.h:118:9: note: this is the location of the previous definition
  118 | #define ENOMEM          (-2)
      |         ^~~~~~
kernel/sync/../include/types.h:271:9: warning: ‘EINVAL’ redefined
  271 | #define EINVAL      (-22)
      |         ^~~~~~
kernel/sync/../include/types.h:119:9: note: this is the location of the previous definition
  119 | #define EINVAL          (-3)
      |         ^~~~~~
kernel/sync/../include/types.h:272:9: warning: ‘EFAULT’ redefined
  272 | #define EFAULT      (-14)
      |         ^~~~~~
kernel/sync/../include/types.h:133:9: note: this is the location of the previous definition
  133 | #define EFAULT          (-17)
      |         ^~~~~~
kernel/sync/../include/types.h:273:9: warning: ‘EACCES’ redefined
  273 | #define EACCES      (-13)
      |         ^~~~~~
kernel/sync/../include/types.h:122:9: note: this is the location of the previous definition
  122 | #define EACCES          (-6)
      |         ^~~~~~
kernel/sync/../include/types.h:274:9: warning: ‘EPERM’ redefined
  274 | #define EPERM       (-1)
      |         ^~~~~
kernel/sync/../include/types.h:130:9: note: this is the location of the previous definition
  130 | #define EPERM           (-14)
      |         ^~~~~
kernel/sync/../include/types.h:275:9: warning: ‘ESRCH’ redefined
  275 | #define ESRCH       (-3)
      |         ^~~~~
kernel/sync/../include/types.h:131:9: note: this is the location of the previous definition
  131 | #define ESRCH           (-15)
      |         ^~~~~
kernel/sync/../include/types.h:276:9: warning: ‘EINTR’ redefined
  276 | #define EINTR       (-4)
      |         ^~~~~
kernel/sync/../include/types.h:132:9: note: this is the location of the previous definition
  132 | #define EINTR           (-16)
      |         ^~~~~
kernel/sync/../include/types.h:277:9: warning: ‘EIO’ redefined
  277 | #define EIO         (-5)
      |         ^~~
kernel/sync/../include/types.h:123:9: note: this is the location of the previous definition
  123 | #define EIO             (-7)
      |         ^~~
kernel/sync/../include/types.h:280:9: warning: ‘ENODEV’ redefined
  280 | #define ENODEV      (-19)
      |         ^~~~~~
kernel/sync/../include/types.h:128:9: note: this is the location of the previous definition
  128 | #define ENODEV          (-12)
      |         ^~~~~~
kernel/sync/../include/types.h:285:9: warning: ‘EPIPE’ redefined
  285 | #define EPIPE       (-32)
      |         ^~~~~
kernel/sync/../include/types.h:136:9: note: this is the location of the previous definition
  136 | #define EPIPE           (-25)
      |         ^~~~~
kernel/sync/../include/types.h:286:9: warning: ‘ETIMEDOUT’ redefined
  286 | #define ETIMEDOUT   (-110)
      |         ^~~~~~~~~
kernel/sync/../include/types.h:124:9: note: this is the location of the previous definition
  124 | #define ETIMEDOUT       (-8)
      |         ^~~~~~~~~
kernel/sync/../include/types.h:287:9: warning: ‘ENOSYS’ redefined
  287 | #define ENOSYS      (-38)
      |         ^~~~~~
kernel/sync/../include/types.h:125:9: note: this is the location of the previous definition
  125 | #define ENOSYS          (-9)
      |         ^~~~~~
kernel/sync/../include/kernel.h:33:9: warning: ‘PAGE_SIZE_4K’ redefined
   33 | #define PAGE_SIZE_4K            0x1000
      |         ^~~~~~~~~~~~
kernel/sync/../include/types.h:87:9: note: this is the location of the previous definition
   87 | #define PAGE_SIZE_4K    (1ULL << PAGE_SHIFT_4K)
      |         ^~~~~~~~~~~~
kernel/sync/../include/kernel.h:101:9: warning: ‘offsetof’ redefined
  101 | #define offsetof(type, member) ((size_t)&((type *)0)->member)
      |         ^~~~~~~~
In file included from kernel/sync/../include/types.h:10:
/usr/lib/gcc/x86_64-linux-gnu/15/include/stddef.h:431:9: note: this is the location of the previous definition
  431 | #define offsetof(TYPE, MEMBER) __builtin_offsetof (TYPE, MEMBER)
      |         ^~~~~~~~
kernel/sync/sync.h:440:9: warning: ‘barrier’ redefined
  440 | #define barrier() __asm__ __volatile__ ("" ::: "memory")
      |         ^~~~~~~
kernel/sync/../include/kernel.h:91:9: note: this is the location of the previous definition
   91 | #define barrier()               __asm__ __volatile__("" ::: "memory")
      |         ^~~~~~~
kernel/sync/spinlock.c:170:6: warning: conflicting types for ‘spin_lock’; have ‘void(spinlock_t *)’
  170 | void spin_lock(spinlock_t *lock)
      |      ^~~~~~~~~
kernel/sync/spinlock.c:123:17: note: previous implicit declaration of ‘spin_lock’ with type ‘void(spinlock_t *)’
  123 |                 spin_lock(&spinlock_global.lock);
      |                 ^~~~~~~~~
kernel/sync/spinlock.c:226:6: warning: conflicting types for ‘spin_unlock’; have ‘void(spinlock_t *)’
  226 | void spin_unlock(spinlock_t *lock)
      |      ^~~~~~~~~~~
kernel/sync/spinlock.c:128:17: note: previous implicit declaration of ‘spin_unlock’ with type ‘void(spinlock_t *)’
  128 |                 spin_unlock(&spinlock_global.lock);
      |                 ^~~~~~~~~~~
  [CC]    kernel/sync/rwlock.c
cc1: warning: command-line option ‘-fno-rtti’ is valid for C++/D/ObjC++ but not for C
In file included from kernel/sync/../include/kernel.h:11,
                 from kernel/sync/sync.h:12,
                 from kernel/sync/rwlock.c:6:
kernel/sync/../include/types.h:270:9: warning: ‘ENOMEM’ redefined
  270 | #define ENOMEM      (-12)
      |         ^~~~~~
kernel/sync/../include/types.h:118:9: note: this is the location of the previous definition
  118 | #define ENOMEM          (-2)
      |         ^~~~~~
kernel/sync/../include/types.h:271:9: warning: ‘EINVAL’ redefined
  271 | #define EINVAL      (-22)
      |         ^~~~~~
kernel/sync/../include/types.h:119:9: note: this is the location of the previous definition
  119 | #define EINVAL          (-3)
      |         ^~~~~~
kernel/sync/../include/types.h:272:9: warning: ‘EFAULT’ redefined
  272 | #define EFAULT      (-14)
      |         ^~~~~~
kernel/sync/../include/types.h:133:9: note: this is the location of the previous definition
  133 | #define EFAULT          (-17)
      |         ^~~~~~
kernel/sync/../include/types.h:273:9: warning: ‘EACCES’ redefined
  273 | #define EACCES      (-13)
      |         ^~~~~~
kernel/sync/../include/types.h:122:9: note: this is the location of the previous definition
  122 | #define EACCES          (-6)
      |         ^~~~~~
kernel/sync/../include/types.h:274:9: warning: ‘EPERM’ redefined
  274 | #define EPERM       (-1)
      |         ^~~~~
kernel/sync/../include/types.h:130:9: note: this is the location of the previous definition
  130 | #define EPERM           (-14)
      |         ^~~~~
kernel/sync/../include/types.h:275:9: warning: ‘ESRCH’ redefined
  275 | #define ESRCH       (-3)
      |         ^~~~~
kernel/sync/../include/types.h:131:9: note: this is the location of the previous definition
  131 | #define ESRCH           (-15)
      |         ^~~~~
kernel/sync/../include/types.h:276:9: warning: ‘EINTR’ redefined
  276 | #define EINTR       (-4)
      |         ^~~~~
kernel/sync/../include/types.h:132:9: note: this is the location of the previous definition
  132 | #define EINTR           (-16)
      |         ^~~~~
kernel/sync/../include/types.h:277:9: warning: ‘EIO’ redefined
  277 | #define EIO         (-5)
      |         ^~~
kernel/sync/../include/types.h:123:9: note: this is the location of the previous definition
  123 | #define EIO             (-7)
      |         ^~~
kernel/sync/../include/types.h:280:9: warning: ‘ENODEV’ redefined
  280 | #define ENODEV      (-19)
      |         ^~~~~~
kernel/sync/../include/types.h:128:9: note: this is the location of the previous definition
  128 | #define ENODEV          (-12)
      |         ^~~~~~
kernel/sync/../include/types.h:285:9: warning: ‘EPIPE’ redefined
  285 | #define EPIPE       (-32)
      |         ^~~~~
kernel/sync/../include/types.h:136:9: note: this is the location of the previous definition
  136 | #define EPIPE           (-25)
      |         ^~~~~
kernel/sync/../include/types.h:286:9: warning: ‘ETIMEDOUT’ redefined
  286 | #define ETIMEDOUT   (-110)
      |         ^~~~~~~~~
kernel/sync/../include/types.h:124:9: note: this is the location of the previous definition
  124 | #define ETIMEDOUT       (-8)
      |         ^~~~~~~~~
kernel/sync/../include/types.h:287:9: warning: ‘ENOSYS’ redefined
  287 | #define ENOSYS      (-38)
      |         ^~~~~~
kernel/sync/../include/types.h:125:9: note: this is the location of the previous definition
  125 | #define ENOSYS          (-9)
      |         ^~~~~~
kernel/sync/../include/kernel.h:33:9: warning: ‘PAGE_SIZE_4K’ redefined
   33 | #define PAGE_SIZE_4K            0x1000
      |         ^~~~~~~~~~~~
kernel/sync/../include/types.h:87:9: note: this is the location of the previous definition
   87 | #define PAGE_SIZE_4K    (1ULL << PAGE_SHIFT_4K)
      |         ^~~~~~~~~~~~
kernel/sync/../include/kernel.h:101:9: warning: ‘offsetof’ redefined
  101 | #define offsetof(type, member) ((size_t)&((type *)0)->member)
      |         ^~~~~~~~
In file included from kernel/sync/../include/types.h:10:
/usr/lib/gcc/x86_64-linux-gnu/15/include/stddef.h:431:9: note: this is the location of the previous definition
  431 | #define offsetof(TYPE, MEMBER) __builtin_offsetof (TYPE, MEMBER)
      |         ^~~~~~~~
kernel/sync/sync.h:440:9: warning: ‘barrier’ redefined
  440 | #define barrier() __asm__ __volatile__ ("" ::: "memory")
      |         ^~~~~~~
kernel/sync/../include/kernel.h:91:9: note: this is the location of the previous definition
   91 | #define barrier()               __asm__ __volatile__("" ::: "memory")
      |         ^~~~~~~
  [CC]    kernel/sync/atomic.c
cc1: warning: command-line option ‘-fno-rtti’ is valid for C++/D/ObjC++ but not for C
In file included from kernel/sync/../include/kernel.h:11,
                 from kernel/sync/sync.h:12,
                 from kernel/sync/atomic.c:6:
kernel/sync/../include/types.h:270:9: warning: ‘ENOMEM’ redefined
  270 | #define ENOMEM      (-12)
      |         ^~~~~~
kernel/sync/../include/types.h:118:9: note: this is the location of the previous definition
  118 | #define ENOMEM          (-2)
      |         ^~~~~~
kernel/sync/../include/types.h:271:9: warning: ‘EINVAL’ redefined
  271 | #define EINVAL      (-22)
      |         ^~~~~~
kernel/sync/../include/types.h:119:9: note: this is the location of the previous definition
  119 | #define EINVAL          (-3)
      |         ^~~~~~
kernel/sync/../include/types.h:272:9: warning: ‘EFAULT’ redefined
  272 | #define EFAULT      (-14)
      |         ^~~~~~
kernel/sync/../include/types.h:133:9: note: this is the location of the previous definition
  133 | #define EFAULT          (-17)
      |         ^~~~~~
kernel/sync/../include/types.h:273:9: warning: ‘EACCES’ redefined
  273 | #define EACCES      (-13)
      |         ^~~~~~
kernel/sync/../include/types.h:122:9: note: this is the location of the previous definition
  122 | #define EACCES          (-6)
      |         ^~~~~~
kernel/sync/../include/types.h:274:9: warning: ‘EPERM’ redefined
  274 | #define EPERM       (-1)
      |         ^~~~~
kernel/sync/../include/types.h:130:9: note: this is the location of the previous definition
  130 | #define EPERM           (-14)
      |         ^~~~~
kernel/sync/../include/types.h:275:9: warning: ‘ESRCH’ redefined
  275 | #define ESRCH       (-3)
      |         ^~~~~
kernel/sync/../include/types.h:131:9: note: this is the location of the previous definition
  131 | #define ESRCH           (-15)
      |         ^~~~~
kernel/sync/../include/types.h:276:9: warning: ‘EINTR’ redefined
  276 | #define EINTR       (-4)
      |         ^~~~~
kernel/sync/../include/types.h:132:9: note: this is the location of the previous definition
  132 | #define EINTR           (-16)
      |         ^~~~~
kernel/sync/../include/types.h:277:9: warning: ‘EIO’ redefined
  277 | #define EIO         (-5)
      |         ^~~
kernel/sync/../include/types.h:123:9: note: this is the location of the previous definition
  123 | #define EIO             (-7)
      |         ^~~
kernel/sync/../include/types.h:280:9: warning: ‘ENODEV’ redefined
  280 | #define ENODEV      (-19)
      |         ^~~~~~
kernel/sync/../include/types.h:128:9: note: this is the location of the previous definition
  128 | #define ENODEV          (-12)
      |         ^~~~~~
kernel/sync/../include/types.h:285:9: warning: ‘EPIPE’ redefined
  285 | #define EPIPE       (-32)
      |         ^~~~~
kernel/sync/../include/types.h:136:9: note: this is the location of the previous definition
  136 | #define EPIPE           (-25)
      |         ^~~~~
kernel/sync/../include/types.h:286:9: warning: ‘ETIMEDOUT’ redefined
  286 | #define ETIMEDOUT   (-110)
      |         ^~~~~~~~~
kernel/sync/../include/types.h:124:9: note: this is the location of the previous definition
  124 | #define ETIMEDOUT       (-8)
      |         ^~~~~~~~~
kernel/sync/../include/types.h:287:9: warning: ‘ENOSYS’ redefined
  287 | #define ENOSYS      (-38)
      |         ^~~~~~
kernel/sync/../include/types.h:125:9: note: this is the location of the previous definition
  125 | #define ENOSYS          (-9)
      |         ^~~~~~
kernel/sync/../include/kernel.h:33:9: warning: ‘PAGE_SIZE_4K’ redefined
   33 | #define PAGE_SIZE_4K            0x1000
      |         ^~~~~~~~~~~~
kernel/sync/../include/types.h:87:9: note: this is the location of the previous definition
   87 | #define PAGE_SIZE_4K    (1ULL << PAGE_SHIFT_4K)
      |         ^~~~~~~~~~~~
kernel/sync/../include/kernel.h:101:9: warning: ‘offsetof’ redefined
  101 | #define offsetof(type, member) ((size_t)&((type *)0)->member)
      |         ^~~~~~~~
In file included from kernel/sync/../include/types.h:10:
/usr/lib/gcc/x86_64-linux-gnu/15/include/stddef.h:431:9: note: this is the location of the previous definition
  431 | #define offsetof(TYPE, MEMBER) __builtin_offsetof (TYPE, MEMBER)
      |         ^~~~~~~~
kernel/sync/sync.h:440:9: warning: ‘barrier’ redefined
  440 | #define barrier() __asm__ __volatile__ ("" ::: "memory")
      |         ^~~~~~~
kernel/sync/../include/kernel.h:91:9: note: this is the location of the previous definition
   91 | #define barrier()               __asm__ __volatile__("" ::: "memory")
      |         ^~~~~~~
kernel/sync/atomic.c:83:6: warning: conflicting types for ‘atomic_inc’; have ‘void(atomic_t *)’ {aka ‘void(struct atomic *)’}
   83 | void atomic_inc(atomic_t *v)
      |      ^~~~~~~~~~
kernel/sync/atomic.c:57:5: note: previous implicit declaration of ‘atomic_inc’ with type ‘void(atomic_t *)’ {aka ‘void(struct atomic *)’}
   57 |     atomic_inc(&atomic_global.total_operations);
      |     ^~~~~~~~~~
  [CC]    kernel/sync/waitqueue.c
cc1: warning: command-line option ‘-fno-rtti’ is valid for C++/D/ObjC++ but not for C
In file included from kernel/sync/../include/kernel.h:11,
                 from kernel/sync/sync.h:12,
                 from kernel/sync/waitqueue.c:6:
kernel/sync/../include/types.h:270:9: warning: ‘ENOMEM’ redefined
  270 | #define ENOMEM      (-12)
      |         ^~~~~~
kernel/sync/../include/types.h:118:9: note: this is the location of the previous definition
  118 | #define ENOMEM          (-2)
      |         ^~~~~~
kernel/sync/../include/types.h:271:9: warning: ‘EINVAL’ redefined
  271 | #define EINVAL      (-22)
      |         ^~~~~~
kernel/sync/../include/types.h:119:9: note: this is the location of the previous definition
  119 | #define EINVAL          (-3)
      |         ^~~~~~
kernel/sync/../include/types.h:272:9: warning: ‘EFAULT’ redefined
  272 | #define EFAULT      (-14)
      |         ^~~~~~
kernel/sync/../include/types.h:133:9: note: this is the location of the previous definition
  133 | #define EFAULT          (-17)
      |         ^~~~~~
kernel/sync/../include/types.h:273:9: warning: ‘EACCES’ redefined
  273 | #define EACCES      (-13)
      |         ^~~~~~
kernel/sync/../include/types.h:122:9: note: this is the location of the previous definition
  122 | #define EACCES          (-6)
      |         ^~~~~~
kernel/sync/../include/types.h:274:9: warning: ‘EPERM’ redefined
  274 | #define EPERM       (-1)
      |         ^~~~~
kernel/sync/../include/types.h:130:9: note: this is the location of the previous definition
  130 | #define EPERM           (-14)
      |         ^~~~~
kernel/sync/../include/types.h:275:9: warning: ‘ESRCH’ redefined
  275 | #define ESRCH       (-3)
      |         ^~~~~
kernel/sync/../include/types.h:131:9: note: this is the location of the previous definition
  131 | #define ESRCH           (-15)
      |         ^~~~~
kernel/sync/../include/types.h:276:9: warning: ‘EINTR’ redefined
  276 | #define EINTR       (-4)
      |         ^~~~~
kernel/sync/../include/types.h:132:9: note: this is the location of the previous definition
  132 | #define EINTR           (-16)
      |         ^~~~~
kernel/sync/../include/types.h:277:9: warning: ‘EIO’ redefined
  277 | #define EIO         (-5)
      |         ^~~
kernel/sync/../include/types.h:123:9: note: this is the location of the previous definition
  123 | #define EIO             (-7)
      |         ^~~
kernel/sync/../include/types.h:280:9: warning: ‘ENODEV’ redefined
  280 | #define ENODEV      (-19)
      |         ^~~~~~
kernel/sync/../include/types.h:128:9: note: this is the location of the previous definition
  128 | #define ENODEV          (-12)
      |         ^~~~~~
kernel/sync/../include/types.h:285:9: warning: ‘EPIPE’ redefined
  285 | #define EPIPE       (-32)
      |         ^~~~~
kernel/sync/../include/types.h:136:9: note: this is the location of the previous definition
  136 | #define EPIPE           (-25)
      |         ^~~~~
kernel/sync/../include/types.h:286:9: warning: ‘ETIMEDOUT’ redefined
  286 | #define ETIMEDOUT   (-110)
      |         ^~~~~~~~~
kernel/sync/../include/types.h:124:9: note: this is the location of the previous definition
  124 | #define ETIMEDOUT       (-8)
      |         ^~~~~~~~~
kernel/sync/../include/types.h:287:9: warning: ‘ENOSYS’ redefined
  287 | #define ENOSYS      (-38)
      |         ^~~~~~
kernel/sync/../include/types.h:125:9: note: this is the location of the previous definition
  125 | #define ENOSYS          (-9)
      |         ^~~~~~
kernel/sync/../include/kernel.h:33:9: warning: ‘PAGE_SIZE_4K’ redefined
   33 | #define PAGE_SIZE_4K            0x1000
      |         ^~~~~~~~~~~~
kernel/sync/../include/types.h:87:9: note: this is the location of the previous definition
   87 | #define PAGE_SIZE_4K    (1ULL << PAGE_SHIFT_4K)
      |         ^~~~~~~~~~~~
kernel/sync/../include/kernel.h:101:9: warning: ‘offsetof’ redefined
  101 | #define offsetof(type, member) ((size_t)&((type *)0)->member)
      |         ^~~~~~~~
In file included from kernel/sync/../include/types.h:10:
/usr/lib/gcc/x86_64-linux-gnu/15/include/stddef.h:431:9: note: this is the location of the previous definition
  431 | #define offsetof(TYPE, MEMBER) __builtin_offsetof (TYPE, MEMBER)
      |         ^~~~~~~~
kernel/sync/sync.h:440:9: warning: ‘barrier’ redefined
  440 | #define barrier() __asm__ __volatile__ ("" ::: "memory")
      |         ^~~~~~~
kernel/sync/../include/kernel.h:91:9: note: this is the location of the previous definition
   91 | #define barrier()               __asm__ __volatile__("" ::: "memory")
      |         ^~~~~~~
  [CC]    kernel/ipc/pipe.c
cc1: warning: command-line option ‘-fno-rtti’ is valid for C++/D/ObjC++ but not for C
In file included from kernel/ipc/../include/kernel.h:11,
                 from kernel/ipc/ipc.h:9,
                 from kernel/ipc/pipe.c:6:
kernel/ipc/../include/types.h:270:9: warning: ‘ENOMEM’ redefined
  270 | #define ENOMEM      (-12)
      |         ^~~~~~
kernel/ipc/../include/types.h:118:9: note: this is the location of the previous definition
  118 | #define ENOMEM          (-2)
      |         ^~~~~~
kernel/ipc/../include/types.h:271:9: warning: ‘EINVAL’ redefined
  271 | #define EINVAL      (-22)
      |         ^~~~~~
kernel/ipc/../include/types.h:119:9: note: this is the location of the previous definition
  119 | #define EINVAL          (-3)
      |         ^~~~~~
kernel/ipc/../include/types.h:272:9: warning: ‘EFAULT’ redefined
  272 | #define EFAULT      (-14)
      |         ^~~~~~
kernel/ipc/../include/types.h:133:9: note: this is the location of the previous definition
  133 | #define EFAULT          (-17)
      |         ^~~~~~
kernel/ipc/../include/types.h:273:9: warning: ‘EACCES’ redefined
  273 | #define EACCES      (-13)
      |         ^~~~~~
kernel/ipc/../include/types.h:122:9: note: this is the location of the previous definition
  122 | #define EACCES          (-6)
      |         ^~~~~~
kernel/ipc/../include/types.h:274:9: warning: ‘EPERM’ redefined
  274 | #define EPERM       (-1)
      |         ^~~~~
kernel/ipc/../include/types.h:130:9: note: this is the location of the previous definition
  130 | #define EPERM           (-14)
      |         ^~~~~
kernel/ipc/../include/types.h:275:9: warning: ‘ESRCH’ redefined
  275 | #define ESRCH       (-3)
      |         ^~~~~
kernel/ipc/../include/types.h:131:9: note: this is the location of the previous definition
  131 | #define ESRCH           (-15)
      |         ^~~~~
kernel/ipc/../include/types.h:276:9: warning: ‘EINTR’ redefined
  276 | #define EINTR       (-4)
      |         ^~~~~
kernel/ipc/../include/types.h:132:9: note: this is the location of the previous definition
  132 | #define EINTR           (-16)
      |         ^~~~~
kernel/ipc/../include/types.h:277:9: warning: ‘EIO’ redefined
  277 | #define EIO         (-5)
      |         ^~~
kernel/ipc/../include/types.h:123:9: note: this is the location of the previous definition
  123 | #define EIO             (-7)
      |         ^~~
kernel/ipc/../include/types.h:280:9: warning: ‘ENODEV’ redefined
  280 | #define ENODEV      (-19)
      |         ^~~~~~
kernel/ipc/../include/types.h:128:9: note: this is the location of the previous definition
  128 | #define ENODEV          (-12)
      |         ^~~~~~
kernel/ipc/../include/types.h:285:9: warning: ‘EPIPE’ redefined
  285 | #define EPIPE       (-32)
      |         ^~~~~
kernel/ipc/../include/types.h:136:9: note: this is the location of the previous definition
  136 | #define EPIPE           (-25)
      |         ^~~~~
kernel/ipc/../include/types.h:286:9: warning: ‘ETIMEDOUT’ redefined
  286 | #define ETIMEDOUT   (-110)
      |         ^~~~~~~~~
kernel/ipc/../include/types.h:124:9: note: this is the location of the previous definition
  124 | #define ETIMEDOUT       (-8)
      |         ^~~~~~~~~
kernel/ipc/../include/types.h:287:9: warning: ‘ENOSYS’ redefined
  287 | #define ENOSYS      (-38)
      |         ^~~~~~
kernel/ipc/../include/types.h:125:9: note: this is the location of the previous definition
  125 | #define ENOSYS          (-9)
      |         ^~~~~~
kernel/ipc/../include/kernel.h:33:9: warning: ‘PAGE_SIZE_4K’ redefined
   33 | #define PAGE_SIZE_4K            0x1000
      |         ^~~~~~~~~~~~
kernel/ipc/../include/types.h:87:9: note: this is the location of the previous definition
   87 | #define PAGE_SIZE_4K    (1ULL << PAGE_SHIFT_4K)
      |         ^~~~~~~~~~~~
kernel/ipc/../include/kernel.h:101:9: warning: ‘offsetof’ redefined
  101 | #define offsetof(type, member) ((size_t)&((type *)0)->member)
      |         ^~~~~~~~
In file included from kernel/ipc/../include/types.h:10:
/usr/lib/gcc/x86_64-linux-gnu/15/include/stddef.h:431:9: note: this is the location of the previous definition
  431 | #define offsetof(TYPE, MEMBER) __builtin_offsetof (TYPE, MEMBER)
      |         ^~~~~~~~
In file included from kernel/ipc/ipc.h:10:
kernel/ipc/../sync/sync.h:440:9: warning: ‘barrier’ redefined
  440 | #define barrier() __asm__ __volatile__ ("" ::: "memory")
      |         ^~~~~~~
kernel/ipc/../include/kernel.h:91:9: note: this is the location of the previous definition
   91 | #define barrier()               __asm__ __volatile__("" ::: "memory")
      |         ^~~~~~~
kernel/ipc/ipc.h:420:50: warning: ‘struct vm_fault’ declared inside parameter list will not be visible outside of this definition or declaration
  420 | int shm_fault(struct vm_area_struct *vma, struct vm_fault *vmf);
      |                                                  ^~~~~~~~
kernel/ipc/pipe.c:747:13: warning: ‘ipc_pipe_global_stats’ defined but not used [-Wunused-function]
  747 | static void ipc_pipe_global_stats(void)
      |             ^~~~~~~~~~~~~~~~~~~~~
  [CC]    kernel/ipc/mutex.c
cc1: warning: command-line option ‘-fno-rtti’ is valid for C++/D/ObjC++ but not for C
In file included from kernel/ipc/../include/kernel.h:11,
                 from kernel/ipc/ipc.h:9,
                 from kernel/ipc/mutex.c:6:
kernel/ipc/../include/types.h:270:9: warning: ‘ENOMEM’ redefined
  270 | #define ENOMEM      (-12)
      |         ^~~~~~
kernel/ipc/../include/types.h:118:9: note: this is the location of the previous definition
  118 | #define ENOMEM          (-2)
      |         ^~~~~~
kernel/ipc/../include/types.h:271:9: warning: ‘EINVAL’ redefined
  271 | #define EINVAL      (-22)
      |         ^~~~~~
kernel/ipc/../include/types.h:119:9: note: this is the location of the previous definition
  119 | #define EINVAL          (-3)
      |         ^~~~~~
kernel/ipc/../include/types.h:272:9: warning: ‘EFAULT’ redefined
  272 | #define EFAULT      (-14)
      |         ^~~~~~
kernel/ipc/../include/types.h:133:9: note: this is the location of the previous definition
  133 | #define EFAULT          (-17)
      |         ^~~~~~
kernel/ipc/../include/types.h:273:9: warning: ‘EACCES’ redefined
  273 | #define EACCES      (-13)
      |         ^~~~~~
kernel/ipc/../include/types.h:122:9: note: this is the location of the previous definition
  122 | #define EACCES          (-6)
      |         ^~~~~~
kernel/ipc/../include/types.h:274:9: warning: ‘EPERM’ redefined
  274 | #define EPERM       (-1)
      |         ^~~~~
kernel/ipc/../include/types.h:130:9: note: this is the location of the previous definition
  130 | #define EPERM           (-14)
      |         ^~~~~
kernel/ipc/../include/types.h:275:9: warning: ‘ESRCH’ redefined
  275 | #define ESRCH       (-3)
      |         ^~~~~
kernel/ipc/../include/types.h:131:9: note: this is the location of the previous definition
  131 | #define ESRCH           (-15)
      |         ^~~~~
kernel/ipc/../include/types.h:276:9: warning: ‘EINTR’ redefined
  276 | #define EINTR       (-4)
      |         ^~~~~
kernel/ipc/../include/types.h:132:9: note: this is the location of the previous definition
  132 | #define EINTR           (-16)
      |         ^~~~~
kernel/ipc/../include/types.h:277:9: warning: ‘EIO’ redefined
  277 | #define EIO         (-5)
      |         ^~~
kernel/ipc/../include/types.h:123:9: note: this is the location of the previous definition
  123 | #define EIO             (-7)
      |         ^~~
kernel/ipc/../include/types.h:280:9: warning: ‘ENODEV’ redefined
  280 | #define ENODEV      (-19)
      |         ^~~~~~
kernel/ipc/../include/types.h:128:9: note: this is the location of the previous definition
  128 | #define ENODEV          (-12)
      |         ^~~~~~
kernel/ipc/../include/types.h:285:9: warning: ‘EPIPE’ redefined
  285 | #define EPIPE       (-32)
      |         ^~~~~
kernel/ipc/../include/types.h:136:9: note: this is the location of the previous definition
  136 | #define EPIPE           (-25)
      |         ^~~~~
kernel/ipc/../include/types.h:286:9: warning: ‘ETIMEDOUT’ redefined
  286 | #define ETIMEDOUT   (-110)
      |         ^~~~~~~~~
kernel/ipc/../include/types.h:124:9: note: this is the location of the previous definition
  124 | #define ETIMEDOUT       (-8)
      |         ^~~~~~~~~
kernel/ipc/../include/types.h:287:9: warning: ‘ENOSYS’ redefined
  287 | #define ENOSYS      (-38)
      |         ^~~~~~
kernel/ipc/../include/types.h:125:9: note: this is the location of the previous definition
  125 | #define ENOSYS          (-9)
      |         ^~~~~~
kernel/ipc/../include/kernel.h:33:9: warning: ‘PAGE_SIZE_4K’ redefined
   33 | #define PAGE_SIZE_4K            0x1000
      |         ^~~~~~~~~~~~
kernel/ipc/../include/types.h:87:9: note: this is the location of the previous definition
   87 | #define PAGE_SIZE_4K    (1ULL << PAGE_SHIFT_4K)
      |         ^~~~~~~~~~~~
kernel/ipc/../include/kernel.h:101:9: warning: ‘offsetof’ redefined
  101 | #define offsetof(type, member) ((size_t)&((type *)0)->member)
      |         ^~~~~~~~
In file included from kernel/ipc/../include/types.h:10:
/usr/lib/gcc/x86_64-linux-gnu/15/include/stddef.h:431:9: note: this is the location of the previous definition
  431 | #define offsetof(TYPE, MEMBER) __builtin_offsetof (TYPE, MEMBER)
      |         ^~~~~~~~
In file included from kernel/ipc/ipc.h:10:
kernel/ipc/../sync/sync.h:440:9: warning: ‘barrier’ redefined
  440 | #define barrier() __asm__ __volatile__ ("" ::: "memory")
      |         ^~~~~~~
kernel/ipc/../include/kernel.h:91:9: note: this is the location of the previous definition
   91 | #define barrier()               __asm__ __volatile__("" ::: "memory")
      |         ^~~~~~~
kernel/ipc/ipc.h:420:50: warning: ‘struct vm_fault’ declared inside parameter list will not be visible outside of this definition or declaration
  420 | int shm_fault(struct vm_area_struct *vma, struct vm_fault *vmf);
      |                                                  ^~~~~~~~
kernel/ipc/mutex.c: In function ‘mutex_init_locked’:
kernel/ipc/mutex.c:114:20: error: ‘current’ undeclared (first use in this function)
  114 |     mutex->owner = current;
      |                    ^~~~~~~
kernel/ipc/mutex.c:114:20: note: each undeclared identifier is reported only once for each function it appears in
kernel/ipc/mutex.c: In function ‘mutex_lock_slowpath’:
kernel/ipc/mutex.c:199:12: error: ‘current’ undeclared (first use in this function)
  199 |     task = current;
      |            ^~~~~~~
kernel/ipc/mutex.c: In function ‘mutex_lock’:
kernel/ipc/mutex.c:278:24: error: ‘current’ undeclared (first use in this function)
  278 |         mutex->owner = current;
      |                        ^~~~~~~
kernel/ipc/mutex.c: In function ‘mutex_lock_interruptible’:
kernel/ipc/mutex.c:308:24: error: ‘current’ undeclared (first use in this function)
  308 |         mutex->owner = current;
      |                        ^~~~~~~
kernel/ipc/mutex.c: In function ‘mutex_trylock’:
kernel/ipc/mutex.c:346:24: error: ‘current’ undeclared (first use in this function)
  346 |         mutex->owner = current;
      |                        ^~~~~~~
kernel/ipc/mutex.c: In function ‘mutex_unlock_slowpath’:
kernel/ipc/mutex.c:371:54: error: expected expression before ‘struct’
  371 |         waiter = list_first_entry(&mutex->wait_list, struct mutex_waiter, list);
      |                                                      ^~~~~~
kernel/ipc/mutex.c: In function ‘mutex_unlock’:
kernel/ipc/mutex.c:394:25: error: ‘current’ undeclared (first use in this function)
  394 |     if (mutex->owner != current) {
      |                         ^~~~~~~
kernel/ipc/mutex.c: In function ‘mutex_unlock_recursive’:
kernel/ipc/mutex.c:483:25: error: ‘current’ undeclared (first use in this function)
  483 |     if (mutex->owner != current) {
      |                         ^~~~~~~
kernel/ipc/mutex.c: In function ‘mutex_lock_adaptive’:
kernel/ipc/mutex.c:528:24: error: ‘current’ undeclared (first use in this function)
  528 |         mutex->owner = current;
      |                        ^~~~~~~
kernel/ipc/mutex.c: At top level:
kernel/ipc/mutex.c:633:13: warning: ‘mutex_global_stats’ defined but not used [-Wunused-function]
  633 | static void mutex_global_stats(void)
      |             ^~~~~~~~~~~~~~~~~~
  [WARN] Compilation warnings
  [CC]    kernel/ipc/semaphore.c
cc1: warning: command-line option ‘-fno-rtti’ is valid for C++/D/ObjC++ but not for C
In file included from kernel/ipc/../include/kernel.h:11,
                 from kernel/ipc/ipc.h:9,
                 from kernel/ipc/semaphore.c:6:
kernel/ipc/../include/types.h:270:9: warning: ‘ENOMEM’ redefined
  270 | #define ENOMEM      (-12)
      |         ^~~~~~
kernel/ipc/../include/types.h:118:9: note: this is the location of the previous definition
  118 | #define ENOMEM          (-2)
      |         ^~~~~~
kernel/ipc/../include/types.h:271:9: warning: ‘EINVAL’ redefined
  271 | #define EINVAL      (-22)
      |         ^~~~~~
kernel/ipc/../include/types.h:119:9: note: this is the location of the previous definition
  119 | #define EINVAL          (-3)
      |         ^~~~~~
kernel/ipc/../include/types.h:272:9: warning: ‘EFAULT’ redefined
  272 | #define EFAULT      (-14)
      |         ^~~~~~
kernel/ipc/../include/types.h:133:9: note: this is the location of the previous definition
  133 | #define EFAULT          (-17)
      |         ^~~~~~
kernel/ipc/../include/types.h:273:9: warning: ‘EACCES’ redefined
  273 | #define EACCES      (-13)
      |         ^~~~~~
kernel/ipc/../include/types.h:122:9: note: this is the location of the previous definition
  122 | #define EACCES          (-6)
      |         ^~~~~~
kernel/ipc/../include/types.h:274:9: warning: ‘EPERM’ redefined
  274 | #define EPERM       (-1)
      |         ^~~~~
kernel/ipc/../include/types.h:130:9: note: this is the location of the previous definition
  130 | #define EPERM           (-14)
      |         ^~~~~
kernel/ipc/../include/types.h:275:9: warning: ‘ESRCH’ redefined
  275 | #define ESRCH       (-3)
      |         ^~~~~
kernel/ipc/../include/types.h:131:9: note: this is the location of the previous definition
  131 | #define ESRCH           (-15)
      |         ^~~~~
kernel/ipc/../include/types.h:276:9: warning: ‘EINTR’ redefined
  276 | #define EINTR       (-4)
      |         ^~~~~
kernel/ipc/../include/types.h:132:9: note: this is the location of the previous definition
  132 | #define EINTR           (-16)
      |         ^~~~~
kernel/ipc/../include/types.h:277:9: warning: ‘EIO’ redefined
  277 | #define EIO         (-5)
      |         ^~~
kernel/ipc/../include/types.h:123:9: note: this is the location of the previous definition
  123 | #define EIO             (-7)
      |         ^~~
kernel/ipc/../include/types.h:280:9: warning: ‘ENODEV’ redefined
  280 | #define ENODEV      (-19)
      |         ^~~~~~
kernel/ipc/../include/types.h:128:9: note: this is the location of the previous definition
  128 | #define ENODEV          (-12)
      |         ^~~~~~
kernel/ipc/../include/types.h:285:9: warning: ‘EPIPE’ redefined
  285 | #define EPIPE       (-32)
      |         ^~~~~
kernel/ipc/../include/types.h:136:9: note: this is the location of the previous definition
  136 | #define EPIPE           (-25)
      |         ^~~~~
kernel/ipc/../include/types.h:286:9: warning: ‘ETIMEDOUT’ redefined
  286 | #define ETIMEDOUT   (-110)
      |         ^~~~~~~~~
kernel/ipc/../include/types.h:124:9: note: this is the location of the previous definition
  124 | #define ETIMEDOUT       (-8)
      |         ^~~~~~~~~
kernel/ipc/../include/types.h:287:9: warning: ‘ENOSYS’ redefined
  287 | #define ENOSYS      (-38)
      |         ^~~~~~
kernel/ipc/../include/types.h:125:9: note: this is the location of the previous definition
  125 | #define ENOSYS          (-9)
      |         ^~~~~~
kernel/ipc/../include/kernel.h:33:9: warning: ‘PAGE_SIZE_4K’ redefined
   33 | #define PAGE_SIZE_4K            0x1000
      |         ^~~~~~~~~~~~
kernel/ipc/../include/types.h:87:9: note: this is the location of the previous definition
   87 | #define PAGE_SIZE_4K    (1ULL << PAGE_SHIFT_4K)
      |         ^~~~~~~~~~~~
kernel/ipc/../include/kernel.h:101:9: warning: ‘offsetof’ redefined
  101 | #define offsetof(type, member) ((size_t)&((type *)0)->member)
      |         ^~~~~~~~
In file included from kernel/ipc/../include/types.h:10:
/usr/lib/gcc/x86_64-linux-gnu/15/include/stddef.h:431:9: note: this is the location of the previous definition
  431 | #define offsetof(TYPE, MEMBER) __builtin_offsetof (TYPE, MEMBER)
      |         ^~~~~~~~
In file included from kernel/ipc/ipc.h:10:
kernel/ipc/../sync/sync.h:440:9: warning: ‘barrier’ redefined
  440 | #define barrier() __asm__ __volatile__ ("" ::: "memory")
      |         ^~~~~~~
kernel/ipc/../include/kernel.h:91:9: note: this is the location of the previous definition
   91 | #define barrier()               __asm__ __volatile__("" ::: "memory")
      |         ^~~~~~~
kernel/ipc/ipc.h:420:50: warning: ‘struct vm_fault’ declared inside parameter list will not be visible outside of this definition or declaration
  420 | int shm_fault(struct vm_area_struct *vma, struct vm_fault *vmf);
      |                                                  ^~~~~~~~
kernel/ipc/semaphore.c: In function ‘sem_undo_alloc’:
kernel/ipc/semaphore.c:376:20: error: passing argument 1 of ‘INIT_LIST_HEAD’ from incompatible pointer type [-Wincompatible-pointer-types]
  376 |     INIT_LIST_HEAD(&un->next_id);
      |                    ^~~~~~~~~~~~
      |                    |
      |                    struct sem_undo **
kernel/ipc/../include/kernel.h:107:53: note: expected ‘struct list_head *’ but argument is of type ‘struct sem_undo **’
  107 | static inline void INIT_LIST_HEAD(struct list_head *list) {
      |                                   ~~~~~~~~~~~~~~~~~~^~~~
kernel/ipc/semaphore.c:377:20: error: passing argument 1 of ‘INIT_LIST_HEAD’ from incompatible pointer type [-Wincompatible-pointer-types]
  377 |     INIT_LIST_HEAD(&un->prev_id);
      |                    ^~~~~~~~~~~~
      |                    |
      |                    struct sem_undo **
kernel/ipc/../include/kernel.h:107:53: note: expected ‘struct list_head *’ but argument is of type ‘struct sem_undo **’
  107 | static inline void INIT_LIST_HEAD(struct list_head *list) {
      |                                   ~~~~~~~~~~~~~~~~~~^~~~
kernel/ipc/semaphore.c: In function ‘sem_undo_exit’:
kernel/ipc/../include/kernel.h:98:49: error: initialization of ‘struct sem_undo * const*’ from incompatible pointer type ‘struct list_head *’ [-Wincompatible-pointer-types]
   98 |     const typeof(((type *)0)->member) *__mptr = (ptr);          \
      |                                                 ^
kernel/ipc/../include/kernel.h:135:39: note: in expansion of macro ‘container_of’
  135 | #define list_entry(ptr, type, member) container_of(ptr, type, member)
      |                                       ^~~~~~~~~~~~
kernel/ipc/../include/kernel.h:146:16: note: in expansion of macro ‘list_entry’
  146 |     for (pos = list_entry((head)->next, typeof(*pos), member), \
      |                ^~~~~~~~~~
kernel/ipc/semaphore.c:417:5: note: in expansion of macro ‘list_for_each_entry_safe’
  417 |     list_for_each_entry_safe(un, next, &sem_undo_global.undo_list, next_id) {
      |     ^~~~~~~~~~~~~~~~~~~~~~~~
kernel/ipc/../include/kernel.h:147:36: error: ‘un->next_id’ is a pointer; did you mean to use ‘->’?
  147 |          n = list_entry(pos->member.next, typeof(*pos), member); \
      |                                    ^
kernel/ipc/../include/kernel.h:98:50: note: in definition of macro ‘container_of’
   98 |     const typeof(((type *)0)->member) *__mptr = (ptr);          \
      |                                                  ^~~
kernel/ipc/../include/kernel.h:147:14: note: in expansion of macro ‘list_entry’
  147 |          n = list_entry(pos->member.next, typeof(*pos), member); \
      |              ^~~~~~~~~~
kernel/ipc/semaphore.c:417:5: note: in expansion of macro ‘list_for_each_entry_safe’
  417 |     list_for_each_entry_safe(un, next, &sem_undo_global.undo_list, next_id) {
      |     ^~~~~~~~~~~~~~~~~~~~~~~~
kernel/ipc/../include/kernel.h:148:23: warning: comparison of distinct pointer types lacks a cast [-Wcompare-distinct-pointer-types]
  148 |          &pos->member != (head); \
      |                       ^~
kernel/ipc/semaphore.c:417:5: note: in expansion of macro ‘list_for_each_entry_safe’
  417 |     list_for_each_entry_safe(un, next, &sem_undo_global.undo_list, next_id) {
      |     ^~~~~~~~~~~~~~~~~~~~~~~~
kernel/ipc/../include/kernel.h:149:43: error: ‘next->next_id’ is a pointer; did you mean to use ‘->’?
  149 |          pos = n, n = list_entry(n->member.next, typeof(*pos), member))
      |                                           ^
kernel/ipc/../include/kernel.h:98:50: note: in definition of macro ‘container_of’
   98 |     const typeof(((type *)0)->member) *__mptr = (ptr);          \
      |                                                  ^~~
kernel/ipc/../include/kernel.h:149:23: note: in expansion of macro ‘list_entry’
  149 |          pos = n, n = list_entry(n->member.next, typeof(*pos), member))
      |                       ^~~~~~~~~~
kernel/ipc/semaphore.c:417:5: note: in expansion of macro ‘list_for_each_entry_safe’
  417 |     list_for_each_entry_safe(un, next, &sem_undo_global.undo_list, next_id) {
      |     ^~~~~~~~~~~~~~~~~~~~~~~~
kernel/ipc/semaphore.c:438:18: error: passing argument 1 of ‘list_del’ from incompatible pointer type [-Wincompatible-pointer-types]
  438 |         list_del(&un->next_id);
      |                  ^~~~~~~~~~~~
      |                  |
      |                  struct sem_undo **
kernel/ipc/../include/kernel.h:126:47: note: expected ‘struct list_head *’ but argument is of type ‘struct sem_undo **’
  126 | static inline void list_del(struct list_head *entry) {
      |                             ~~~~~~~~~~~~~~~~~~^~~~~
kernel/ipc/semaphore.c: In function ‘semop_single’:
kernel/ipc/semaphore.c:476:17: warning: comparison is always false due to limited range of data type [-Wtype-limits]
  476 |     if (new_val > SEMVMX || new_val < -SEMVMX) {
      |                 ^
kernel/ipc/semaphore.c:505:19: error: ‘current’ undeclared (first use in this function)
  505 |     sem->sempid = current ? current->pid : 0;
      |                   ^~~~~~~
kernel/ipc/semaphore.c:505:19: note: each undeclared identifier is reported only once for each function it appears in
kernel/ipc/semaphore.c: In function ‘semctl’:
kernel/ipc/semaphore.c:695:16: error: incompatible types when assigning to type ‘struct semid_ds’ from type ‘struct ipc_perm’
  695 |         *buf = sma->sem_perm;
      |                ^~~
kernel/ipc/semaphore.c:707:33: error: ‘struct semid_ds’ has no member named ‘mode’
  707 |         sma->sem_perm.mode = buf->mode;
      |                                 ^~
kernel/ipc/semaphore.c:708:32: error: ‘struct semid_ds’ has no member named ‘uid’
  708 |         sma->sem_perm.uid = buf->uid;
      |                                ^~
kernel/ipc/semaphore.c:709:32: error: ‘struct semid_ds’ has no member named ‘gid’
  709 |         sma->sem_perm.gid = buf->gid;
      |                                ^~
kernel/ipc/semaphore.c:808:5: error: duplicate case value
  808 |     case IPC_INFO:
      |     ^~~~
kernel/ipc/semaphore.c:721:5: note: previously used here
  721 |     case GETVAL:
      |     ^~~~
kernel/ipc/semaphore.c:809:10: error: ‘SEM_INFO’ undeclared (first use in this function); did you mean ‘SEM_UNDO’?
  809 |     case SEM_INFO:
      |          ^~~~~~~~
      |          SEM_UNDO
  [WARN] Compilation warnings
  [CC]    kernel/ipc/message_queue.c
cc1: warning: command-line option ‘-fno-rtti’ is valid for C++/D/ObjC++ but not for C
In file included from kernel/ipc/../include/kernel.h:11,
                 from kernel/ipc/ipc.h:9,
                 from kernel/ipc/message_queue.c:6:
kernel/ipc/../include/types.h:270:9: warning: ‘ENOMEM’ redefined
  270 | #define ENOMEM      (-12)
      |         ^~~~~~
kernel/ipc/../include/types.h:118:9: note: this is the location of the previous definition
  118 | #define ENOMEM          (-2)
      |         ^~~~~~
kernel/ipc/../include/types.h:271:9: warning: ‘EINVAL’ redefined
  271 | #define EINVAL      (-22)
      |         ^~~~~~
kernel/ipc/../include/types.h:119:9: note: this is the location of the previous definition
  119 | #define EINVAL          (-3)
      |         ^~~~~~
kernel/ipc/../include/types.h:272:9: warning: ‘EFAULT’ redefined
  272 | #define EFAULT      (-14)
      |         ^~~~~~
kernel/ipc/../include/types.h:133:9: note: this is the location of the previous definition
  133 | #define EFAULT          (-17)
      |         ^~~~~~
kernel/ipc/../include/types.h:273:9: warning: ‘EACCES’ redefined
  273 | #define EACCES      (-13)
      |         ^~~~~~
kernel/ipc/../include/types.h:122:9: note: this is the location of the previous definition
  122 | #define EACCES          (-6)
      |         ^~~~~~
kernel/ipc/../include/types.h:274:9: warning: ‘EPERM’ redefined
  274 | #define EPERM       (-1)
      |         ^~~~~
kernel/ipc/../include/types.h:130:9: note: this is the location of the previous definition
  130 | #define EPERM           (-14)
      |         ^~~~~
kernel/ipc/../include/types.h:275:9: warning: ‘ESRCH’ redefined
  275 | #define ESRCH       (-3)
      |         ^~~~~
kernel/ipc/../include/types.h:131:9: note: this is the location of the previous definition
  131 | #define ESRCH           (-15)
      |         ^~~~~
kernel/ipc/../include/types.h:276:9: warning: ‘EINTR’ redefined
  276 | #define EINTR       (-4)
      |         ^~~~~
kernel/ipc/../include/types.h:132:9: note: this is the location of the previous definition
  132 | #define EINTR           (-16)
      |         ^~~~~
kernel/ipc/../include/types.h:277:9: warning: ‘EIO’ redefined
  277 | #define EIO         (-5)
      |         ^~~
kernel/ipc/../include/types.h:123:9: note: this is the location of the previous definition
  123 | #define EIO             (-7)
      |         ^~~
kernel/ipc/../include/types.h:280:9: warning: ‘ENODEV’ redefined
  280 | #define ENODEV      (-19)
      |         ^~~~~~
kernel/ipc/../include/types.h:128:9: note: this is the location of the previous definition
  128 | #define ENODEV          (-12)
      |         ^~~~~~
kernel/ipc/../include/types.h:285:9: warning: ‘EPIPE’ redefined
  285 | #define EPIPE       (-32)
      |         ^~~~~
kernel/ipc/../include/types.h:136:9: note: this is the location of the previous definition
  136 | #define EPIPE           (-25)
      |         ^~~~~
kernel/ipc/../include/types.h:286:9: warning: ‘ETIMEDOUT’ redefined
  286 | #define ETIMEDOUT   (-110)
      |         ^~~~~~~~~
kernel/ipc/../include/types.h:124:9: note: this is the location of the previous definition
  124 | #define ETIMEDOUT       (-8)
      |         ^~~~~~~~~
kernel/ipc/../include/types.h:287:9: warning: ‘ENOSYS’ redefined
  287 | #define ENOSYS      (-38)
      |         ^~~~~~
kernel/ipc/../include/types.h:125:9: note: this is the location of the previous definition
  125 | #define ENOSYS          (-9)
      |         ^~~~~~
kernel/ipc/../include/kernel.h:33:9: warning: ‘PAGE_SIZE_4K’ redefined
   33 | #define PAGE_SIZE_4K            0x1000
      |         ^~~~~~~~~~~~
kernel/ipc/../include/types.h:87:9: note: this is the location of the previous definition
   87 | #define PAGE_SIZE_4K    (1ULL << PAGE_SHIFT_4K)
      |         ^~~~~~~~~~~~
kernel/ipc/../include/kernel.h:101:9: warning: ‘offsetof’ redefined
  101 | #define offsetof(type, member) ((size_t)&((type *)0)->member)
      |         ^~~~~~~~
In file included from kernel/ipc/../include/types.h:10:
/usr/lib/gcc/x86_64-linux-gnu/15/include/stddef.h:431:9: note: this is the location of the previous definition
  431 | #define offsetof(TYPE, MEMBER) __builtin_offsetof (TYPE, MEMBER)
      |         ^~~~~~~~
In file included from kernel/ipc/ipc.h:10:
kernel/ipc/../sync/sync.h:440:9: warning: ‘barrier’ redefined
  440 | #define barrier() __asm__ __volatile__ ("" ::: "memory")
      |         ^~~~~~~
kernel/ipc/../include/kernel.h:91:9: note: this is the location of the previous definition
   91 | #define barrier()               __asm__ __volatile__("" ::: "memory")
      |         ^~~~~~~
kernel/ipc/ipc.h:420:50: warning: ‘struct vm_fault’ declared inside parameter list will not be visible outside of this definition or declaration
  420 | int shm_fault(struct vm_area_struct *vma, struct vm_fault *vmf);
      |                                                  ^~~~~~~~
kernel/ipc/message_queue.c: In function ‘msgq_hash_insert’:
kernel/ipc/message_queue.c:89:14: error: passing argument 1 of ‘list_add’ from incompatible pointer type [-Wincompatible-pointer-types]
   89 |     list_add(&msq->msg_perm.key, &msgq_key_hash[hash]);
      |              ^~~~~~~~~~~~~~~~~~
      |              |
      |              key_t * {aka int *}
kernel/ipc/../include/kernel.h:112:47: note: expected ‘struct list_head *’ but argument is of type ‘key_t *’ {aka ‘int *’}
  112 | static inline void list_add(struct list_head *new, struct list_head *head) {
      |                             ~~~~~~~~~~~~~~~~~~^~~
kernel/ipc/message_queue.c: In function ‘msgq_hash_remove’:
kernel/ipc/message_queue.c:102:14: error: passing argument 1 of ‘list_del’ from incompatible pointer type [-Wincompatible-pointer-types]
  102 |     list_del(&msq->msg_perm.key);
      |              ^~~~~~~~~~~~~~~~~~
      |              |
      |              key_t * {aka int *}
kernel/ipc/../include/kernel.h:126:47: note: expected ‘struct list_head *’ but argument is of type ‘key_t *’ {aka ‘int *’}
  126 | static inline void list_del(struct list_head *entry) {
      |                             ~~~~~~~~~~~~~~~~~~^~~~~
kernel/ipc/message_queue.c:103:20: error: passing argument 1 of ‘INIT_LIST_HEAD’ from incompatible pointer type [-Wincompatible-pointer-types]
  103 |     INIT_LIST_HEAD(&msq->msg_perm.key);
      |                    ^~~~~~~~~~~~~~~~~~
      |                    |
      |                    key_t * {aka int *}
kernel/ipc/../include/kernel.h:107:53: note: expected ‘struct list_head *’ but argument is of type ‘key_t *’ {aka ‘int *’}
  107 | static inline void INIT_LIST_HEAD(struct list_head *list) {
      |                                   ~~~~~~~~~~~~~~~~~~^~~~
kernel/ipc/message_queue.c: In function ‘msgq_hash_find’:
kernel/ipc/../include/kernel.h:98:49: error: initialization of ‘const key_t *’ {aka ‘const int *’} from incompatible pointer type ‘struct list_head *’ [-Wincompatible-pointer-types]
   98 |     const typeof(((type *)0)->member) *__mptr = (ptr);          \
      |                                                 ^
kernel/ipc/../include/kernel.h:135:39: note: in expansion of macro ‘container_of’
  135 | #define list_entry(ptr, type, member) container_of(ptr, type, member)
      |                                       ^~~~~~~~~~~~
kernel/ipc/../include/kernel.h:141:16: note: in expansion of macro ‘list_entry’
  141 |     for (pos = list_entry((head)->next, typeof(*pos), member); \
      |                ^~~~~~~~~~
kernel/ipc/message_queue.c:123:5: note: in expansion of macro ‘list_for_each_entry’
  123 |     list_for_each_entry(msq, &msgq_key_hash[hash], msg_perm.key) {
      |     ^~~~~~~~~~~~~~~~~~~
kernel/ipc/../include/kernel.h:142:23: warning: comparison of distinct pointer types lacks a cast [-Wcompare-distinct-pointer-types]
  142 |          &pos->member != (head); \
      |                       ^~
kernel/ipc/message_queue.c:123:5: note: in expansion of macro ‘list_for_each_entry’
  123 |     list_for_each_entry(msq, &msgq_key_hash[hash], msg_perm.key) {
      |     ^~~~~~~~~~~~~~~~~~~
kernel/ipc/../include/kernel.h:143:38: error: request for member ‘next’ in something not a structure or union
  143 |          pos = list_entry(pos->member.next, typeof(*pos), member))
      |                                      ^
kernel/ipc/../include/kernel.h:98:50: note: in definition of macro ‘container_of’
   98 |     const typeof(((type *)0)->member) *__mptr = (ptr);          \
      |                                                  ^~~
kernel/ipc/../include/kernel.h:143:16: note: in expansion of macro ‘list_entry’
  143 |          pos = list_entry(pos->member.next, typeof(*pos), member))
      |                ^~~~~~~~~~
kernel/ipc/message_queue.c:123:5: note: in expansion of macro ‘list_for_each_entry’
  123 |     list_for_each_entry(msq, &msgq_key_hash[hash], msg_perm.key) {
      |     ^~~~~~~~~~~~~~~~~~~
kernel/ipc/message_queue.c: In function ‘msgq_alloc’:
kernel/ipc/message_queue.c:296:14: error: passing argument 1 of ‘list_add’ from incompatible pointer type [-Wincompatible-pointer-types]
  296 |     list_add(&msq->msg_perm.key, &msgq_global.msgq_list);
      |              ^~~~~~~~~~~~~~~~~~
      |              |
      |              key_t * {aka int *}
kernel/ipc/../include/kernel.h:112:47: note: expected ‘struct list_head *’ but argument is of type ‘key_t *’ {aka ‘int *’}
  112 | static inline void list_add(struct list_head *new, struct list_head *head) {
      |                             ~~~~~~~~~~~~~~~~~~^~~
kernel/ipc/message_queue.c: In function ‘msgq_free’:
kernel/ipc/message_queue.c:350:14: error: passing argument 1 of ‘list_del’ from incompatible pointer type [-Wincompatible-pointer-types]
  350 |     list_del(&msq->msg_perm.key);
      |              ^~~~~~~~~~~~~~~~~~
      |              |
      |              key_t * {aka int *}
kernel/ipc/../include/kernel.h:126:47: note: expected ‘struct list_head *’ but argument is of type ‘key_t *’ {aka ‘int *’}
  126 | static inline void list_del(struct list_head *entry) {
      |                             ~~~~~~~~~~~~~~~~~~^~~~~
kernel/ipc/message_queue.c: In function ‘msg_send’:
kernel/ipc/message_queue.c:477:22: error: ‘current’ undeclared (first use in this function)
  477 |     msq->msg_lspid = current ? current->pid : 0;
      |                      ^~~~~~~
kernel/ipc/message_queue.c:477:22: note: each undeclared identifier is reported only once for each function it appears in
kernel/ipc/message_queue.c: In function ‘msg_recv’:
kernel/ipc/message_queue.c:564:22: error: ‘current’ undeclared (first use in this function)
  564 |     msq->msg_lrpid = current ? current->pid : 0;
      |                      ^~~~~~~
  [WARN] Compilation warnings
  [CC]    kernel/ipc/shm.c
cc1: warning: command-line option ‘-fno-rtti’ is valid for C++/D/ObjC++ but not for C
In file included from kernel/ipc/../include/kernel.h:11,
                 from kernel/ipc/ipc.h:9,
                 from kernel/ipc/shm.c:6:
kernel/ipc/../include/types.h:270:9: warning: ‘ENOMEM’ redefined
  270 | #define ENOMEM      (-12)
      |         ^~~~~~
kernel/ipc/../include/types.h:118:9: note: this is the location of the previous definition
  118 | #define ENOMEM          (-2)
      |         ^~~~~~
kernel/ipc/../include/types.h:271:9: warning: ‘EINVAL’ redefined
  271 | #define EINVAL      (-22)
      |         ^~~~~~
kernel/ipc/../include/types.h:119:9: note: this is the location of the previous definition
  119 | #define EINVAL          (-3)
      |         ^~~~~~
kernel/ipc/../include/types.h:272:9: warning: ‘EFAULT’ redefined
  272 | #define EFAULT      (-14)
      |         ^~~~~~
kernel/ipc/../include/types.h:133:9: note: this is the location of the previous definition
  133 | #define EFAULT          (-17)
      |         ^~~~~~
kernel/ipc/../include/types.h:273:9: warning: ‘EACCES’ redefined
  273 | #define EACCES      (-13)
      |         ^~~~~~
kernel/ipc/../include/types.h:122:9: note: this is the location of the previous definition
  122 | #define EACCES          (-6)
      |         ^~~~~~
kernel/ipc/../include/types.h:274:9: warning: ‘EPERM’ redefined
  274 | #define EPERM       (-1)
      |         ^~~~~
kernel/ipc/../include/types.h:130:9: note: this is the location of the previous definition
  130 | #define EPERM           (-14)
      |         ^~~~~
kernel/ipc/../include/types.h:275:9: warning: ‘ESRCH’ redefined
  275 | #define ESRCH       (-3)
      |         ^~~~~
kernel/ipc/../include/types.h:131:9: note: this is the location of the previous definition
  131 | #define ESRCH           (-15)
      |         ^~~~~
kernel/ipc/../include/types.h:276:9: warning: ‘EINTR’ redefined
  276 | #define EINTR       (-4)
      |         ^~~~~
kernel/ipc/../include/types.h:132:9: note: this is the location of the previous definition
  132 | #define EINTR           (-16)
      |         ^~~~~
kernel/ipc/../include/types.h:277:9: warning: ‘EIO’ redefined
  277 | #define EIO         (-5)
      |         ^~~
kernel/ipc/../include/types.h:123:9: note: this is the location of the previous definition
  123 | #define EIO             (-7)
      |         ^~~
kernel/ipc/../include/types.h:280:9: warning: ‘ENODEV’ redefined
  280 | #define ENODEV      (-19)
      |         ^~~~~~
kernel/ipc/../include/types.h:128:9: note: this is the location of the previous definition
  128 | #define ENODEV          (-12)
      |         ^~~~~~
kernel/ipc/../include/types.h:285:9: warning: ‘EPIPE’ redefined
  285 | #define EPIPE       (-32)
      |         ^~~~~
kernel/ipc/../include/types.h:136:9: note: this is the location of the previous definition
  136 | #define EPIPE           (-25)
      |         ^~~~~
kernel/ipc/../include/types.h:286:9: warning: ‘ETIMEDOUT’ redefined
  286 | #define ETIMEDOUT   (-110)
      |         ^~~~~~~~~
kernel/ipc/../include/types.h:124:9: note: this is the location of the previous definition
  124 | #define ETIMEDOUT       (-8)
      |         ^~~~~~~~~
kernel/ipc/../include/types.h:287:9: warning: ‘ENOSYS’ redefined
  287 | #define ENOSYS      (-38)
      |         ^~~~~~
kernel/ipc/../include/types.h:125:9: note: this is the location of the previous definition
  125 | #define ENOSYS          (-9)
      |         ^~~~~~
kernel/ipc/../include/kernel.h:33:9: warning: ‘PAGE_SIZE_4K’ redefined
   33 | #define PAGE_SIZE_4K            0x1000
      |         ^~~~~~~~~~~~
kernel/ipc/../include/types.h:87:9: note: this is the location of the previous definition
   87 | #define PAGE_SIZE_4K    (1ULL << PAGE_SHIFT_4K)
      |         ^~~~~~~~~~~~
kernel/ipc/../include/kernel.h:101:9: warning: ‘offsetof’ redefined
  101 | #define offsetof(type, member) ((size_t)&((type *)0)->member)
      |         ^~~~~~~~
In file included from kernel/ipc/../include/types.h:10:
/usr/lib/gcc/x86_64-linux-gnu/15/include/stddef.h:431:9: note: this is the location of the previous definition
  431 | #define offsetof(TYPE, MEMBER) __builtin_offsetof (TYPE, MEMBER)
      |         ^~~~~~~~
In file included from kernel/ipc/ipc.h:10:
kernel/ipc/../sync/sync.h:440:9: warning: ‘barrier’ redefined
  440 | #define barrier() __asm__ __volatile__ ("" ::: "memory")
      |         ^~~~~~~
kernel/ipc/../include/kernel.h:91:9: note: this is the location of the previous definition
   91 | #define barrier()               __asm__ __volatile__("" ::: "memory")
      |         ^~~~~~~
kernel/ipc/ipc.h:420:50: warning: ‘struct vm_fault’ declared inside parameter list will not be visible outside of this definition or declaration
  420 | int shm_fault(struct vm_area_struct *vma, struct vm_fault *vmf);
      |                                                  ^~~~~~~~
kernel/ipc/shm.c: In function ‘shm_alloc_id’:
kernel/ipc/shm.c:142:9: warning: variable ‘start_id’ set but not used [-Wunused-but-set-variable]
  142 |     int start_id;
      |         ^~~~~~~~
kernel/ipc/shm.c: In function ‘shm_alloc’:
kernel/ipc/shm.c:237:12: warning: cast to pointer from integer of different size [-Wint-to-pointer-cast]
  237 |     addr = (void *)vmm_phys_to_virt(paddr);
      |            ^
kernel/ipc/shm.c:258:58: error: invalid use of undefined type ‘struct process’
  258 |     shp->shm_cpid = current_process() ? current_process()->pid : 0;
      |                                                          ^~
kernel/ipc/shm.c: In function ‘shmat’:
kernel/ipc/shm.c:444:58: error: invalid use of undefined type ‘struct process’
  444 |     shp->shm_lpid = current_process() ? current_process()->pid : 0;
      |                                                          ^~
kernel/ipc/shm.c: At top level:
kernel/ipc/shm.c:621:50: warning: ‘struct vm_fault’ declared inside parameter list will not be visible outside of this definition or declaration
  621 | int shm_fault(struct vm_area_struct *vma, struct vm_fault *vmf)
      |                                                  ^~~~~~~~
kernel/ipc/shm.c:621:5: error: conflicting types for ‘shm_fault’; have ‘int(struct vm_area_struct *, struct vm_fault *)’
  621 | int shm_fault(struct vm_area_struct *vma, struct vm_fault *vmf)
      |     ^~~~~~~~~
kernel/ipc/ipc.h:420:5: note: previous declaration of ‘shm_fault’ with type ‘int(struct vm_area_struct *, struct vm_fault *)’
  420 | int shm_fault(struct vm_area_struct *vma, struct vm_fault *vmf);
      |     ^~~~~~~~~
  [WARN] Compilation warnings
  [CC]    kernel/mm/pmm.c
cc1: warning: command-line option ‘-fno-rtti’ is valid for C++/D/ObjC++ but not for C
In file included from kernel/mm/../include/kernel.h:11,
                 from kernel/mm/pmm.c:6:
kernel/mm/../include/types.h:270:9: warning: ‘ENOMEM’ redefined
  270 | #define ENOMEM      (-12)
      |         ^~~~~~
kernel/mm/../include/types.h:118:9: note: this is the location of the previous definition
  118 | #define ENOMEM          (-2)
      |         ^~~~~~
kernel/mm/../include/types.h:271:9: warning: ‘EINVAL’ redefined
  271 | #define EINVAL      (-22)
      |         ^~~~~~
kernel/mm/../include/types.h:119:9: note: this is the location of the previous definition
  119 | #define EINVAL          (-3)
      |         ^~~~~~
kernel/mm/../include/types.h:272:9: warning: ‘EFAULT’ redefined
  272 | #define EFAULT      (-14)
      |         ^~~~~~
kernel/mm/../include/types.h:133:9: note: this is the location of the previous definition
  133 | #define EFAULT          (-17)
      |         ^~~~~~
kernel/mm/../include/types.h:273:9: warning: ‘EACCES’ redefined
  273 | #define EACCES      (-13)
      |         ^~~~~~
kernel/mm/../include/types.h:122:9: note: this is the location of the previous definition
  122 | #define EACCES          (-6)
      |         ^~~~~~
kernel/mm/../include/types.h:274:9: warning: ‘EPERM’ redefined
  274 | #define EPERM       (-1)
      |         ^~~~~
kernel/mm/../include/types.h:130:9: note: this is the location of the previous definition
  130 | #define EPERM           (-14)
      |         ^~~~~
kernel/mm/../include/types.h:275:9: warning: ‘ESRCH’ redefined
  275 | #define ESRCH       (-3)
      |         ^~~~~
kernel/mm/../include/types.h:131:9: note: this is the location of the previous definition
  131 | #define ESRCH           (-15)
      |         ^~~~~
kernel/mm/../include/types.h:276:9: warning: ‘EINTR’ redefined
  276 | #define EINTR       (-4)
      |         ^~~~~
kernel/mm/../include/types.h:132:9: note: this is the location of the previous definition
  132 | #define EINTR           (-16)
      |         ^~~~~
kernel/mm/../include/types.h:277:9: warning: ‘EIO’ redefined
  277 | #define EIO         (-5)
      |         ^~~
kernel/mm/../include/types.h:123:9: note: this is the location of the previous definition
  123 | #define EIO             (-7)
      |         ^~~
kernel/mm/../include/types.h:280:9: warning: ‘ENODEV’ redefined
  280 | #define ENODEV      (-19)
      |         ^~~~~~
kernel/mm/../include/types.h:128:9: note: this is the location of the previous definition
  128 | #define ENODEV          (-12)
      |         ^~~~~~
kernel/mm/../include/types.h:285:9: warning: ‘EPIPE’ redefined
  285 | #define EPIPE       (-32)
      |         ^~~~~
kernel/mm/../include/types.h:136:9: note: this is the location of the previous definition
  136 | #define EPIPE           (-25)
      |         ^~~~~
kernel/mm/../include/types.h:286:9: warning: ‘ETIMEDOUT’ redefined
  286 | #define ETIMEDOUT   (-110)
      |         ^~~~~~~~~
kernel/mm/../include/types.h:124:9: note: this is the location of the previous definition
  124 | #define ETIMEDOUT       (-8)
      |         ^~~~~~~~~
kernel/mm/../include/types.h:287:9: warning: ‘ENOSYS’ redefined
  287 | #define ENOSYS      (-38)
      |         ^~~~~~
kernel/mm/../include/types.h:125:9: note: this is the location of the previous definition
  125 | #define ENOSYS          (-9)
      |         ^~~~~~
kernel/mm/../include/kernel.h:33:9: warning: ‘PAGE_SIZE_4K’ redefined
   33 | #define PAGE_SIZE_4K            0x1000
      |         ^~~~~~~~~~~~
kernel/mm/../include/types.h:87:9: note: this is the location of the previous definition
   87 | #define PAGE_SIZE_4K    (1ULL << PAGE_SHIFT_4K)
      |         ^~~~~~~~~~~~
kernel/mm/../include/kernel.h:101:9: warning: ‘offsetof’ redefined
  101 | #define offsetof(type, member) ((size_t)&((type *)0)->member)
      |         ^~~~~~~~
In file included from kernel/mm/../include/types.h:10:
/usr/lib/gcc/x86_64-linux-gnu/15/include/stddef.h:431:9: note: this is the location of the previous definition
  431 | #define offsetof(TYPE, MEMBER) __builtin_offsetof (TYPE, MEMBER)
      |         ^~~~~~~~
kernel/mm/pmm.c:25:15: error: ‘free_pages’ redeclared as different kind of symbol
   25 | static size_t free_pages = 0;
      |               ^~~~~~~~~~
In file included from kernel/mm/pmm.c:7:
kernel/mm/mm.h:215:6: note: previous declaration of ‘free_pages’ with type ‘void(struct page *, u32)’ {aka ‘void(struct page *, unsigned int)’}
  215 | void free_pages(struct page *page, u32 order);
      |      ^~~~~~~~~~
kernel/mm/pmm.c: In function ‘pmm_get_page’:
kernel/mm/pmm.c:280:12: warning: variable ‘page_idx’ set but not used [-Wunused-but-set-variable]
  280 |     size_t page_idx;
      |            ^~~~~~~~
kernel/mm/pmm.c: At top level:
kernel/mm/pmm.c:92:12: warning: ‘pmm_add_region’ defined but not used [-Wunused-function]
   92 | static int pmm_add_region(phys_addr_t start, phys_addr_t end, u32 type)
      |            ^~~~~~~~~~~~~~
  [WARN] Compilation warnings
  [CC]    kernel/mm/page_alloc.c
cc1: warning: command-line option ‘-fno-rtti’ is valid for C++/D/ObjC++ but not for C
In file included from kernel/mm/../include/kernel.h:11,
                 from kernel/mm/page_alloc.c:6:
kernel/mm/../include/types.h:270:9: warning: ‘ENOMEM’ redefined
  270 | #define ENOMEM      (-12)
      |         ^~~~~~
kernel/mm/../include/types.h:118:9: note: this is the location of the previous definition
  118 | #define ENOMEM          (-2)
      |         ^~~~~~
kernel/mm/../include/types.h:271:9: warning: ‘EINVAL’ redefined
  271 | #define EINVAL      (-22)
      |         ^~~~~~
kernel/mm/../include/types.h:119:9: note: this is the location of the previous definition
  119 | #define EINVAL          (-3)
      |         ^~~~~~
kernel/mm/../include/types.h:272:9: warning: ‘EFAULT’ redefined
  272 | #define EFAULT      (-14)
      |         ^~~~~~
kernel/mm/../include/types.h:133:9: note: this is the location of the previous definition
  133 | #define EFAULT          (-17)
      |         ^~~~~~
kernel/mm/../include/types.h:273:9: warning: ‘EACCES’ redefined
  273 | #define EACCES      (-13)
      |         ^~~~~~
kernel/mm/../include/types.h:122:9: note: this is the location of the previous definition
  122 | #define EACCES          (-6)
      |         ^~~~~~
kernel/mm/../include/types.h:274:9: warning: ‘EPERM’ redefined
  274 | #define EPERM       (-1)
      |         ^~~~~
kernel/mm/../include/types.h:130:9: note: this is the location of the previous definition
  130 | #define EPERM           (-14)
      |         ^~~~~
kernel/mm/../include/types.h:275:9: warning: ‘ESRCH’ redefined
  275 | #define ESRCH       (-3)
      |         ^~~~~
kernel/mm/../include/types.h:131:9: note: this is the location of the previous definition
  131 | #define ESRCH           (-15)
      |         ^~~~~
kernel/mm/../include/types.h:276:9: warning: ‘EINTR’ redefined
  276 | #define EINTR       (-4)
      |         ^~~~~
kernel/mm/../include/types.h:132:9: note: this is the location of the previous definition
  132 | #define EINTR           (-16)
      |         ^~~~~
kernel/mm/../include/types.h:277:9: warning: ‘EIO’ redefined
  277 | #define EIO         (-5)
      |         ^~~
kernel/mm/../include/types.h:123:9: note: this is the location of the previous definition
  123 | #define EIO             (-7)
      |         ^~~
kernel/mm/../include/types.h:280:9: warning: ‘ENODEV’ redefined
  280 | #define ENODEV      (-19)
      |         ^~~~~~
kernel/mm/../include/types.h:128:9: note: this is the location of the previous definition
  128 | #define ENODEV          (-12)
      |         ^~~~~~
kernel/mm/../include/types.h:285:9: warning: ‘EPIPE’ redefined
  285 | #define EPIPE       (-32)
      |         ^~~~~
kernel/mm/../include/types.h:136:9: note: this is the location of the previous definition
  136 | #define EPIPE           (-25)
      |         ^~~~~
kernel/mm/../include/types.h:286:9: warning: ‘ETIMEDOUT’ redefined
  286 | #define ETIMEDOUT   (-110)
      |         ^~~~~~~~~
kernel/mm/../include/types.h:124:9: note: this is the location of the previous definition
  124 | #define ETIMEDOUT       (-8)
      |         ^~~~~~~~~
kernel/mm/../include/types.h:287:9: warning: ‘ENOSYS’ redefined
  287 | #define ENOSYS      (-38)
      |         ^~~~~~
kernel/mm/../include/types.h:125:9: note: this is the location of the previous definition
  125 | #define ENOSYS          (-9)
      |         ^~~~~~
kernel/mm/../include/kernel.h:33:9: warning: ‘PAGE_SIZE_4K’ redefined
   33 | #define PAGE_SIZE_4K            0x1000
      |         ^~~~~~~~~~~~
kernel/mm/../include/types.h:87:9: note: this is the location of the previous definition
   87 | #define PAGE_SIZE_4K    (1ULL << PAGE_SHIFT_4K)
      |         ^~~~~~~~~~~~
kernel/mm/../include/kernel.h:101:9: warning: ‘offsetof’ redefined
  101 | #define offsetof(type, member) ((size_t)&((type *)0)->member)
      |         ^~~~~~~~
In file included from kernel/mm/../include/types.h:10:
/usr/lib/gcc/x86_64-linux-gnu/15/include/stddef.h:431:9: note: this is the location of the previous definition
  431 | #define offsetof(TYPE, MEMBER) __builtin_offsetof (TYPE, MEMBER)
      |         ^~~~~~~~
kernel/mm/page_alloc.c:70:15: error: ‘free_pages’ redeclared as different kind of symbol
   70 | static size_t free_pages = 0;
      |               ^~~~~~~~~~
In file included from kernel/mm/page_alloc.c:7:
kernel/mm/mm.h:215:6: note: previous declaration of ‘free_pages’ with type ‘void(struct page *, u32)’ {aka ‘void(struct page *, unsigned int)’}
  215 | void free_pages(struct page *page, u32 order);
      |      ^~~~~~~~~~
kernel/mm/page_alloc.c: In function ‘free_list_add’:
kernel/mm/page_alloc.c:197:19: error: ‘struct page’ has no member named ‘lru’
  197 |     list_add(&page->lru, &area->free_list);
      |                   ^~
kernel/mm/page_alloc.c: In function ‘free_list_del’:
kernel/mm/page_alloc.c:207:19: error: ‘struct page’ has no member named ‘lru’
  207 |     list_del(&page->lru);
      |                   ^~
kernel/mm/page_alloc.c: In function ‘free_list_first’:
kernel/mm/../include/kernel.h:98:29: error: ‘struct page’ has no member named ‘lru’
   98 |     const typeof(((type *)0)->member) *__mptr = (ptr);          \
      |                             ^~
kernel/mm/../include/kernel.h:135:39: note: in expansion of macro ‘container_of’
  135 | #define list_entry(ptr, type, member) container_of(ptr, type, member)
      |                                       ^~~~~~~~~~~~
kernel/mm/page_alloc.c:228:12: note: in expansion of macro ‘list_entry’
  228 |     return list_entry(area->free_list.next, struct page, lru);
      |            ^~~~~~~~~~
kernel/mm/../include/kernel.h:98:49: error: initialization of ‘const int *’ from incompatible pointer type ‘struct list_head *’ [-Wincompatible-pointer-types]
   98 |     const typeof(((type *)0)->member) *__mptr = (ptr);          \
      |                                                 ^
kernel/mm/../include/kernel.h:135:39: note: in expansion of macro ‘container_of’
  135 | #define list_entry(ptr, type, member) container_of(ptr, type, member)
      |                                       ^~~~~~~~~~~~
kernel/mm/page_alloc.c:228:12: note: in expansion of macro ‘list_entry’
  228 |     return list_entry(area->free_list.next, struct page, lru);
      |            ^~~~~~~~~~
kernel/mm/../include/kernel.h:101:53: error: ‘struct page’ has no member named ‘lru’
  101 | #define offsetof(type, member) ((size_t)&((type *)0)->member)
      |                                                     ^~
kernel/mm/../include/kernel.h:99:31: note: in expansion of macro ‘offsetof’
   99 |     (type *)((char *)__mptr - offsetof(type, member)); })
      |                               ^~~~~~~~
kernel/mm/../include/kernel.h:135:39: note: in expansion of macro ‘container_of’
  135 | #define list_entry(ptr, type, member) container_of(ptr, type, member)
      |                                       ^~~~~~~~~~~~
kernel/mm/page_alloc.c:228:12: note: in expansion of macro ‘list_entry’
  228 |     return list_entry(area->free_list.next, struct page, lru);
      |            ^~~~~~~~~~
kernel/mm/page_alloc.c: In function ‘alloc_pages’:
kernel/mm/page_alloc.c:548:23: warning: comparison of integer expressions of different signedness: ‘u32’ {aka ‘unsigned int’} and ‘int’ [-Wsign-compare]
  548 |         for (i = 1; i < (1 << order); i++) {
      |                       ^
kernel/mm/page_alloc.c: In function ‘free_pages’:
kernel/mm/page_alloc.c:626:23: warning: comparison of integer expressions of different signedness: ‘u32’ {aka ‘unsigned int’} and ‘int’ [-Wsign-compare]
  626 |         for (i = 1; i < (1 << order); i++) {
      |                       ^
kernel/mm/page_alloc.c: In function ‘page_alloc_init’:
kernel/mm/page_alloc.c:761:16: error: lvalue required as left operand of assignment
  761 |     free_pages = default_zone->nr_free;
      |                ^
kernel/mm/page_alloc.c: In function ‘buddy_alloc’:
kernel/mm/page_alloc.c:789:33: warning: comparison of integer expressions of different signedness: ‘int’ and ‘size_t’ {aka ‘long unsigned int’} [-Wsign-compare]
  789 |     while ((PAGE_SIZE << order) < size) {
      |                                 ^
kernel/mm/page_alloc.c: In function ‘buddy_free’:
kernel/mm/page_alloc.c:820:33: warning: comparison of integer expressions of different signedness: ‘int’ and ‘size_t’ {aka ‘long unsigned int’} [-Wsign-compare]
  820 |     while ((PAGE_SIZE << order) < size) {
      |                                 ^
kernel/mm/page_alloc.c: In function ‘page_alloc_dump’:
kernel/mm/../include/kernel.h:98:29: error: ‘struct page’ has no member named ‘lru’
   98 |     const typeof(((type *)0)->member) *__mptr = (ptr);          \
      |                             ^~
kernel/mm/../include/kernel.h:135:39: note: in expansion of macro ‘container_of’
  135 | #define list_entry(ptr, type, member) container_of(ptr, type, member)
      |                                       ^~~~~~~~~~~~
kernel/mm/../include/kernel.h:141:16: note: in expansion of macro ‘list_entry’
  141 |     for (pos = list_entry((head)->next, typeof(*pos), member); \
      |                ^~~~~~~~~~
kernel/mm/page_alloc.c:949:9: note: in expansion of macro ‘list_for_each_entry’
  949 |         list_for_each_entry(page, &area->free_list, lru) {
      |         ^~~~~~~~~~~~~~~~~~~
kernel/mm/../include/kernel.h:98:49: error: initialization of ‘const int *’ from incompatible pointer type ‘struct list_head *’ [-Wincompatible-pointer-types]
   98 |     const typeof(((type *)0)->member) *__mptr = (ptr);          \
      |                                                 ^
kernel/mm/../include/kernel.h:135:39: note: in expansion of macro ‘container_of’
  135 | #define list_entry(ptr, type, member) container_of(ptr, type, member)
      |                                       ^~~~~~~~~~~~
kernel/mm/../include/kernel.h:141:16: note: in expansion of macro ‘list_entry’
  141 |     for (pos = list_entry((head)->next, typeof(*pos), member); \
      |                ^~~~~~~~~~
kernel/mm/page_alloc.c:949:9: note: in expansion of macro ‘list_for_each_entry’
  949 |         list_for_each_entry(page, &area->free_list, lru) {
      |         ^~~~~~~~~~~~~~~~~~~
kernel/mm/../include/kernel.h:101:53: error: ‘struct page’ has no member named ‘lru’
  101 | #define offsetof(type, member) ((size_t)&((type *)0)->member)
      |                                                     ^~
kernel/mm/../include/kernel.h:99:31: note: in expansion of macro ‘offsetof’
   99 |     (type *)((char *)__mptr - offsetof(type, member)); })
      |                               ^~~~~~~~
kernel/mm/../include/kernel.h:135:39: note: in expansion of macro ‘container_of’
  135 | #define list_entry(ptr, type, member) container_of(ptr, type, member)
      |                                       ^~~~~~~~~~~~
kernel/mm/../include/kernel.h:141:16: note: in expansion of macro ‘list_entry’
  141 |     for (pos = list_entry((head)->next, typeof(*pos), member); \
      |                ^~~~~~~~~~
kernel/mm/page_alloc.c:949:9: note: in expansion of macro ‘list_for_each_entry’
  949 |         list_for_each_entry(page, &area->free_list, lru) {
      |         ^~~~~~~~~~~~~~~~~~~
kernel/mm/../include/kernel.h:142:14: error: ‘struct page’ has no member named ‘lru’
  142 |          &pos->member != (head); \
      |              ^~
kernel/mm/page_alloc.c:949:9: note: in expansion of macro ‘list_for_each_entry’
  949 |         list_for_each_entry(page, &area->free_list, lru) {
      |         ^~~~~~~~~~~~~~~~~~~
kernel/mm/../include/kernel.h:98:29: error: ‘struct page’ has no member named ‘lru’
   98 |     const typeof(((type *)0)->member) *__mptr = (ptr);          \
      |                             ^~
kernel/mm/../include/kernel.h:135:39: note: in expansion of macro ‘container_of’
  135 | #define list_entry(ptr, type, member) container_of(ptr, type, member)
      |                                       ^~~~~~~~~~~~
kernel/mm/../include/kernel.h:143:16: note: in expansion of macro ‘list_entry’
  143 |          pos = list_entry(pos->member.next, typeof(*pos), member))
      |                ^~~~~~~~~~
kernel/mm/page_alloc.c:949:9: note: in expansion of macro ‘list_for_each_entry’
  949 |         list_for_each_entry(page, &area->free_list, lru) {
      |         ^~~~~~~~~~~~~~~~~~~
kernel/mm/../include/kernel.h:143:30: error: ‘struct page’ has no member named ‘lru’
  143 |          pos = list_entry(pos->member.next, typeof(*pos), member))
      |                              ^~
kernel/mm/../include/kernel.h:98:50: note: in definition of macro ‘container_of’
   98 |     const typeof(((type *)0)->member) *__mptr = (ptr);          \
      |                                                  ^~~
kernel/mm/../include/kernel.h:143:16: note: in expansion of macro ‘list_entry’
  143 |          pos = list_entry(pos->member.next, typeof(*pos), member))
      |                ^~~~~~~~~~
kernel/mm/page_alloc.c:949:9: note: in expansion of macro ‘list_for_each_entry’
  949 |         list_for_each_entry(page, &area->free_list, lru) {
      |         ^~~~~~~~~~~~~~~~~~~
kernel/mm/../include/kernel.h:101:53: error: ‘struct page’ has no member named ‘lru’
  101 | #define offsetof(type, member) ((size_t)&((type *)0)->member)
      |                                                     ^~
kernel/mm/../include/kernel.h:99:31: note: in expansion of macro ‘offsetof’
   99 |     (type *)((char *)__mptr - offsetof(type, member)); })
      |                               ^~~~~~~~
kernel/mm/../include/kernel.h:135:39: note: in expansion of macro ‘container_of’
  135 | #define list_entry(ptr, type, member) container_of(ptr, type, member)
      |                                       ^~~~~~~~~~~~
kernel/mm/../include/kernel.h:143:16: note: in expansion of macro ‘list_entry’
  143 |          pos = list_entry(pos->member.next, typeof(*pos), member))
      |                ^~~~~~~~~~
kernel/mm/page_alloc.c:949:9: note: in expansion of macro ‘list_for_each_entry’
  949 |         list_for_each_entry(page, &area->free_list, lru) {
      |         ^~~~~~~~~~~~~~~~~~~
kernel/mm/page_alloc.c: At top level:
kernel/mm/page_alloc.c:671:13: warning: ‘gfp_check’ defined but not used [-Wunused-function]
  671 | static bool gfp_check(u32 flags)
      |             ^~~~~~~~~
kernel/mm/page_alloc.c:654:12: warning: ‘gfp_to_zone’ defined but not used [-Wunused-function]
  654 | static u32 gfp_to_zone(u32 flags)
      |            ^~~~~~~~~~~
  [WARN] Compilation warnings
  [CC]    kernel/mm/heap.c
cc1: warning: command-line option ‘-fno-rtti’ is valid for C++/D/ObjC++ but not for C
In file included from kernel/mm/../include/kernel.h:11,
                 from kernel/mm/heap.c:6:
kernel/mm/../include/types.h:270:9: warning: ‘ENOMEM’ redefined
  270 | #define ENOMEM      (-12)
      |         ^~~~~~
kernel/mm/../include/types.h:118:9: note: this is the location of the previous definition
  118 | #define ENOMEM          (-2)
      |         ^~~~~~
kernel/mm/../include/types.h:271:9: warning: ‘EINVAL’ redefined
  271 | #define EINVAL      (-22)
      |         ^~~~~~
kernel/mm/../include/types.h:119:9: note: this is the location of the previous definition
  119 | #define EINVAL          (-3)
      |         ^~~~~~
kernel/mm/../include/types.h:272:9: warning: ‘EFAULT’ redefined
  272 | #define EFAULT      (-14)
      |         ^~~~~~
kernel/mm/../include/types.h:133:9: note: this is the location of the previous definition
  133 | #define EFAULT          (-17)
      |         ^~~~~~
kernel/mm/../include/types.h:273:9: warning: ‘EACCES’ redefined
  273 | #define EACCES      (-13)
      |         ^~~~~~
kernel/mm/../include/types.h:122:9: note: this is the location of the previous definition
  122 | #define EACCES          (-6)
      |         ^~~~~~
kernel/mm/../include/types.h:274:9: warning: ‘EPERM’ redefined
  274 | #define EPERM       (-1)
      |         ^~~~~
kernel/mm/../include/types.h:130:9: note: this is the location of the previous definition
  130 | #define EPERM           (-14)
      |         ^~~~~
kernel/mm/../include/types.h:275:9: warning: ‘ESRCH’ redefined
  275 | #define ESRCH       (-3)
      |         ^~~~~
kernel/mm/../include/types.h:131:9: note: this is the location of the previous definition
  131 | #define ESRCH           (-15)
      |         ^~~~~
kernel/mm/../include/types.h:276:9: warning: ‘EINTR’ redefined
  276 | #define EINTR       (-4)
      |         ^~~~~
kernel/mm/../include/types.h:132:9: note: this is the location of the previous definition
  132 | #define EINTR           (-16)
      |         ^~~~~
kernel/mm/../include/types.h:277:9: warning: ‘EIO’ redefined
  277 | #define EIO         (-5)
      |         ^~~
kernel/mm/../include/types.h:123:9: note: this is the location of the previous definition
  123 | #define EIO             (-7)
      |         ^~~
kernel/mm/../include/types.h:280:9: warning: ‘ENODEV’ redefined
  280 | #define ENODEV      (-19)
      |         ^~~~~~
kernel/mm/../include/types.h:128:9: note: this is the location of the previous definition
  128 | #define ENODEV          (-12)
      |         ^~~~~~
kernel/mm/../include/types.h:285:9: warning: ‘EPIPE’ redefined
  285 | #define EPIPE       (-32)
      |         ^~~~~
kernel/mm/../include/types.h:136:9: note: this is the location of the previous definition
  136 | #define EPIPE           (-25)
      |         ^~~~~
kernel/mm/../include/types.h:286:9: warning: ‘ETIMEDOUT’ redefined
  286 | #define ETIMEDOUT   (-110)
      |         ^~~~~~~~~
kernel/mm/../include/types.h:124:9: note: this is the location of the previous definition
  124 | #define ETIMEDOUT       (-8)
      |         ^~~~~~~~~
kernel/mm/../include/types.h:287:9: warning: ‘ENOSYS’ redefined
  287 | #define ENOSYS      (-38)
      |         ^~~~~~
kernel/mm/../include/types.h:125:9: note: this is the location of the previous definition
  125 | #define ENOSYS          (-9)
      |         ^~~~~~
kernel/mm/../include/kernel.h:33:9: warning: ‘PAGE_SIZE_4K’ redefined
   33 | #define PAGE_SIZE_4K            0x1000
      |         ^~~~~~~~~~~~
kernel/mm/../include/types.h:87:9: note: this is the location of the previous definition
   87 | #define PAGE_SIZE_4K    (1ULL << PAGE_SHIFT_4K)
      |         ^~~~~~~~~~~~
kernel/mm/../include/kernel.h:101:9: warning: ‘offsetof’ redefined
  101 | #define offsetof(type, member) ((size_t)&((type *)0)->member)
      |         ^~~~~~~~
In file included from kernel/mm/../include/types.h:10:
/usr/lib/gcc/x86_64-linux-gnu/15/include/stddef.h:431:9: note: this is the location of the previous definition
  431 | #define offsetof(TYPE, MEMBER) __builtin_offsetof (TYPE, MEMBER)
      |         ^~~~~~~~
kernel/mm/heap.c: In function ‘block_get_next’:
kernel/mm/heap.c:106:19: warning: comparison between pointer and integer
  106 |     if (next_addr >= arena->end) {
      |                   ^~
kernel/mm/heap.c: In function ‘kmalloc_aligned’:
kernel/mm/heap.c:560:12: warning: variable ‘padding’ set but not used [-Wunused-but-set-variable]
  560 |     size_t padding;
      |            ^~~~~~~
  [CC]    kernel/mm/vmm.c
cc1: warning: command-line option ‘-fno-rtti’ is valid for C++/D/ObjC++ but not for C
In file included from kernel/mm/../include/kernel.h:11,
                 from kernel/mm/vmm.c:6:
kernel/mm/../include/types.h:270:9: warning: ‘ENOMEM’ redefined
  270 | #define ENOMEM      (-12)
      |         ^~~~~~
kernel/mm/../include/types.h:118:9: note: this is the location of the previous definition
  118 | #define ENOMEM          (-2)
      |         ^~~~~~
kernel/mm/../include/types.h:271:9: warning: ‘EINVAL’ redefined
  271 | #define EINVAL      (-22)
      |         ^~~~~~
kernel/mm/../include/types.h:119:9: note: this is the location of the previous definition
  119 | #define EINVAL          (-3)
      |         ^~~~~~
kernel/mm/../include/types.h:272:9: warning: ‘EFAULT’ redefined
  272 | #define EFAULT      (-14)
      |         ^~~~~~
kernel/mm/../include/types.h:133:9: note: this is the location of the previous definition
  133 | #define EFAULT          (-17)
      |         ^~~~~~
kernel/mm/../include/types.h:273:9: warning: ‘EACCES’ redefined
  273 | #define EACCES      (-13)
      |         ^~~~~~
kernel/mm/../include/types.h:122:9: note: this is the location of the previous definition
  122 | #define EACCES          (-6)
      |         ^~~~~~
kernel/mm/../include/types.h:274:9: warning: ‘EPERM’ redefined
  274 | #define EPERM       (-1)
      |         ^~~~~
kernel/mm/../include/types.h:130:9: note: this is the location of the previous definition
  130 | #define EPERM           (-14)
      |         ^~~~~
kernel/mm/../include/types.h:275:9: warning: ‘ESRCH’ redefined
  275 | #define ESRCH       (-3)
      |         ^~~~~
kernel/mm/../include/types.h:131:9: note: this is the location of the previous definition
  131 | #define ESRCH           (-15)
      |         ^~~~~
kernel/mm/../include/types.h:276:9: warning: ‘EINTR’ redefined
  276 | #define EINTR       (-4)
      |         ^~~~~
kernel/mm/../include/types.h:132:9: note: this is the location of the previous definition
  132 | #define EINTR           (-16)
      |         ^~~~~
kernel/mm/../include/types.h:277:9: warning: ‘EIO’ redefined
  277 | #define EIO         (-5)
      |         ^~~
kernel/mm/../include/types.h:123:9: note: this is the location of the previous definition
  123 | #define EIO             (-7)
      |         ^~~
kernel/mm/../include/types.h:280:9: warning: ‘ENODEV’ redefined
  280 | #define ENODEV      (-19)
      |         ^~~~~~
kernel/mm/../include/types.h:128:9: note: this is the location of the previous definition
  128 | #define ENODEV          (-12)
      |         ^~~~~~
kernel/mm/../include/types.h:285:9: warning: ‘EPIPE’ redefined
  285 | #define EPIPE       (-32)
      |         ^~~~~
kernel/mm/../include/types.h:136:9: note: this is the location of the previous definition
  136 | #define EPIPE           (-25)
      |         ^~~~~
kernel/mm/../include/types.h:286:9: warning: ‘ETIMEDOUT’ redefined
  286 | #define ETIMEDOUT   (-110)
      |         ^~~~~~~~~
kernel/mm/../include/types.h:124:9: note: this is the location of the previous definition
  124 | #define ETIMEDOUT       (-8)
      |         ^~~~~~~~~
kernel/mm/../include/types.h:287:9: warning: ‘ENOSYS’ redefined
  287 | #define ENOSYS      (-38)
      |         ^~~~~~
kernel/mm/../include/types.h:125:9: note: this is the location of the previous definition
  125 | #define ENOSYS          (-9)
      |         ^~~~~~
kernel/mm/../include/kernel.h:33:9: warning: ‘PAGE_SIZE_4K’ redefined
   33 | #define PAGE_SIZE_4K            0x1000
      |         ^~~~~~~~~~~~
kernel/mm/../include/types.h:87:9: note: this is the location of the previous definition
   87 | #define PAGE_SIZE_4K    (1ULL << PAGE_SHIFT_4K)
      |         ^~~~~~~~~~~~
kernel/mm/../include/kernel.h:101:9: warning: ‘offsetof’ redefined
  101 | #define offsetof(type, member) ((size_t)&((type *)0)->member)
      |         ^~~~~~~~
In file included from kernel/mm/../include/types.h:10:
/usr/lib/gcc/x86_64-linux-gnu/15/include/stddef.h:431:9: note: this is the location of the previous definition
  431 | #define offsetof(TYPE, MEMBER) __builtin_offsetof (TYPE, MEMBER)
      |         ^~~~~~~~
kernel/mm/vmm.c: In function ‘vmm_create_as’:
kernel/mm/vmm.c:706:17: warning: variable ‘pml4_paddr’ set but not used [-Wunused-but-set-variable]
  706 |     phys_addr_t pml4_paddr;
      |                 ^~~~~~~~~~
kernel/mm/vmm.c: At top level:
kernel/mm/vmm.c:274:13: warning: ‘vmm_get_pt’ defined but not used [-Wunused-function]
  274 | static u64 *vmm_get_pt(u64 *pde, bool create)
      |             ^~~~~~~~~~
kernel/mm/vmm.c:196:13: warning: ‘vmm_get_pml4’ defined but not used [-Wunused-function]
  196 | static u64 *vmm_get_pml4(virt_addr_t vaddr)
      |             ^~~~~~~~~~~~
  [CC]    kernel/mm/slab.c
cc1: warning: command-line option ‘-fno-rtti’ is valid for C++/D/ObjC++ but not for C
In file included from kernel/mm/../include/kernel.h:11,
                 from kernel/mm/slab.c:6:
kernel/mm/../include/types.h:270:9: warning: ‘ENOMEM’ redefined
  270 | #define ENOMEM      (-12)
      |         ^~~~~~
kernel/mm/../include/types.h:118:9: note: this is the location of the previous definition
  118 | #define ENOMEM          (-2)
      |         ^~~~~~
kernel/mm/../include/types.h:271:9: warning: ‘EINVAL’ redefined
  271 | #define EINVAL      (-22)
      |         ^~~~~~
kernel/mm/../include/types.h:119:9: note: this is the location of the previous definition
  119 | #define EINVAL          (-3)
      |         ^~~~~~
kernel/mm/../include/types.h:272:9: warning: ‘EFAULT’ redefined
  272 | #define EFAULT      (-14)
      |         ^~~~~~
kernel/mm/../include/types.h:133:9: note: this is the location of the previous definition
  133 | #define EFAULT          (-17)
      |         ^~~~~~
kernel/mm/../include/types.h:273:9: warning: ‘EACCES’ redefined
  273 | #define EACCES      (-13)
      |         ^~~~~~
kernel/mm/../include/types.h:122:9: note: this is the location of the previous definition
  122 | #define EACCES          (-6)
      |         ^~~~~~
kernel/mm/../include/types.h:274:9: warning: ‘EPERM’ redefined
  274 | #define EPERM       (-1)
      |         ^~~~~
kernel/mm/../include/types.h:130:9: note: this is the location of the previous definition
  130 | #define EPERM           (-14)
      |         ^~~~~
kernel/mm/../include/types.h:275:9: warning: ‘ESRCH’ redefined
  275 | #define ESRCH       (-3)
      |         ^~~~~
kernel/mm/../include/types.h:131:9: note: this is the location of the previous definition
  131 | #define ESRCH           (-15)
      |         ^~~~~
kernel/mm/../include/types.h:276:9: warning: ‘EINTR’ redefined
  276 | #define EINTR       (-4)
      |         ^~~~~
kernel/mm/../include/types.h:132:9: note: this is the location of the previous definition
  132 | #define EINTR           (-16)
      |         ^~~~~
kernel/mm/../include/types.h:277:9: warning: ‘EIO’ redefined
  277 | #define EIO         (-5)
      |         ^~~
kernel/mm/../include/types.h:123:9: note: this is the location of the previous definition
  123 | #define EIO             (-7)
      |         ^~~
kernel/mm/../include/types.h:280:9: warning: ‘ENODEV’ redefined
  280 | #define ENODEV      (-19)
      |         ^~~~~~
kernel/mm/../include/types.h:128:9: note: this is the location of the previous definition
  128 | #define ENODEV          (-12)
      |         ^~~~~~
kernel/mm/../include/types.h:285:9: warning: ‘EPIPE’ redefined
  285 | #define EPIPE       (-32)
      |         ^~~~~
kernel/mm/../include/types.h:136:9: note: this is the location of the previous definition
  136 | #define EPIPE           (-25)
      |         ^~~~~
kernel/mm/../include/types.h:286:9: warning: ‘ETIMEDOUT’ redefined
  286 | #define ETIMEDOUT   (-110)
      |         ^~~~~~~~~
kernel/mm/../include/types.h:124:9: note: this is the location of the previous definition
  124 | #define ETIMEDOUT       (-8)
      |         ^~~~~~~~~
kernel/mm/../include/types.h:287:9: warning: ‘ENOSYS’ redefined
  287 | #define ENOSYS      (-38)
      |         ^~~~~~
kernel/mm/../include/types.h:125:9: note: this is the location of the previous definition
  125 | #define ENOSYS          (-9)
      |         ^~~~~~
kernel/mm/../include/kernel.h:33:9: warning: ‘PAGE_SIZE_4K’ redefined
   33 | #define PAGE_SIZE_4K            0x1000
      |         ^~~~~~~~~~~~
kernel/mm/../include/types.h:87:9: note: this is the location of the previous definition
   87 | #define PAGE_SIZE_4K    (1ULL << PAGE_SHIFT_4K)
      |         ^~~~~~~~~~~~
kernel/mm/../include/kernel.h:101:9: warning: ‘offsetof’ redefined
  101 | #define offsetof(type, member) ((size_t)&((type *)0)->member)
      |         ^~~~~~~~
In file included from kernel/mm/../include/types.h:10:
/usr/lib/gcc/x86_64-linux-gnu/15/include/stddef.h:431:9: note: this is the location of the previous definition
  431 | #define offsetof(TYPE, MEMBER) __builtin_offsetof (TYPE, MEMBER)
      |         ^~~~~~~~
kernel/mm/slab.c: In function ‘slab_create’:
kernel/mm/slab.c:252:12: warning: variable ‘slab_size’ set but not used [-Wunused-but-set-variable]
  252 |     size_t slab_size;
      |            ^~~~~~~~~
kernel/mm/slab.c: In function ‘slab_destroy’:
kernel/mm/slab.c:312:12: warning: variable ‘slab_size’ set but not used [-Wunused-but-set-variable]
  312 |     size_t slab_size;
      |            ^~~~~~~~~
kernel/mm/slab.c: At top level:
kernel/mm/slab.c:862:13: warning: ‘slab_free’ defined but not used [-Wunused-function]
  862 | static void slab_free(void *cache, void *obj)
      |             ^~~~~~~~~
kernel/mm/slab.c:828:14: warning: ‘slab_alloc’ defined but not used [-Wunused-function]
  828 | static void *slab_alloc(size_t size)
      |              ^~~~~~~~~~
  [CC]    kernel/sched/scheduler.c
cc1: warning: command-line option ‘-fno-rtti’ is valid for C++/D/ObjC++ but not for C
In file included from kernel/sched/../include/kernel.h:11,
                 from kernel/sched/sched.h:9,
                 from kernel/sched/scheduler.c:6:
kernel/sched/../include/types.h:270:9: warning: ‘ENOMEM’ redefined
  270 | #define ENOMEM      (-12)
      |         ^~~~~~
kernel/sched/../include/types.h:118:9: note: this is the location of the previous definition
  118 | #define ENOMEM          (-2)
      |         ^~~~~~
kernel/sched/../include/types.h:271:9: warning: ‘EINVAL’ redefined
  271 | #define EINVAL      (-22)
      |         ^~~~~~
kernel/sched/../include/types.h:119:9: note: this is the location of the previous definition
  119 | #define EINVAL          (-3)
      |         ^~~~~~
kernel/sched/../include/types.h:272:9: warning: ‘EFAULT’ redefined
  272 | #define EFAULT      (-14)
      |         ^~~~~~
kernel/sched/../include/types.h:133:9: note: this is the location of the previous definition
  133 | #define EFAULT          (-17)
      |         ^~~~~~
kernel/sched/../include/types.h:273:9: warning: ‘EACCES’ redefined
  273 | #define EACCES      (-13)
      |         ^~~~~~
kernel/sched/../include/types.h:122:9: note: this is the location of the previous definition
  122 | #define EACCES          (-6)
      |         ^~~~~~
kernel/sched/../include/types.h:274:9: warning: ‘EPERM’ redefined
  274 | #define EPERM       (-1)
      |         ^~~~~
kernel/sched/../include/types.h:130:9: note: this is the location of the previous definition
  130 | #define EPERM           (-14)
      |         ^~~~~
kernel/sched/../include/types.h:275:9: warning: ‘ESRCH’ redefined
  275 | #define ESRCH       (-3)
      |         ^~~~~
kernel/sched/../include/types.h:131:9: note: this is the location of the previous definition
  131 | #define ESRCH           (-15)
      |         ^~~~~
kernel/sched/../include/types.h:276:9: warning: ‘EINTR’ redefined
  276 | #define EINTR       (-4)
      |         ^~~~~
kernel/sched/../include/types.h:132:9: note: this is the location of the previous definition
  132 | #define EINTR           (-16)
      |         ^~~~~
kernel/sched/../include/types.h:277:9: warning: ‘EIO’ redefined
  277 | #define EIO         (-5)
      |         ^~~
kernel/sched/../include/types.h:123:9: note: this is the location of the previous definition
  123 | #define EIO             (-7)
      |         ^~~
kernel/sched/../include/types.h:280:9: warning: ‘ENODEV’ redefined
  280 | #define ENODEV      (-19)
      |         ^~~~~~
kernel/sched/../include/types.h:128:9: note: this is the location of the previous definition
  128 | #define ENODEV          (-12)
      |         ^~~~~~
kernel/sched/../include/types.h:285:9: warning: ‘EPIPE’ redefined
  285 | #define EPIPE       (-32)
      |         ^~~~~
kernel/sched/../include/types.h:136:9: note: this is the location of the previous definition
  136 | #define EPIPE           (-25)
      |         ^~~~~
kernel/sched/../include/types.h:286:9: warning: ‘ETIMEDOUT’ redefined
  286 | #define ETIMEDOUT   (-110)
      |         ^~~~~~~~~
kernel/sched/../include/types.h:124:9: note: this is the location of the previous definition
  124 | #define ETIMEDOUT       (-8)
      |         ^~~~~~~~~
kernel/sched/../include/types.h:287:9: warning: ‘ENOSYS’ redefined
  287 | #define ENOSYS      (-38)
      |         ^~~~~~
kernel/sched/../include/types.h:125:9: note: this is the location of the previous definition
  125 | #define ENOSYS          (-9)
      |         ^~~~~~
kernel/sched/../include/kernel.h:33:9: warning: ‘PAGE_SIZE_4K’ redefined
   33 | #define PAGE_SIZE_4K            0x1000
      |         ^~~~~~~~~~~~
kernel/sched/../include/types.h:87:9: note: this is the location of the previous definition
   87 | #define PAGE_SIZE_4K    (1ULL << PAGE_SHIFT_4K)
      |         ^~~~~~~~~~~~
kernel/sched/../include/kernel.h:101:9: warning: ‘offsetof’ redefined
  101 | #define offsetof(type, member) ((size_t)&((type *)0)->member)
      |         ^~~~~~~~
In file included from kernel/sched/../include/types.h:10:
/usr/lib/gcc/x86_64-linux-gnu/15/include/stddef.h:431:9: note: this is the location of the previous definition
  431 | #define offsetof(TYPE, MEMBER) __builtin_offsetof (TYPE, MEMBER)
      |         ^~~~~~~~
In file included from kernel/sched/sched.h:10:
kernel/sched/../sync/sync.h:440:9: warning: ‘barrier’ redefined
  440 | #define barrier() __asm__ __volatile__ ("" ::: "memory")
      |         ^~~~~~~
kernel/sched/../include/kernel.h:91:9: note: this is the location of the previous definition
   91 | #define barrier()               __asm__ __volatile__("" ::: "memory")
      |         ^~~~~~~
kernel/sched/scheduler.c:38:1: error: duplicate ‘static’
   38 | static DEFINE_PER_CPU(int, preempt_count) = 0;
      | ^~~~~~
kernel/sched/scheduler.c:38:43: error: lvalue required as left operand of assignment
   38 | static DEFINE_PER_CPU(int, preempt_count) = 0;
      |                                           ^
kernel/sched/scheduler.c: In function ‘init_rq’:
kernel/sched/scheduler.c:142:20: error: passing argument 1 of ‘INIT_LIST_HEAD’ from incompatible pointer type [-Wincompatible-pointer-types]
  142 |     INIT_LIST_HEAD(&rq->rt.queue);
      |                    ^~~~~~~~~~~~~
      |                    |
      |                    struct list_head (*)[100]
kernel/sched/../include/kernel.h:107:53: note: expected ‘struct list_head *’ but argument is of type ‘struct list_head (*)[100]’
  107 | static inline void INIT_LIST_HEAD(struct list_head *list) {
      |                                   ~~~~~~~~~~~~~~~~~~^~~~
kernel/sched/scheduler.c: In function ‘create_idle_task’:
kernel/sched/../include/types.h:221:21: error: incompatible types when assigning to type ‘struct rb_node’ from type ‘struct rb_node *’
  221 | #define RB_ROOT     (struct rb_root){ NULL }
      |                     ^
kernel/sched/scheduler.c:236:24: note: in expansion of macro ‘RB_ROOT’
  236 |     task->se.rb_node = RB_ROOT.rb_node;
      |                        ^~~~~~~
kernel/sched/scheduler.c: In function ‘pick_next_task’:
kernel/sched/scheduler.c:525:14: error: assignment to ‘struct task_struct *’ from ‘int’ makes pointer from integer without a cast [-Wint-conversion]
  525 |         next = pick_next_task_rt(rq);
      |              ^
kernel/sched/scheduler.c:533:14: error: assignment to ‘struct task_struct *’ from ‘int’ makes pointer from integer without a cast [-Wint-conversion]
  533 |         next = pick_next_task_fair(rq);
      |              ^
kernel/sched/scheduler.c: In function ‘schedule’:
kernel/sched/scheduler.c:640:9: error: called object ‘preempt_count’ is not a function or function pointer
  640 |     if (preempt_count() > 0) {
      |         ^~~~~~~~~~~~~
kernel/sched/scheduler.c:38:28: note: declared here
   38 | static DEFINE_PER_CPU(int, preempt_count) = 0;
      |                            ^~~~~~~~~~~~~
kernel/sched/../include/kernel.h:226:48: note: in definition of macro ‘DEFINE_PER_CPU’
  226 | #define DEFINE_PER_CPU(type, name) static type name = 0
      |                                                ^~~~
kernel/sched/scheduler.c: In function ‘preempt_schedule’:
kernel/sched/scheduler.c:655:9: error: called object ‘preempt_count’ is not a function or function pointer
  655 |     if (preempt_count() == 0) {
      |         ^~~~~~~~~~~~~
kernel/sched/scheduler.c:38:28: note: declared here
   38 | static DEFINE_PER_CPU(int, preempt_count) = 0;
      |                            ^~~~~~~~~~~~~
kernel/sched/../include/kernel.h:226:48: note: in definition of macro ‘DEFINE_PER_CPU’
  226 | #define DEFINE_PER_CPU(type, name) static type name = 0
      |                                                ^~~~
kernel/sched/scheduler.c: In function ‘preempt_disable’:
kernel/sched/../include/kernel.h:227:27: error: lvalue required as unary ‘&’ operand
  227 | #define get_cpu_ptr(var) (&(var))
      |                           ^
kernel/sched/scheduler.c:672:18: note: in expansion of macro ‘get_cpu_ptr’
  672 |     int *count = get_cpu_ptr(&preempt_count);
      |                  ^~~~~~~~~~~
kernel/sched/scheduler.c: In function ‘preempt_enable’:
kernel/sched/../include/kernel.h:227:27: error: lvalue required as unary ‘&’ operand
  227 | #define get_cpu_ptr(var) (&(var))
      |                           ^
kernel/sched/scheduler.c:685:18: note: in expansion of macro ‘get_cpu_ptr’
  685 |     int *count = get_cpu_ptr(&preempt_count);
      |                  ^~~~~~~~~~~
kernel/sched/scheduler.c: At top level:
kernel/sched/scheduler.c:698:5: error: ‘preempt_count’ redeclared as different kind of symbol
  698 | int preempt_count(void)
      |     ^~~~~~~~~~~~~
kernel/sched/scheduler.c:38:28: note: previous definition of ‘preempt_count’ with type ‘int’
   38 | static DEFINE_PER_CPU(int, preempt_count) = 0;
      |                            ^~~~~~~~~~~~~
kernel/sched/../include/kernel.h:226:48: note: in definition of macro ‘DEFINE_PER_CPU’
  226 | #define DEFINE_PER_CPU(type, name) static type name = 0
      |                                                ^~~~
kernel/sched/scheduler.c: In function ‘preempt_count’:
kernel/sched/../include/kernel.h:227:27: error: lvalue required as unary ‘&’ operand
  227 | #define get_cpu_ptr(var) (&(var))
      |                           ^
kernel/sched/scheduler.c:700:18: note: in expansion of macro ‘get_cpu_ptr’
  700 |     int *count = get_cpu_ptr(&preempt_count);
      |                  ^~~~~~~~~~~
kernel/sched/scheduler.c: In function ‘idle_balance’:
kernel/sched/scheduler.c:954:21: warning: comparison of integer expressions of different signedness: ‘u32’ {aka ‘unsigned int’} and ‘int’ [-Wsign-compare]
  954 |         if (src_cpu == cpu) {
      |                     ^~
kernel/sched/scheduler.c:963:18: error: assignment to ‘struct task_struct *’ from ‘int’ makes pointer from integer without a cast [-Wint-conversion]
  963 |             task = pull_task(src_rq, rq);
      |                  ^
kernel/sched/scheduler.c: At top level:
kernel/sched/scheduler.c:978:28: error: conflicting types for ‘pull_task’; have ‘struct task_struct *(struct rq *, struct rq *)’
  978 | static struct task_struct *pull_task(struct rq *src_rq, struct rq *dst_rq)
      |                            ^~~~~~~~~
kernel/sched/scheduler.c:963:20: note: previous implicit declaration of ‘pull_task’ with type ‘int()’
  963 |             task = pull_task(src_rq, rq);
      |                    ^~~~~~~~~
kernel/sched/scheduler.c: In function ‘pull_task’:
kernel/sched/scheduler.c:986:31: error: expected expression before ‘struct’
  986 |         task = rb_entry(node, struct task_struct, se.rb_node);
      |                               ^~~~~~
kernel/sched/scheduler.c: At top level:
kernel/sched/scheduler.c:1014:6: warning: conflicting types for ‘resched_cpu’; have ‘void(int)’
 1014 | void resched_cpu(int cpu)
      |      ^~~~~~~~~~~
kernel/sched/scheduler.c:793:13: note: previous implicit declaration of ‘resched_cpu’ with type ‘void(int)’
  793 |             resched_cpu(task->cpu);
      |             ^~~~~~~~~~~
kernel/sched/scheduler.c: In function ‘resched_cpu’:
kernel/sched/scheduler.c:1018:13: warning: comparison of integer expressions of different signedness: ‘int’ and ‘u32’ {aka ‘unsigned int’} [-Wsign-compare]
 1018 |     if (cpu == get_cpu_id()) {
      |             ^~
kernel/sched/scheduler.c:1023:23: error: ‘IPI_RESCHEDULE’ undeclared (first use in this function)
 1023 |         send_ipi(cpu, IPI_RESCHEDULE);
      |                       ^~~~~~~~~~~~~~
kernel/sched/scheduler.c:1023:23: note: each undeclared identifier is reported only once for each function it appears in
kernel/sched/scheduler.c: At top level:
kernel/sched/scheduler.c:1187:13: warning: conflicting types for ‘arch_idle_cpu’; have ‘void(void)’
 1187 | extern void arch_idle_cpu(void);
      |             ^~~~~~~~~~~~~
kernel/sched/scheduler.c:191:9: note: previous implicit declaration of ‘arch_idle_cpu’ with type ‘void(void)’
  191 |         arch_idle_cpu();
      |         ^~~~~~~~~~~~~
kernel/sched/scheduler.c:1188:13: warning: conflicting types for ‘arch_prepare_switch’; have ‘void(struct task_struct *, struct task_struct *)’
 1188 | extern void arch_prepare_switch(struct task_struct *prev, struct task_struct *next);
      |             ^~~~~~~~~~~~~~~~~~~
kernel/sched/scheduler.c:415:5: note: previous implicit declaration of ‘arch_prepare_switch’ with type ‘void(struct task_struct *, struct task_struct *)’
  415 |     arch_prepare_switch(prev, next);
      |     ^~~~~~~~~~~~~~~~~~~
kernel/sched/scheduler.c:1189:13: warning: conflicting types for ‘arch_finish_switch’; have ‘void(struct task_struct *)’
 1189 | extern void arch_finish_switch(struct task_struct *prev);
      |             ^~~~~~~~~~~~~~~~~~
kernel/sched/scheduler.c:430:5: note: previous implicit declaration of ‘arch_finish_switch’ with type ‘void(struct task_struct *)’
  430 |     arch_finish_switch(prev);
      |     ^~~~~~~~~~~~~~~~~~
kernel/sched/scheduler.c:1190:13: warning: conflicting types for ‘arch_switch_mm’; have ‘void(struct address_space *, struct address_space *)’
 1190 | extern void arch_switch_mm(struct address_space *prev_mm, struct address_space *next_mm);
      |             ^~~~~~~~~~~~~~
kernel/sched/scheduler.c:462:9: note: previous implicit declaration of ‘arch_switch_mm’ with type ‘void(struct address_space *, struct address_space *)’
  462 |         arch_switch_mm(prev->mm, next->mm);
      |         ^~~~~~~~~~~~~~
kernel/sched/scheduler.c:1191:13: warning: conflicting types for ‘arch_switch_to’; have ‘void(struct task_struct *, struct task_struct *)’
 1191 | extern void arch_switch_to(struct task_struct *prev, struct task_struct *next);
      |             ^~~~~~~~~~~~~~
kernel/sched/scheduler.c:483:5: note: previous implicit declaration of ‘arch_switch_to’ with type ‘void(struct task_struct *, struct task_struct *)’
  483 |     arch_switch_to(prev, next);
      |     ^~~~~~~~~~~~~~
kernel/sched/scheduler.c:1193:13: warning: conflicting types for ‘set_need_resched’; have ‘void(void)’
 1193 | extern void set_need_resched(void);
      |             ^~~~~~~~~~~~~~~~
kernel/sched/scheduler.c:1020:9: note: previous implicit declaration of ‘set_need_resched’ with type ‘void(void)’
 1020 |         set_need_resched();
      |         ^~~~~~~~~~~~~~~~
kernel/sched/scheduler.c:1194:13: error: conflicting types for ‘need_resched’; have ‘_Bool(void)’
 1194 | extern bool need_resched(void);
      |             ^~~~~~~~~~~~
kernel/sched/scheduler.c:196:13: note: previous implicit declaration of ‘need_resched’ with type ‘int()’
  196 |         if (need_resched()) {
      |             ^~~~~~~~~~~~
kernel/sched/scheduler.c:978:28: warning: ‘pull_task’ defined but not used [-Wunused-function]
  978 | static struct task_struct *pull_task(struct rq *src_rq, struct rq *dst_rq)
      |                            ^~~~~~~~~
kernel/sched/scheduler.c:176:13: warning: ‘idle_thread’ defined but not used [-Wunused-function]
  176 | static void idle_thread(void *arg)
      |             ^~~~~~~~~~~
  [WARN] Compilation warnings
  [CC]    kernel/sched/process.c
cc1: warning: command-line option ‘-fno-rtti’ is valid for C++/D/ObjC++ but not for C
In file included from kernel/sched/../include/kernel.h:11,
                 from kernel/sched/sched.h:9,
                 from kernel/sched/process.c:6:
kernel/sched/../include/types.h:270:9: warning: ‘ENOMEM’ redefined
  270 | #define ENOMEM      (-12)
      |         ^~~~~~
kernel/sched/../include/types.h:118:9: note: this is the location of the previous definition
  118 | #define ENOMEM          (-2)
      |         ^~~~~~
kernel/sched/../include/types.h:271:9: warning: ‘EINVAL’ redefined
  271 | #define EINVAL      (-22)
      |         ^~~~~~
kernel/sched/../include/types.h:119:9: note: this is the location of the previous definition
  119 | #define EINVAL          (-3)
      |         ^~~~~~
kernel/sched/../include/types.h:272:9: warning: ‘EFAULT’ redefined
  272 | #define EFAULT      (-14)
      |         ^~~~~~
kernel/sched/../include/types.h:133:9: note: this is the location of the previous definition
  133 | #define EFAULT          (-17)
      |         ^~~~~~
kernel/sched/../include/types.h:273:9: warning: ‘EACCES’ redefined
  273 | #define EACCES      (-13)
      |         ^~~~~~
kernel/sched/../include/types.h:122:9: note: this is the location of the previous definition
  122 | #define EACCES          (-6)
      |         ^~~~~~
kernel/sched/../include/types.h:274:9: warning: ‘EPERM’ redefined
  274 | #define EPERM       (-1)
      |         ^~~~~
kernel/sched/../include/types.h:130:9: note: this is the location of the previous definition
  130 | #define EPERM           (-14)
      |         ^~~~~
kernel/sched/../include/types.h:275:9: warning: ‘ESRCH’ redefined
  275 | #define ESRCH       (-3)
      |         ^~~~~
kernel/sched/../include/types.h:131:9: note: this is the location of the previous definition
  131 | #define ESRCH           (-15)
      |         ^~~~~
kernel/sched/../include/types.h:276:9: warning: ‘EINTR’ redefined
  276 | #define EINTR       (-4)
      |         ^~~~~
kernel/sched/../include/types.h:132:9: note: this is the location of the previous definition
  132 | #define EINTR           (-16)
      |         ^~~~~
kernel/sched/../include/types.h:277:9: warning: ‘EIO’ redefined
  277 | #define EIO         (-5)
      |         ^~~
kernel/sched/../include/types.h:123:9: note: this is the location of the previous definition
  123 | #define EIO             (-7)
      |         ^~~
kernel/sched/../include/types.h:280:9: warning: ‘ENODEV’ redefined
  280 | #define ENODEV      (-19)
      |         ^~~~~~
kernel/sched/../include/types.h:128:9: note: this is the location of the previous definition
  128 | #define ENODEV          (-12)
      |         ^~~~~~
kernel/sched/../include/types.h:285:9: warning: ‘EPIPE’ redefined
  285 | #define EPIPE       (-32)
      |         ^~~~~
kernel/sched/../include/types.h:136:9: note: this is the location of the previous definition
  136 | #define EPIPE           (-25)
      |         ^~~~~
kernel/sched/../include/types.h:286:9: warning: ‘ETIMEDOUT’ redefined
  286 | #define ETIMEDOUT   (-110)
      |         ^~~~~~~~~
kernel/sched/../include/types.h:124:9: note: this is the location of the previous definition
  124 | #define ETIMEDOUT       (-8)
      |         ^~~~~~~~~
kernel/sched/../include/types.h:287:9: warning: ‘ENOSYS’ redefined
  287 | #define ENOSYS      (-38)
      |         ^~~~~~
kernel/sched/../include/types.h:125:9: note: this is the location of the previous definition
  125 | #define ENOSYS          (-9)
      |         ^~~~~~
kernel/sched/../include/kernel.h:33:9: warning: ‘PAGE_SIZE_4K’ redefined
   33 | #define PAGE_SIZE_4K            0x1000
      |         ^~~~~~~~~~~~
kernel/sched/../include/types.h:87:9: note: this is the location of the previous definition
   87 | #define PAGE_SIZE_4K    (1ULL << PAGE_SHIFT_4K)
      |         ^~~~~~~~~~~~
kernel/sched/../include/kernel.h:101:9: warning: ‘offsetof’ redefined
  101 | #define offsetof(type, member) ((size_t)&((type *)0)->member)
      |         ^~~~~~~~
In file included from kernel/sched/../include/types.h:10:
/usr/lib/gcc/x86_64-linux-gnu/15/include/stddef.h:431:9: note: this is the location of the previous definition
  431 | #define offsetof(TYPE, MEMBER) __builtin_offsetof (TYPE, MEMBER)
      |         ^~~~~~~~
In file included from kernel/sched/sched.h:10:
kernel/sched/../sync/sync.h:440:9: warning: ‘barrier’ redefined
  440 | #define barrier() __asm__ __volatile__ ("" ::: "memory")
      |         ^~~~~~~
kernel/sched/../include/kernel.h:91:9: note: this is the location of the previous definition
   91 | #define barrier()               __asm__ __volatile__("" ::: "memory")
      |         ^~~~~~~
kernel/sched/process.c: In function ‘alloc_task_struct’:
kernel/sched/process.c:209:42: error: initialization of ‘long unsigned int’ from ‘void *’ makes integer from pointer without a cast [-Wint-conversion]
  209 |     task->se.rb_node = (struct rb_node){ NULL, NULL, NULL };
      |                                          ^~~~
kernel/sched/process.c:209:42: note: (near initialization for ‘(anonymous).rb_parent_color’)
kernel/sched/process.c:209:32: warning: missing initializer for field ‘rb_parent’ of ‘struct rb_node’ [-Wmissing-field-initializers]
  209 |     task->se.rb_node = (struct rb_node){ NULL, NULL, NULL };
      |                                ^~~~~~~
kernel/sched/../include/types.h:208:21: note: ‘rb_parent’ declared here
  208 |     struct rb_node *rb_parent;  /* Parent node (for some implementations) */
      |                     ^~~~~~~~~
kernel/sched/process.c: In function ‘task_create’:
kernel/sched/process.c:393:8: error: assignment to ‘struct rq *’ from ‘int’ makes pointer from integer without a cast [-Wint-conversion]
  393 |     rq = get_rq(task->cpu);
      |        ^
kernel/sched/process.c: In function ‘task_destroy’:
kernel/sched/process.c:471:8: error: assignment to ‘struct rq *’ from ‘int’ makes pointer from integer without a cast [-Wint-conversion]
  471 |     rq = get_rq(task->cpu);
      |        ^
kernel/sched/process.c: In function ‘do_exit’:
kernel/sched/process.c:516:8: error: assignment to ‘struct rq *’ from ‘int’ makes pointer from integer without a cast [-Wint-conversion]
  516 |     rq = get_rq(task->cpu);
      |        ^
kernel/sched/process.c:532:17: error: passing argument 1 of ‘wake_up’ from incompatible pointer type [-Wincompatible-pointer-types]
  532 |         wake_up(&parent->wait_queue);
      |                 ^~~~~~~~~~~~~~~~~~~
      |                 |
      |                 wait_queue_entry_t * {aka struct wait_queue_entry *}
kernel/sched/sched.h:404:28: note: expected ‘wait_queue_t *’ {aka ‘wait_queue_head_t *’} but argument is of type ‘wait_queue_entry_t *’ {aka ‘struct wait_queue_entry *’}
  404 | void wake_up(wait_queue_t *wq);
      |              ~~~~~~~~~~~~~~^~
kernel/sched/process.c: In function ‘wait_for_task’:
kernel/sched/process.c:771:40: error: passing argument 1 of ‘wait_event_interruptible’ from incompatible pointer type [-Wincompatible-pointer-types]
  771 |         ret = wait_event_interruptible(&task->wait_queue,
      |                                        ^~~~~~~~~~~~~~~~~
      |                                        |
      |                                        wait_queue_entry_t * {aka struct wait_queue_entry *}
kernel/sched/sched.h:403:45: note: expected ‘wait_queue_t *’ {aka ‘wait_queue_head_t *’} but argument is of type ‘wait_queue_entry_t *’ {aka ‘struct wait_queue_entry *’}
  403 | void wait_event_interruptible(wait_queue_t *wq, int condition);
      |                               ~~~~~~~~~~~~~~^~
kernel/sched/process.c:771:13: error: invalid use of void expression
  771 |         ret = wait_event_interruptible(&task->wait_queue,
      |             ^
kernel/sched/process.c: In function ‘wait_for_children’:
kernel/sched/process.c:848:34: error: passing argument 1 of ‘wait_event_interruptible’ from incompatible pointer type [-Wincompatible-pointer-types]
  848 |         wait_event_interruptible(&task->wait_queue,
      |                                  ^~~~~~~~~~~~~~~~~
      |                                  |
      |                                  wait_queue_entry_t * {aka struct wait_queue_entry *}
kernel/sched/sched.h:403:45: note: expected ‘wait_queue_t *’ {aka ‘wait_queue_head_t *’} but argument is of type ‘wait_queue_entry_t *’ {aka ‘struct wait_queue_entry *’}
  403 | void wait_event_interruptible(wait_queue_t *wq, int condition);
      |                               ~~~~~~~~~~~~~~^~
kernel/sched/process.c: At top level:
kernel/sched/process.c:987:13: warning: conflicting types for ‘arch_free_task_arch’; have ‘void(void *)’
  987 | extern void arch_free_task_arch(void *arch_data);
      |             ^~~~~~~~~~~~~~~~~~~
kernel/sched/process.c:275:9: note: previous implicit declaration of ‘arch_free_task_arch’ with type ‘void(void *)’
  275 |         arch_free_task_arch(task->arch);
      |         ^~~~~~~~~~~~~~~~~~~
kernel/sched/process.c:991:13: warning: conflicting types for ‘arch_set_return_value’; have ‘void(struct task_struct *, int)’
  991 | extern void arch_set_return_value(struct task_struct *task, int value);
      |             ^~~~~~~~~~~~~~~~~~~~~
kernel/sched/process.c:691:5: note: previous implicit declaration of ‘arch_set_return_value’ with type ‘void(struct task_struct *, int)’
  691 |     arch_set_return_value(child, 0);
      |     ^~~~~~~~~~~~~~~~~~~~~
kernel/sched/process.c:889:13: warning: ‘create_init_process’ defined but not used [-Wunused-function]
  889 | static void create_init_process(void)
      |             ^~~~~~~~~~~~~~~~~~~
  [WARN] Compilation warnings
  [CC]    kernel/sched/thread.c
cc1: warning: command-line option ‘-fno-rtti’ is valid for C++/D/ObjC++ but not for C
In file included from kernel/sched/../include/kernel.h:11,
                 from kernel/sched/sched.h:9,
                 from kernel/sched/thread.c:6:
kernel/sched/../include/types.h:270:9: warning: ‘ENOMEM’ redefined
  270 | #define ENOMEM      (-12)
      |         ^~~~~~
kernel/sched/../include/types.h:118:9: note: this is the location of the previous definition
  118 | #define ENOMEM          (-2)
      |         ^~~~~~
kernel/sched/../include/types.h:271:9: warning: ‘EINVAL’ redefined
  271 | #define EINVAL      (-22)
      |         ^~~~~~
kernel/sched/../include/types.h:119:9: note: this is the location of the previous definition
  119 | #define EINVAL          (-3)
      |         ^~~~~~
kernel/sched/../include/types.h:272:9: warning: ‘EFAULT’ redefined
  272 | #define EFAULT      (-14)
      |         ^~~~~~
kernel/sched/../include/types.h:133:9: note: this is the location of the previous definition
  133 | #define EFAULT          (-17)
      |         ^~~~~~
kernel/sched/../include/types.h:273:9: warning: ‘EACCES’ redefined
  273 | #define EACCES      (-13)
      |         ^~~~~~
kernel/sched/../include/types.h:122:9: note: this is the location of the previous definition
  122 | #define EACCES          (-6)
      |         ^~~~~~
kernel/sched/../include/types.h:274:9: warning: ‘EPERM’ redefined
  274 | #define EPERM       (-1)
      |         ^~~~~
kernel/sched/../include/types.h:130:9: note: this is the location of the previous definition
  130 | #define EPERM           (-14)
      |         ^~~~~
kernel/sched/../include/types.h:275:9: warning: ‘ESRCH’ redefined
  275 | #define ESRCH       (-3)
      |         ^~~~~
kernel/sched/../include/types.h:131:9: note: this is the location of the previous definition
  131 | #define ESRCH           (-15)
      |         ^~~~~
kernel/sched/../include/types.h:276:9: warning: ‘EINTR’ redefined
  276 | #define EINTR       (-4)
      |         ^~~~~
kernel/sched/../include/types.h:132:9: note: this is the location of the previous definition
  132 | #define EINTR           (-16)
      |         ^~~~~
kernel/sched/../include/types.h:277:9: warning: ‘EIO’ redefined
  277 | #define EIO         (-5)
      |         ^~~
kernel/sched/../include/types.h:123:9: note: this is the location of the previous definition
  123 | #define EIO             (-7)
      |         ^~~
kernel/sched/../include/types.h:280:9: warning: ‘ENODEV’ redefined
  280 | #define ENODEV      (-19)
      |         ^~~~~~
kernel/sched/../include/types.h:128:9: note: this is the location of the previous definition
  128 | #define ENODEV          (-12)
      |         ^~~~~~
kernel/sched/../include/types.h:285:9: warning: ‘EPIPE’ redefined
  285 | #define EPIPE       (-32)
      |         ^~~~~
kernel/sched/../include/types.h:136:9: note: this is the location of the previous definition
  136 | #define EPIPE           (-25)
      |         ^~~~~
kernel/sched/../include/types.h:286:9: warning: ‘ETIMEDOUT’ redefined
  286 | #define ETIMEDOUT   (-110)
      |         ^~~~~~~~~
kernel/sched/../include/types.h:124:9: note: this is the location of the previous definition
  124 | #define ETIMEDOUT       (-8)
      |         ^~~~~~~~~
kernel/sched/../include/types.h:287:9: warning: ‘ENOSYS’ redefined
  287 | #define ENOSYS      (-38)
      |         ^~~~~~
kernel/sched/../include/types.h:125:9: note: this is the location of the previous definition
  125 | #define ENOSYS          (-9)
      |         ^~~~~~
kernel/sched/../include/kernel.h:33:9: warning: ‘PAGE_SIZE_4K’ redefined
   33 | #define PAGE_SIZE_4K            0x1000
      |         ^~~~~~~~~~~~
kernel/sched/../include/types.h:87:9: note: this is the location of the previous definition
   87 | #define PAGE_SIZE_4K    (1ULL << PAGE_SHIFT_4K)
      |         ^~~~~~~~~~~~
kernel/sched/../include/kernel.h:101:9: warning: ‘offsetof’ redefined
  101 | #define offsetof(type, member) ((size_t)&((type *)0)->member)
      |         ^~~~~~~~
In file included from kernel/sched/../include/types.h:10:
/usr/lib/gcc/x86_64-linux-gnu/15/include/stddef.h:431:9: note: this is the location of the previous definition
  431 | #define offsetof(TYPE, MEMBER) __builtin_offsetof (TYPE, MEMBER)
      |         ^~~~~~~~
In file included from kernel/sched/sched.h:10:
kernel/sched/../sync/sync.h:440:9: warning: ‘barrier’ redefined
  440 | #define barrier() __asm__ __volatile__ ("" ::: "memory")
      |         ^~~~~~~
kernel/sched/../include/kernel.h:91:9: note: this is the location of the previous definition
   91 | #define barrier()               __asm__ __volatile__("" ::: "memory")
      |         ^~~~~~~
kernel/sched/thread.c: In function ‘thread_create’:
kernel/sched/thread.c:87:12: error: assignment to ‘struct task_struct *’ from ‘int’ makes pointer from integer without a cast [-Wint-conversion]
   87 |     thread = alloc_task_struct();
      |            ^
kernel/sched/thread.c: In function ‘thread_join’:
kernel/sched/thread.c:561:13: warning: comparison of unsigned expression in ‘< 0’ is always false [-Wtype-limits]
  561 |     if (pid < 0) {
      |             ^
kernel/sched/thread.c: In function ‘thread_set_priority’:
kernel/sched/thread.c:645:8: error: assignment to ‘struct rq *’ from ‘int’ makes pointer from integer without a cast [-Wint-conversion]
  645 |     rq = get_rq(thread->cpu);
      |        ^
kernel/sched/thread.c: In function ‘thread_setaffinity’:
kernel/sched/thread.c:706:8: error: assignment to ‘struct rq *’ from ‘int’ makes pointer from integer without a cast [-Wint-conversion]
  706 |     rq = get_rq(thread->cpu);
      |        ^
kernel/sched/thread.c: In function ‘thread_stats’:
kernel/sched/thread.c:834:50: error: ‘process_count’ undeclared (first use in this function)
  834 |     printk("Total Processes: %d\n", atomic_read(&process_count));
      |                                                  ^~~~~~~~~~~~~
kernel/sched/thread.c:834:50: note: each undeclared identifier is reported only once for each function it appears in
kernel/sched/thread.c: At top level:
kernel/sched/thread.c:851:13: warning: conflicting types for ‘arch_setup_user_stack’; have ‘void(struct task_struct *, size_t)’ {aka ‘void(struct task_struct *, long unsigned int)’}
  851 | extern void arch_setup_user_stack(struct task_struct *thread, size_t stack_size);
      |             ^~~~~~~~~~~~~~~~~~~~~
kernel/sched/thread.c:469:5: note: previous implicit declaration of ‘arch_setup_user_stack’ with type ‘void(struct task_struct *, size_t)’ {aka ‘void(struct task_struct *, long unsigned int)’}
  469 |     arch_setup_user_stack(thread, stack_size);
      |     ^~~~~~~~~~~~~~~~~~~~~
kernel/sched/thread.c:852:13: error: conflicting types for ‘signal_pending’; have ‘_Bool(struct task_struct *)’
  852 | extern bool signal_pending(struct task_struct *task);
      |             ^~~~~~~~~~~~~~
kernel/sched/thread.c:525:13: note: previous implicit declaration of ‘signal_pending’ with type ‘int()’
  525 |         if (signal_pending(task)) {
      |             ^~~~~~~~~~~~~~
kernel/sched/thread.c:396:13: warning: ‘tls_cleanup’ defined but not used [-Wunused-function]
  396 | static void tls_cleanup(struct task_struct *task)
      |             ^~~~~~~~~~~
  [WARN] Compilation warnings
  [CC]    kernel/sched/cfs.c
cc1: warning: command-line option ‘-fno-rtti’ is valid for C++/D/ObjC++ but not for C
In file included from kernel/sched/../include/kernel.h:11,
                 from kernel/sched/sched.h:9,
                 from kernel/sched/cfs.c:6:
kernel/sched/../include/types.h:270:9: warning: ‘ENOMEM’ redefined
  270 | #define ENOMEM      (-12)
      |         ^~~~~~
kernel/sched/../include/types.h:118:9: note: this is the location of the previous definition
  118 | #define ENOMEM          (-2)
      |         ^~~~~~
kernel/sched/../include/types.h:271:9: warning: ‘EINVAL’ redefined
  271 | #define EINVAL      (-22)
      |         ^~~~~~
kernel/sched/../include/types.h:119:9: note: this is the location of the previous definition
  119 | #define EINVAL          (-3)
      |         ^~~~~~
kernel/sched/../include/types.h:272:9: warning: ‘EFAULT’ redefined
  272 | #define EFAULT      (-14)
      |         ^~~~~~
kernel/sched/../include/types.h:133:9: note: this is the location of the previous definition
  133 | #define EFAULT          (-17)
      |         ^~~~~~
kernel/sched/../include/types.h:273:9: warning: ‘EACCES’ redefined
  273 | #define EACCES      (-13)
      |         ^~~~~~
kernel/sched/../include/types.h:122:9: note: this is the location of the previous definition
  122 | #define EACCES          (-6)
      |         ^~~~~~
kernel/sched/../include/types.h:274:9: warning: ‘EPERM’ redefined
  274 | #define EPERM       (-1)
      |         ^~~~~
kernel/sched/../include/types.h:130:9: note: this is the location of the previous definition
  130 | #define EPERM           (-14)
      |         ^~~~~
kernel/sched/../include/types.h:275:9: warning: ‘ESRCH’ redefined
  275 | #define ESRCH       (-3)
      |         ^~~~~
kernel/sched/../include/types.h:131:9: note: this is the location of the previous definition
  131 | #define ESRCH           (-15)
      |         ^~~~~
kernel/sched/../include/types.h:276:9: warning: ‘EINTR’ redefined
  276 | #define EINTR       (-4)
      |         ^~~~~
kernel/sched/../include/types.h:132:9: note: this is the location of the previous definition
  132 | #define EINTR           (-16)
      |         ^~~~~
kernel/sched/../include/types.h:277:9: warning: ‘EIO’ redefined
  277 | #define EIO         (-5)
      |         ^~~
kernel/sched/../include/types.h:123:9: note: this is the location of the previous definition
  123 | #define EIO             (-7)
      |         ^~~
kernel/sched/../include/types.h:280:9: warning: ‘ENODEV’ redefined
  280 | #define ENODEV      (-19)
      |         ^~~~~~
kernel/sched/../include/types.h:128:9: note: this is the location of the previous definition
  128 | #define ENODEV          (-12)
      |         ^~~~~~
kernel/sched/../include/types.h:285:9: warning: ‘EPIPE’ redefined
  285 | #define EPIPE       (-32)
      |         ^~~~~
kernel/sched/../include/types.h:136:9: note: this is the location of the previous definition
  136 | #define EPIPE           (-25)
      |         ^~~~~
kernel/sched/../include/types.h:286:9: warning: ‘ETIMEDOUT’ redefined
  286 | #define ETIMEDOUT   (-110)
      |         ^~~~~~~~~
kernel/sched/../include/types.h:124:9: note: this is the location of the previous definition
  124 | #define ETIMEDOUT       (-8)
      |         ^~~~~~~~~
kernel/sched/../include/types.h:287:9: warning: ‘ENOSYS’ redefined
  287 | #define ENOSYS      (-38)
      |         ^~~~~~
kernel/sched/../include/types.h:125:9: note: this is the location of the previous definition
  125 | #define ENOSYS          (-9)
      |         ^~~~~~
kernel/sched/../include/kernel.h:33:9: warning: ‘PAGE_SIZE_4K’ redefined
   33 | #define PAGE_SIZE_4K            0x1000
      |         ^~~~~~~~~~~~
kernel/sched/../include/types.h:87:9: note: this is the location of the previous definition
   87 | #define PAGE_SIZE_4K    (1ULL << PAGE_SHIFT_4K)
      |         ^~~~~~~~~~~~
kernel/sched/../include/kernel.h:101:9: warning: ‘offsetof’ redefined
  101 | #define offsetof(type, member) ((size_t)&((type *)0)->member)
      |         ^~~~~~~~
In file included from kernel/sched/../include/types.h:10:
/usr/lib/gcc/x86_64-linux-gnu/15/include/stddef.h:431:9: note: this is the location of the previous definition
  431 | #define offsetof(TYPE, MEMBER) __builtin_offsetof (TYPE, MEMBER)
      |         ^~~~~~~~
In file included from kernel/sched/sched.h:10:
kernel/sched/../sync/sync.h:440:9: warning: ‘barrier’ redefined
  440 | #define barrier() __asm__ __volatile__ ("" ::: "memory")
      |         ^~~~~~~
kernel/sched/../include/kernel.h:91:9: note: this is the location of the previous definition
   91 | #define barrier()               __asm__ __volatile__("" ::: "memory")
      |         ^~~~~~~
kernel/sched/cfs.c: In function ‘enqueue_task_fair’:
kernel/sched/cfs.c:447:34: error: expected expression before ‘struct’
  447 |         entry = rb_entry(parent, struct sched_entity, rb_node);
      |                                  ^~~~~~
kernel/sched/cfs.c:433:9: warning: variable ‘leftmost’ set but not used [-Wunused-but-set-variable]
  433 |     int leftmost = 1;
      |         ^~~~~~~~
kernel/sched/cfs.c: In function ‘pick_next_task_fair’:
kernel/sched/cfs.c:545:40: error: expected expression before ‘struct’
  545 |     se = rb_entry(cfs_rq->rb_leftmost, struct sched_entity, rb_node);
      |                                        ^~~~~~
kernel/sched/cfs.c: At top level:
kernel/sched/cfs.c:622:12: error: ‘prio_to_nice’ redeclared as different kind of symbol
  622 | static int prio_to_nice(int prio)
      |            ^~~~~~~~~~~~
kernel/sched/cfs.c:89:18: note: previous definition of ‘prio_to_nice’ with type ‘const int[40]’
   89 | static const int prio_to_nice[40] = {
      |                  ^~~~~~~~~~~~
kernel/sched/cfs.c: In function ‘set_user_nice’:
kernel/sched/cfs.c:666:8: error: assignment to ‘struct rq *’ from ‘int’ makes pointer from integer without a cast [-Wint-conversion]
  666 |     rq = get_rq(task->cpu);
      |        ^
kernel/sched/cfs.c: In function ‘set_scheduler_class’:
kernel/sched/cfs.c:719:8: error: assignment to ‘struct rq *’ from ‘int’ makes pointer from integer without a cast [-Wint-conversion]
  719 |     rq = get_rq(task->cpu);
      |        ^
kernel/sched/cfs.c: In function ‘set_cpus_allowed’:
kernel/sched/cfs.c:800:8: error: assignment to ‘struct rq *’ from ‘int’ makes pointer from integer without a cast [-Wint-conversion]
  800 |     rq = get_rq(task->cpu);
      |        ^
kernel/sched/cfs.c: In function ‘cfs_stats’:
kernel/sched/cfs.c:856:25: error: initialization of ‘struct rq *’ from ‘int’ makes pointer from integer without a cast [-Wint-conversion]
  856 |         struct rq *rq = get_rq(cpu);
      |                         ^~~~~~
kernel/sched/cfs.c: At top level:
kernel/sched/cfs.c:882:6: error: conflicting types for ‘vruntime_before’; have ‘_Bool(u64,  u64)’ {aka ‘_Bool(long unsigned int,  long unsigned int)’}
  882 | bool vruntime_before(u64 a, u64 b)
      |      ^~~~~~~~~~~~~~~
kernel/sched/cfs.c:450:13: note: previous implicit declaration of ‘vruntime_before’ with type ‘int()’
  450 |         if (vruntime_before(se->vruntime, entry->vruntime)) {
      |             ^~~~~~~~~~~~~~~
kernel/sched/cfs.c:914:6: warning: conflicting types for ‘rb_erase’; have ‘void(struct rb_node *, struct rb_root *)’
  914 | void rb_erase(struct rb_node *node, struct rb_root *root)
      |      ^~~~~~~~
kernel/sched/cfs.c:195:5: note: previous implicit declaration of ‘rb_erase’ with type ‘void(struct rb_node *, struct rb_root *)’
  195 |     rb_erase(node, root);
      |     ^~~~~~~~
kernel/sched/cfs.c:1010:6: warning: conflicting types for ‘rb_erase_fixup’; have ‘void(struct rb_root *, struct rb_node *, struct rb_node *)’
 1010 | void rb_erase_fixup(struct rb_root *root, struct rb_node *node,
      |      ^~~~~~~~~~~~~~
kernel/sched/cfs.c:998:9: note: previous implicit declaration of ‘rb_erase_fixup’ with type ‘void(struct rb_root *, struct rb_node *, struct rb_node *)’
  998 |         rb_erase_fixup(root, child, parent);
      |         ^~~~~~~~~~~~~~
kernel/sched/cfs.c:1098:6: warning: conflicting types for ‘rb_rotate_left’; have ‘void(struct rb_root *, struct rb_node *)’
 1098 | void rb_rotate_left(struct rb_root *root, struct rb_node *node)
      |      ^~~~~~~~~~~~~~
kernel/sched/cfs.c:1022:17: note: previous implicit declaration of ‘rb_rotate_left’ with type ‘void(struct rb_root *, struct rb_node *)’
 1022 |                 rb_rotate_left(root, parent);
      |                 ^~~~~~~~~~~~~~
kernel/sched/cfs.c:1128:6: warning: conflicting types for ‘rb_rotate_right’; have ‘void(struct rb_root *, struct rb_node *)’
 1128 | void rb_rotate_right(struct rb_root *root, struct rb_node *node)
      |      ^~~~~~~~~~~~~~~
kernel/sched/cfs.c:1037:21: note: previous implicit declaration of ‘rb_rotate_right’ with type ‘void(struct rb_root *, struct rb_node *)’
 1037 |                     rb_rotate_right(root, sibling);
      |                     ^~~~~~~~~~~~~~~
kernel/sched/cfs.c:1160:6: warning: conflicting types for ‘rb_insert_color’; have ‘void(struct rb_node *, struct rb_root *)’
 1160 | void rb_insert_color(struct rb_node *node, struct rb_root *root)
      |      ^~~~~~~~~~~~~~~
kernel/sched/cfs.c:218:5: note: previous implicit declaration of ‘rb_insert_color’ with type ‘void(struct rb_node *, struct rb_root *)’
  218 |     rb_insert_color(node, root);
      |     ^~~~~~~~~~~~~~~
kernel/sched/cfs.c:1217:6: error: redefinition of ‘rb_insert_color_cached’
 1217 | void rb_insert_color_cached(struct rb_node *node, struct rb_root *root,
      |      ^~~~~~~~~~~~~~~~~~~~~~
kernel/sched/cfs.c:208:20: note: previous definition of ‘rb_insert_color_cached’ with type ‘void(struct rb_node *, struct rb_root *, struct rb_node **)’
  208 | static inline void rb_insert_color_cached(struct rb_node *node,
      |                    ^~~~~~~~~~~~~~~~~~~~~~
kernel/sched/cfs.c:236:13: warning: ‘cfs_rq_init’ defined but not used [-Wunused-function]
  236 | static void cfs_rq_init(struct cfs_rq *cfs_rq, struct rq *rq)
      |             ^~~~~~~~~~~
  [WARN] Compilation warnings
  [CC]    kernel/sched/realtime.c
cc1: warning: command-line option ‘-fno-rtti’ is valid for C++/D/ObjC++ but not for C
In file included from kernel/sched/../include/kernel.h:11,
                 from kernel/sched/sched.h:9,
                 from kernel/sched/realtime.c:6:
kernel/sched/../include/types.h:270:9: warning: ‘ENOMEM’ redefined
  270 | #define ENOMEM      (-12)
      |         ^~~~~~
kernel/sched/../include/types.h:118:9: note: this is the location of the previous definition
  118 | #define ENOMEM          (-2)
      |         ^~~~~~
kernel/sched/../include/types.h:271:9: warning: ‘EINVAL’ redefined
  271 | #define EINVAL      (-22)
      |         ^~~~~~
kernel/sched/../include/types.h:119:9: note: this is the location of the previous definition
  119 | #define EINVAL          (-3)
      |         ^~~~~~
kernel/sched/../include/types.h:272:9: warning: ‘EFAULT’ redefined
  272 | #define EFAULT      (-14)
      |         ^~~~~~
kernel/sched/../include/types.h:133:9: note: this is the location of the previous definition
  133 | #define EFAULT          (-17)
      |         ^~~~~~
kernel/sched/../include/types.h:273:9: warning: ‘EACCES’ redefined
  273 | #define EACCES      (-13)
      |         ^~~~~~
kernel/sched/../include/types.h:122:9: note: this is the location of the previous definition
  122 | #define EACCES          (-6)
      |         ^~~~~~
kernel/sched/../include/types.h:274:9: warning: ‘EPERM’ redefined
  274 | #define EPERM       (-1)
      |         ^~~~~
kernel/sched/../include/types.h:130:9: note: this is the location of the previous definition
  130 | #define EPERM           (-14)
      |         ^~~~~
kernel/sched/../include/types.h:275:9: warning: ‘ESRCH’ redefined
  275 | #define ESRCH       (-3)
      |         ^~~~~
kernel/sched/../include/types.h:131:9: note: this is the location of the previous definition
  131 | #define ESRCH           (-15)
      |         ^~~~~
kernel/sched/../include/types.h:276:9: warning: ‘EINTR’ redefined
  276 | #define EINTR       (-4)
      |         ^~~~~
kernel/sched/../include/types.h:132:9: note: this is the location of the previous definition
  132 | #define EINTR           (-16)
      |         ^~~~~
kernel/sched/../include/types.h:277:9: warning: ‘EIO’ redefined
  277 | #define EIO         (-5)
      |         ^~~
kernel/sched/../include/types.h:123:9: note: this is the location of the previous definition
  123 | #define EIO             (-7)
      |         ^~~
kernel/sched/../include/types.h:280:9: warning: ‘ENODEV’ redefined
  280 | #define ENODEV      (-19)
      |         ^~~~~~
kernel/sched/../include/types.h:128:9: note: this is the location of the previous definition
  128 | #define ENODEV          (-12)
      |         ^~~~~~
kernel/sched/../include/types.h:285:9: warning: ‘EPIPE’ redefined
  285 | #define EPIPE       (-32)
      |         ^~~~~
kernel/sched/../include/types.h:136:9: note: this is the location of the previous definition
  136 | #define EPIPE           (-25)
      |         ^~~~~
kernel/sched/../include/types.h:286:9: warning: ‘ETIMEDOUT’ redefined
  286 | #define ETIMEDOUT   (-110)
      |         ^~~~~~~~~
kernel/sched/../include/types.h:124:9: note: this is the location of the previous definition
  124 | #define ETIMEDOUT       (-8)
      |         ^~~~~~~~~
kernel/sched/../include/types.h:287:9: warning: ‘ENOSYS’ redefined
  287 | #define ENOSYS      (-38)
      |         ^~~~~~
kernel/sched/../include/types.h:125:9: note: this is the location of the previous definition
  125 | #define ENOSYS          (-9)
      |         ^~~~~~
kernel/sched/../include/kernel.h:33:9: warning: ‘PAGE_SIZE_4K’ redefined
   33 | #define PAGE_SIZE_4K            0x1000
      |         ^~~~~~~~~~~~
kernel/sched/../include/types.h:87:9: note: this is the location of the previous definition
   87 | #define PAGE_SIZE_4K    (1ULL << PAGE_SHIFT_4K)
      |         ^~~~~~~~~~~~
kernel/sched/../include/kernel.h:101:9: warning: ‘offsetof’ redefined
  101 | #define offsetof(type, member) ((size_t)&((type *)0)->member)
      |         ^~~~~~~~
In file included from kernel/sched/../include/types.h:10:
/usr/lib/gcc/x86_64-linux-gnu/15/include/stddef.h:431:9: note: this is the location of the previous definition
  431 | #define offsetof(TYPE, MEMBER) __builtin_offsetof (TYPE, MEMBER)
      |         ^~~~~~~~
In file included from kernel/sched/sched.h:10:
kernel/sched/../sync/sync.h:440:9: warning: ‘barrier’ redefined
  440 | #define barrier() __asm__ __volatile__ ("" ::: "memory")
      |         ^~~~~~~
kernel/sched/../include/kernel.h:91:9: note: this is the location of the previous definition
   91 | #define barrier()               __asm__ __volatile__("" ::: "memory")
      |         ^~~~~~~
kernel/sched/realtime.c: In function ‘rt_rq_init’:
kernel/sched/realtime.c:62:20: error: passing argument 1 of ‘INIT_LIST_HEAD’ from incompatible pointer type [-Wincompatible-pointer-types]
   62 |     INIT_LIST_HEAD(&rt_rq->queue);
      |                    ^~~~~~~~~~~~~
      |                    |
      |                    struct list_head (*)[100]
kernel/sched/../include/kernel.h:107:53: note: expected ‘struct list_head *’ but argument is of type ‘struct list_head (*)[100]’
  107 | static inline void INIT_LIST_HEAD(struct list_head *list) {
      |                                   ~~~~~~~~~~~~~~~~~~^~~~
kernel/sched/realtime.c: In function ‘enqueue_task_rt’:
kernel/sched/realtime.c:230:27: warning: comparison of integer expressions of different signedness: ‘unsigned int’ and ‘int’ [-Wsign-compare]
  230 |     if (task->rt_priority < rt_rq->pushable_tasks) {
      |                           ^
kernel/sched/realtime.c: In function ‘rt_set_priority’:
kernel/sched/realtime.c:527:8: error: assignment to ‘struct rq *’ from ‘int’ makes pointer from integer without a cast [-Wint-conversion]
  527 |     rq = get_rq(task->cpu);
      |        ^
kernel/sched/realtime.c: In function ‘rt_mutex_lock’:
kernel/sched/realtime.c:655:36: warning: comparison of integer expressions of different signedness: ‘s32’ {aka ‘int’} and ‘unsigned int’ [-Wsign-compare]
  655 |         if (owner->pi_boosted_prio > owner->rt_priority) {
      |                                    ^
kernel/sched/realtime.c: In function ‘rt_stats’:
kernel/sched/realtime.c:845:25: error: initialization of ‘struct rq *’ from ‘int’ makes pointer from integer without a cast [-Wint-conversion]
  845 |         struct rq *rq = get_rq(cpu);
      |                         ^~~~~~
kernel/sched/realtime.c: In function ‘for_each_rt_task’:
kernel/sched/realtime.c:888:11: error: ‘sq’ undeclared (first use in this function); did you mean ‘rq’?
  888 |     (void)sq;
      |           ^~
      |           rq
kernel/sched/realtime.c:888:11: note: each undeclared identifier is reported only once for each function it appears in
kernel/sched/realtime.c: At top level:
kernel/sched/realtime.c:914:13: warning: conflicting types for ‘resched_cpu’; have ‘void(int)’
  914 | extern void resched_cpu(int cpu);
      |             ^~~~~~~~~~~
kernel/sched/realtime.c:344:9: note: previous implicit declaration of ‘resched_cpu’ with type ‘void(int)’
  344 |         resched_cpu(rq->cpu);
      |         ^~~~~~~~~~~
kernel/sched/realtime.c:917:9: warning: ‘ENQUEUE_REPLENISH’ redefined
  917 | #define ENQUEUE_REPLENISH     0x01
      |         ^~~~~~~~~~~~~~~~~
kernel/sched/sched.h:53:9: note: this is the location of the previous definition
   53 | #define ENQUEUE_REPLENISH     0x0001
      |         ^~~~~~~~~~~~~~~~~
kernel/sched/realtime.c:918:9: warning: ‘ENQUEUE_HEAD’ redefined
  918 | #define ENQUEUE_HEAD          0x02
      |         ^~~~~~~~~~~~
kernel/sched/sched.h:54:9: note: this is the location of the previous definition
   54 | #define ENQUEUE_HEAD          0x0002
      |         ^~~~~~~~~~~~
kernel/sched/realtime.c:485:13: warning: ‘rr_wakeup’ defined but not used [-Wunused-function]
  485 | static void rr_wakeup(struct rq *rq, struct task_struct *task)
      |             ^~~~~~~~~
kernel/sched/realtime.c:434:13: warning: ‘sched_rr_run’ defined but not used [-Wunused-function]
  434 | static void sched_rr_run(struct rq *rq, struct task_struct *task)
      |             ^~~~~~~~~~~~
kernel/sched/realtime.c:400:13: warning: ‘fifo_wakeup’ defined but not used [-Wunused-function]
  400 | static void fifo_wakeup(struct rq *rq, struct task_struct *task)
      |             ^~~~~~~~~~~
kernel/sched/realtime.c:384:13: warning: ‘sched_fifo_run’ defined but not used [-Wunused-function]
  384 | static void sched_fifo_run(struct rq *rq, struct task_struct *task)
      |             ^~~~~~~~~~~~~~
kernel/sched/realtime.c:158:13: warning: ‘do_sched_rt_period_timer’ defined but not used [-Wunused-function]
  158 | static void do_sched_rt_period_timer(struct rt_rq *rt_rq)
      |             ^~~~~~~~~~~~~~~~~~~~~~~~
kernel/sched/realtime.c:58:13: warning: ‘rt_rq_init’ defined but not used [-Wunused-function]
   58 | static void rt_rq_init(struct rt_rq *rt_rq, struct rq *rq)
      |             ^~~~~~~~~~
  [WARN] Compilation warnings
  [CC]    kernel/syscall/syscall.c
cc1: warning: command-line option ‘-fno-rtti’ is valid for C++/D/ObjC++ but not for C
In file included from kernel/syscall/../include/kernel.h:11,
                 from kernel/syscall/syscall.h:11,
                 from kernel/syscall/syscall.c:9:
kernel/syscall/../include/types.h:270:9: warning: ‘ENOMEM’ redefined
  270 | #define ENOMEM      (-12)
      |         ^~~~~~
kernel/syscall/../include/types.h:118:9: note: this is the location of the previous definition
  118 | #define ENOMEM          (-2)
      |         ^~~~~~
kernel/syscall/../include/types.h:271:9: warning: ‘EINVAL’ redefined
  271 | #define EINVAL      (-22)
      |         ^~~~~~
kernel/syscall/../include/types.h:119:9: note: this is the location of the previous definition
  119 | #define EINVAL          (-3)
      |         ^~~~~~
kernel/syscall/../include/types.h:272:9: warning: ‘EFAULT’ redefined
  272 | #define EFAULT      (-14)
      |         ^~~~~~
kernel/syscall/../include/types.h:133:9: note: this is the location of the previous definition
  133 | #define EFAULT          (-17)
      |         ^~~~~~
kernel/syscall/../include/types.h:273:9: warning: ‘EACCES’ redefined
  273 | #define EACCES      (-13)
      |         ^~~~~~
kernel/syscall/../include/types.h:122:9: note: this is the location of the previous definition
  122 | #define EACCES          (-6)
      |         ^~~~~~
kernel/syscall/../include/types.h:274:9: warning: ‘EPERM’ redefined
  274 | #define EPERM       (-1)
      |         ^~~~~
kernel/syscall/../include/types.h:130:9: note: this is the location of the previous definition
  130 | #define EPERM           (-14)
      |         ^~~~~
kernel/syscall/../include/types.h:275:9: warning: ‘ESRCH’ redefined
  275 | #define ESRCH       (-3)
      |         ^~~~~
kernel/syscall/../include/types.h:131:9: note: this is the location of the previous definition
  131 | #define ESRCH           (-15)
      |         ^~~~~
kernel/syscall/../include/types.h:276:9: warning: ‘EINTR’ redefined
  276 | #define EINTR       (-4)
      |         ^~~~~
kernel/syscall/../include/types.h:132:9: note: this is the location of the previous definition
  132 | #define EINTR           (-16)
      |         ^~~~~
kernel/syscall/../include/types.h:277:9: warning: ‘EIO’ redefined
  277 | #define EIO         (-5)
      |         ^~~
kernel/syscall/../include/types.h:123:9: note: this is the location of the previous definition
  123 | #define EIO             (-7)
      |         ^~~
kernel/syscall/../include/types.h:280:9: warning: ‘ENODEV’ redefined
  280 | #define ENODEV      (-19)
      |         ^~~~~~
kernel/syscall/../include/types.h:128:9: note: this is the location of the previous definition
  128 | #define ENODEV          (-12)
      |         ^~~~~~
kernel/syscall/../include/types.h:285:9: warning: ‘EPIPE’ redefined
  285 | #define EPIPE       (-32)
      |         ^~~~~
kernel/syscall/../include/types.h:136:9: note: this is the location of the previous definition
  136 | #define EPIPE           (-25)
      |         ^~~~~
kernel/syscall/../include/types.h:286:9: warning: ‘ETIMEDOUT’ redefined
  286 | #define ETIMEDOUT   (-110)
      |         ^~~~~~~~~
kernel/syscall/../include/types.h:124:9: note: this is the location of the previous definition
  124 | #define ETIMEDOUT       (-8)
      |         ^~~~~~~~~
kernel/syscall/../include/types.h:287:9: warning: ‘ENOSYS’ redefined
  287 | #define ENOSYS      (-38)
      |         ^~~~~~
kernel/syscall/../include/types.h:125:9: note: this is the location of the previous definition
  125 | #define ENOSYS          (-9)
      |         ^~~~~~
kernel/syscall/../include/kernel.h:33:9: warning: ‘PAGE_SIZE_4K’ redefined
   33 | #define PAGE_SIZE_4K            0x1000
      |         ^~~~~~~~~~~~
kernel/syscall/../include/types.h:87:9: note: this is the location of the previous definition
   87 | #define PAGE_SIZE_4K    (1ULL << PAGE_SHIFT_4K)
      |         ^~~~~~~~~~~~
kernel/syscall/../include/kernel.h:101:9: warning: ‘offsetof’ redefined
  101 | #define offsetof(type, member) ((size_t)&((type *)0)->member)
      |         ^~~~~~~~
In file included from kernel/syscall/../include/types.h:10:
/usr/lib/gcc/x86_64-linux-gnu/15/include/stddef.h:431:9: note: this is the location of the previous definition
  431 | #define offsetof(TYPE, MEMBER) __builtin_offsetof (TYPE, MEMBER)
      |         ^~~~~~~~
In file included from kernel/syscall/../sched/sched.h:10,
                 from kernel/syscall/syscall.c:10:
kernel/syscall/../sched/../sync/sync.h:440:9: warning: ‘barrier’ redefined
  440 | #define barrier() __asm__ __volatile__ ("" ::: "memory")
      |         ^~~~~~~
kernel/syscall/../include/kernel.h:91:9: note: this is the location of the previous definition
   91 | #define barrier()               __asm__ __volatile__("" ::: "memory")
      |         ^~~~~~~
kernel/syscall/syscall.c:23:3: error: ‘syscall_stats’ redeclared as different kind of symbol
   23 | } syscall_stats[NR_SYSCALLS];
      |   ^~~~~~~~~~~~~
kernel/syscall/syscall.h:744:6: note: previous declaration of ‘syscall_stats’ with type ‘void(void)’
  744 | void syscall_stats(void);
      |      ^~~~~~~~~~~~~
kernel/syscall/syscall.c:336:13: error: conflicting types for ‘syscall_exit’; have ‘void(struct syscall_args *, s64,  u64)’ {aka ‘void(struct syscall_args *, long int,  long unsigned int)’}
  336 | static void syscall_exit(struct syscall_args *args, s64 ret, u64 duration_ns)
      |             ^~~~~~~~~~~~
kernel/syscall/syscall.h:741:6: note: previous declaration of ‘syscall_exit’ with type ‘void(void)’
  741 | void syscall_exit(void);
      |      ^~~~~~~~~~~~
kernel/syscall/syscall.c: In function ‘syscall_register’:
kernel/syscall/syscall.c:482:5: error: ‘syscall_table’ undeclared (first use in this function); did you mean ‘syscall_stats’?
  482 |     syscall_table[nr].handler = handler;
      |     ^~~~~~~~~~~~~
      |     syscall_stats
kernel/syscall/syscall.c:482:5: note: each undeclared identifier is reported only once for each function it appears in
kernel/syscall/syscall.c: In function ‘syscall_unregister’:
kernel/syscall/syscall.c:506:5: error: ‘syscall_table’ undeclared (first use in this function); did you mean ‘syscall_stats’?
  506 |     syscall_table[nr].handler = NULL;
      |     ^~~~~~~~~~~~~
      |     syscall_stats
kernel/syscall/syscall.c: In function ‘syscall_stats’:
kernel/syscall/syscall.c:568:47: error: subscripted value is neither array nor pointer nor vector
  568 |         u64 count = atomic_read(&syscall_stats[i].count);
      |                                               ^
kernel/syscall/syscall.c:570:36: error: subscripted value is neither array nor pointer nor vector
  570 |             u64 avg = syscall_stats[i].total_time_ns / count;
      |                                    ^
kernel/syscall/syscall.c:576:33: error: subscripted value is neither array nor pointer nor vector
  576 |                    syscall_stats[i].min_time_ns,
      |                                 ^
kernel/syscall/syscall.c:577:33: error: subscripted value is neither array nor pointer nor vector
  577 |                    syscall_stats[i].max_time_ns,
      |                                 ^
kernel/syscall/syscall.c: In function ‘syscall_init’:
kernel/syscall/syscall.c:605:34: error: subscripted value is neither array nor pointer nor vector
  605 |         atomic_set(&syscall_stats[i].count, 0);
      |                                  ^
kernel/syscall/syscall.c:606:22: error: subscripted value is neither array nor pointer nor vector
  606 |         syscall_stats[i].total_time_ns = 0;
      |                      ^
kernel/syscall/syscall.c:607:22: error: subscripted value is neither array nor pointer nor vector
  607 |         syscall_stats[i].min_time_ns = 0;
      |                      ^
kernel/syscall/syscall.c:608:22: error: subscripted value is neither array nor pointer nor vector
  608 |         syscall_stats[i].max_time_ns = 0;
      |                      ^
kernel/syscall/syscall.c: At top level:
kernel/syscall/syscall.c:291:12: warning: ‘syscall_validate_ptr’ defined but not used [-Wunused-function]
  291 | static s64 syscall_validate_ptr(const void *ptr, size_t size, u32 flags)
      |            ^~~~~~~~~~~~~~~~~~~~
kernel/syscall/syscall.c:261:12: warning: ‘syscall_validate_args’ defined but not used [-Wunused-function]
  261 | static s64 syscall_validate_args(struct syscall_args *args, u32 nargs)
      |            ^~~~~~~~~~~~~~~~~~~~~
  [WARN] Compilation warnings
  [CC]    kernel/syscall/syscall_table.c
cc1: warning: command-line option ‘-fno-rtti’ is valid for C++/D/ObjC++ but not for C
In file included from kernel/syscall/../include/kernel.h:11,
                 from kernel/syscall/syscall.h:11,
                 from kernel/syscall/syscall_table.c:9:
kernel/syscall/../include/types.h:270:9: warning: ‘ENOMEM’ redefined
  270 | #define ENOMEM      (-12)
      |         ^~~~~~
kernel/syscall/../include/types.h:118:9: note: this is the location of the previous definition
  118 | #define ENOMEM          (-2)
      |         ^~~~~~
kernel/syscall/../include/types.h:271:9: warning: ‘EINVAL’ redefined
  271 | #define EINVAL      (-22)
      |         ^~~~~~
kernel/syscall/../include/types.h:119:9: note: this is the location of the previous definition
  119 | #define EINVAL          (-3)
      |         ^~~~~~
kernel/syscall/../include/types.h:272:9: warning: ‘EFAULT’ redefined
  272 | #define EFAULT      (-14)
      |         ^~~~~~
kernel/syscall/../include/types.h:133:9: note: this is the location of the previous definition
  133 | #define EFAULT          (-17)
      |         ^~~~~~
kernel/syscall/../include/types.h:273:9: warning: ‘EACCES’ redefined
  273 | #define EACCES      (-13)
      |         ^~~~~~
kernel/syscall/../include/types.h:122:9: note: this is the location of the previous definition
  122 | #define EACCES          (-6)
      |         ^~~~~~
kernel/syscall/../include/types.h:274:9: warning: ‘EPERM’ redefined
  274 | #define EPERM       (-1)
      |         ^~~~~
kernel/syscall/../include/types.h:130:9: note: this is the location of the previous definition
  130 | #define EPERM           (-14)
      |         ^~~~~
kernel/syscall/../include/types.h:275:9: warning: ‘ESRCH’ redefined
  275 | #define ESRCH       (-3)
      |         ^~~~~
kernel/syscall/../include/types.h:131:9: note: this is the location of the previous definition
  131 | #define ESRCH           (-15)
      |         ^~~~~
kernel/syscall/../include/types.h:276:9: warning: ‘EINTR’ redefined
  276 | #define EINTR       (-4)
      |         ^~~~~
kernel/syscall/../include/types.h:132:9: note: this is the location of the previous definition
  132 | #define EINTR           (-16)
      |         ^~~~~
kernel/syscall/../include/types.h:277:9: warning: ‘EIO’ redefined
  277 | #define EIO         (-5)
      |         ^~~
kernel/syscall/../include/types.h:123:9: note: this is the location of the previous definition
  123 | #define EIO             (-7)
      |         ^~~
kernel/syscall/../include/types.h:280:9: warning: ‘ENODEV’ redefined
  280 | #define ENODEV      (-19)
      |         ^~~~~~
kernel/syscall/../include/types.h:128:9: note: this is the location of the previous definition
  128 | #define ENODEV          (-12)
      |         ^~~~~~
kernel/syscall/../include/types.h:285:9: warning: ‘EPIPE’ redefined
  285 | #define EPIPE       (-32)
      |         ^~~~~
kernel/syscall/../include/types.h:136:9: note: this is the location of the previous definition
  136 | #define EPIPE           (-25)
      |         ^~~~~
kernel/syscall/../include/types.h:286:9: warning: ‘ETIMEDOUT’ redefined
  286 | #define ETIMEDOUT   (-110)
      |         ^~~~~~~~~
kernel/syscall/../include/types.h:124:9: note: this is the location of the previous definition
  124 | #define ETIMEDOUT       (-8)
      |         ^~~~~~~~~
kernel/syscall/../include/types.h:287:9: warning: ‘ENOSYS’ redefined
  287 | #define ENOSYS      (-38)
      |         ^~~~~~
kernel/syscall/../include/types.h:125:9: note: this is the location of the previous definition
  125 | #define ENOSYS          (-9)
      |         ^~~~~~
kernel/syscall/../include/kernel.h:33:9: warning: ‘PAGE_SIZE_4K’ redefined
   33 | #define PAGE_SIZE_4K            0x1000
      |         ^~~~~~~~~~~~
kernel/syscall/../include/types.h:87:9: note: this is the location of the previous definition
   87 | #define PAGE_SIZE_4K    (1ULL << PAGE_SHIFT_4K)
      |         ^~~~~~~~~~~~
kernel/syscall/../include/kernel.h:101:9: warning: ‘offsetof’ redefined
  101 | #define offsetof(type, member) ((size_t)&((type *)0)->member)
      |         ^~~~~~~~
In file included from kernel/syscall/../include/types.h:10:
/usr/lib/gcc/x86_64-linux-gnu/15/include/stddef.h:431:9: note: this is the location of the previous definition
  431 | #define offsetof(TYPE, MEMBER) __builtin_offsetof (TYPE, MEMBER)
      |         ^~~~~~~~
kernel/syscall/syscall_table.c:797:20: error: ‘sys_semtimedop’ undeclared here (not in a function)
  797 |         .handler = sys_semtimedop,
      |                    ^~~~~~~~~~~~~~
kernel/syscall/syscall_table.c:866:20: error: ‘sys_sched_setattr’ undeclared here (not in a function); did you mean ‘sys_sched_setaffinity’?
  866 |         .handler = sys_sched_setattr,
      |                    ^~~~~~~~~~~~~~~~~
      |                    sys_sched_setaffinity
kernel/syscall/syscall_table.c:873:20: error: ‘sys_sched_getattr’ undeclared here (not in a function); did you mean ‘sys_sched_getaffinity’?
  873 |         .handler = sys_sched_getattr,
      |                    ^~~~~~~~~~~~~~~~~
      |                    sys_sched_getaffinity
kernel/syscall/syscall_table.c:880:20: error: ‘sys_sched_setparam’ undeclared here (not in a function)
  880 |         .handler = sys_sched_setparam,
      |                    ^~~~~~~~~~~~~~~~~~
kernel/syscall/syscall_table.c:887:20: error: ‘sys_sched_getparam’ undeclared here (not in a function)
  887 |         .handler = sys_sched_getparam,
      |                    ^~~~~~~~~~~~~~~~~~
kernel/syscall/syscall_table.c:966:20: error: ‘sys_clock_getcpuclockid’ undeclared here (not in a function)
  966 |         .handler = sys_clock_getcpuclockid,
      |                    ^~~~~~~~~~~~~~~~~~~~~~~
kernel/syscall/syscall_table.c:1001:20: error: ‘sys_alarm’ undeclared here (not in a function)
 1001 |         .handler = sys_alarm,
      |                    ^~~~~~~~~
kernel/syscall/syscall_table.c:1032:20: error: ‘sys_signal’ undeclared here (not in a function); did you mean ‘sys_signalfd’?
 1032 |         .handler = sys_signal,
      |                    ^~~~~~~~~~
      |                    sys_signalfd
kernel/syscall/syscall_table.c:1039:20: error: ‘sys_sigaction’ undeclared here (not in a function); did you mean ‘sys_rt_sigaction’?
 1039 |         .handler = sys_sigaction,
      |                    ^~~~~~~~~~~~~
      |                    sys_rt_sigaction
kernel/syscall/syscall_table.c:1046:20: error: ‘sys_sigprocmask’ undeclared here (not in a function); did you mean ‘sys_rt_sigprocmask’?
 1046 |         .handler = sys_sigprocmask,
      |                    ^~~~~~~~~~~~~~~
      |                    sys_rt_sigprocmask
  [WARN] Compilation warnings
  [CC]    kernel/syscall/syscall_handlers.c
cc1: warning: command-line option ‘-fno-rtti’ is valid for C++/D/ObjC++ but not for C
In file included from kernel/syscall/../include/kernel.h:11,
                 from kernel/syscall/syscall.h:11,
                 from kernel/syscall/syscall_handlers.c:9:
kernel/syscall/../include/types.h:270:9: warning: ‘ENOMEM’ redefined
  270 | #define ENOMEM      (-12)
      |         ^~~~~~
kernel/syscall/../include/types.h:118:9: note: this is the location of the previous definition
  118 | #define ENOMEM          (-2)
      |         ^~~~~~
kernel/syscall/../include/types.h:271:9: warning: ‘EINVAL’ redefined
  271 | #define EINVAL      (-22)
      |         ^~~~~~
kernel/syscall/../include/types.h:119:9: note: this is the location of the previous definition
  119 | #define EINVAL          (-3)
      |         ^~~~~~
kernel/syscall/../include/types.h:272:9: warning: ‘EFAULT’ redefined
  272 | #define EFAULT      (-14)
      |         ^~~~~~
kernel/syscall/../include/types.h:133:9: note: this is the location of the previous definition
  133 | #define EFAULT          (-17)
      |         ^~~~~~
kernel/syscall/../include/types.h:273:9: warning: ‘EACCES’ redefined
  273 | #define EACCES      (-13)
      |         ^~~~~~
kernel/syscall/../include/types.h:122:9: note: this is the location of the previous definition
  122 | #define EACCES          (-6)
      |         ^~~~~~
kernel/syscall/../include/types.h:274:9: warning: ‘EPERM’ redefined
  274 | #define EPERM       (-1)
      |         ^~~~~
kernel/syscall/../include/types.h:130:9: note: this is the location of the previous definition
  130 | #define EPERM           (-14)
      |         ^~~~~
kernel/syscall/../include/types.h:275:9: warning: ‘ESRCH’ redefined
  275 | #define ESRCH       (-3)
      |         ^~~~~
kernel/syscall/../include/types.h:131:9: note: this is the location of the previous definition
  131 | #define ESRCH           (-15)
      |         ^~~~~
kernel/syscall/../include/types.h:276:9: warning: ‘EINTR’ redefined
  276 | #define EINTR       (-4)
      |         ^~~~~
kernel/syscall/../include/types.h:132:9: note: this is the location of the previous definition
  132 | #define EINTR           (-16)
      |         ^~~~~
kernel/syscall/../include/types.h:277:9: warning: ‘EIO’ redefined
  277 | #define EIO         (-5)
      |         ^~~
kernel/syscall/../include/types.h:123:9: note: this is the location of the previous definition
  123 | #define EIO             (-7)
      |         ^~~
kernel/syscall/../include/types.h:280:9: warning: ‘ENODEV’ redefined
  280 | #define ENODEV      (-19)
      |         ^~~~~~
kernel/syscall/../include/types.h:128:9: note: this is the location of the previous definition
  128 | #define ENODEV          (-12)
      |         ^~~~~~
kernel/syscall/../include/types.h:285:9: warning: ‘EPIPE’ redefined
  285 | #define EPIPE       (-32)
      |         ^~~~~
kernel/syscall/../include/types.h:136:9: note: this is the location of the previous definition
  136 | #define EPIPE           (-25)
      |         ^~~~~
kernel/syscall/../include/types.h:286:9: warning: ‘ETIMEDOUT’ redefined
  286 | #define ETIMEDOUT   (-110)
      |         ^~~~~~~~~
kernel/syscall/../include/types.h:124:9: note: this is the location of the previous definition
  124 | #define ETIMEDOUT       (-8)
      |         ^~~~~~~~~
kernel/syscall/../include/types.h:287:9: warning: ‘ENOSYS’ redefined
  287 | #define ENOSYS      (-38)
      |         ^~~~~~
kernel/syscall/../include/types.h:125:9: note: this is the location of the previous definition
  125 | #define ENOSYS          (-9)
      |         ^~~~~~
kernel/syscall/../include/kernel.h:33:9: warning: ‘PAGE_SIZE_4K’ redefined
   33 | #define PAGE_SIZE_4K            0x1000
      |         ^~~~~~~~~~~~
kernel/syscall/../include/types.h:87:9: note: this is the location of the previous definition
   87 | #define PAGE_SIZE_4K    (1ULL << PAGE_SHIFT_4K)
      |         ^~~~~~~~~~~~
kernel/syscall/../include/kernel.h:101:9: warning: ‘offsetof’ redefined
  101 | #define offsetof(type, member) ((size_t)&((type *)0)->member)
      |         ^~~~~~~~
In file included from kernel/syscall/../include/types.h:10:
/usr/lib/gcc/x86_64-linux-gnu/15/include/stddef.h:431:9: note: this is the location of the previous definition
  431 | #define offsetof(TYPE, MEMBER) __builtin_offsetof (TYPE, MEMBER)
      |         ^~~~~~~~
In file included from kernel/syscall/../sched/sched.h:10,
                 from kernel/syscall/syscall_handlers.c:10:
kernel/syscall/../sched/../sync/sync.h:440:9: warning: ‘barrier’ redefined
  440 | #define barrier() __asm__ __volatile__ ("" ::: "memory")
      |         ^~~~~~~
kernel/syscall/../include/kernel.h:91:9: note: this is the location of the previous definition
   91 | #define barrier()               __asm__ __volatile__("" ::: "memory")
      |         ^~~~~~~
In file included from kernel/syscall/syscall_handlers.c:12:
kernel/syscall/../ipc/ipc.h:420:50: warning: ‘struct vm_fault’ declared inside parameter list will not be visible outside of this definition or declaration
  420 | int shm_fault(struct vm_area_struct *vma, struct vm_fault *vmf);
      |                                                  ^~~~~~~~
kernel/syscall/syscall_handlers.c: In function ‘sys_wait4’:
kernel/syscall/syscall_handlers.c:214:13: warning: comparison of integer expressions of different signedness: ‘pid_t’ {aka ‘unsigned int’} and ‘int’ [-Wsign-compare]
  214 |     if (pid == -1) {
      |             ^~
  [CC]    platform/platform.c
cc1: warning: command-line option ‘-fno-rtti’ is valid for C++/D/ObjC++ but not for C
In file included from platform/../kernel/include/kernel.h:11,
                 from platform/platform.h:12,
                 from platform/platform.c:8:
platform/../kernel/include/types.h:270:9: warning: ‘ENOMEM’ redefined
  270 | #define ENOMEM      (-12)
      |         ^~~~~~
platform/../kernel/include/types.h:118:9: note: this is the location of the previous definition
  118 | #define ENOMEM          (-2)
      |         ^~~~~~
platform/../kernel/include/types.h:271:9: warning: ‘EINVAL’ redefined
  271 | #define EINVAL      (-22)
      |         ^~~~~~
platform/../kernel/include/types.h:119:9: note: this is the location of the previous definition
  119 | #define EINVAL          (-3)
      |         ^~~~~~
platform/../kernel/include/types.h:272:9: warning: ‘EFAULT’ redefined
  272 | #define EFAULT      (-14)
      |         ^~~~~~
platform/../kernel/include/types.h:133:9: note: this is the location of the previous definition
  133 | #define EFAULT          (-17)
      |         ^~~~~~
platform/../kernel/include/types.h:273:9: warning: ‘EACCES’ redefined
  273 | #define EACCES      (-13)
      |         ^~~~~~
platform/../kernel/include/types.h:122:9: note: this is the location of the previous definition
  122 | #define EACCES          (-6)
      |         ^~~~~~
platform/../kernel/include/types.h:274:9: warning: ‘EPERM’ redefined
  274 | #define EPERM       (-1)
      |         ^~~~~
platform/../kernel/include/types.h:130:9: note: this is the location of the previous definition
  130 | #define EPERM           (-14)
      |         ^~~~~
platform/../kernel/include/types.h:275:9: warning: ‘ESRCH’ redefined
  275 | #define ESRCH       (-3)
      |         ^~~~~
platform/../kernel/include/types.h:131:9: note: this is the location of the previous definition
  131 | #define ESRCH           (-15)
      |         ^~~~~
platform/../kernel/include/types.h:276:9: warning: ‘EINTR’ redefined
  276 | #define EINTR       (-4)
      |         ^~~~~
platform/../kernel/include/types.h:132:9: note: this is the location of the previous definition
  132 | #define EINTR           (-16)
      |         ^~~~~
platform/../kernel/include/types.h:277:9: warning: ‘EIO’ redefined
  277 | #define EIO         (-5)
      |         ^~~
platform/../kernel/include/types.h:123:9: note: this is the location of the previous definition
  123 | #define EIO             (-7)
      |         ^~~
platform/../kernel/include/types.h:280:9: warning: ‘ENODEV’ redefined
  280 | #define ENODEV      (-19)
      |         ^~~~~~
platform/../kernel/include/types.h:128:9: note: this is the location of the previous definition
  128 | #define ENODEV          (-12)
      |         ^~~~~~
platform/../kernel/include/types.h:285:9: warning: ‘EPIPE’ redefined
  285 | #define EPIPE       (-32)
      |         ^~~~~
platform/../kernel/include/types.h:136:9: note: this is the location of the previous definition
  136 | #define EPIPE           (-25)
      |         ^~~~~
platform/../kernel/include/types.h:286:9: warning: ‘ETIMEDOUT’ redefined
  286 | #define ETIMEDOUT   (-110)
      |         ^~~~~~~~~
platform/../kernel/include/types.h:124:9: note: this is the location of the previous definition
  124 | #define ETIMEDOUT       (-8)
      |         ^~~~~~~~~
platform/../kernel/include/types.h:287:9: warning: ‘ENOSYS’ redefined
  287 | #define ENOSYS      (-38)
      |         ^~~~~~
platform/../kernel/include/types.h:125:9: note: this is the location of the previous definition
  125 | #define ENOSYS          (-9)
      |         ^~~~~~
platform/../kernel/include/kernel.h:33:9: warning: ‘PAGE_SIZE_4K’ redefined
   33 | #define PAGE_SIZE_4K            0x1000
      |         ^~~~~~~~~~~~
platform/../kernel/include/types.h:87:9: note: this is the location of the previous definition
   87 | #define PAGE_SIZE_4K    (1ULL << PAGE_SHIFT_4K)
      |         ^~~~~~~~~~~~
platform/../kernel/include/kernel.h:101:9: warning: ‘offsetof’ redefined
  101 | #define offsetof(type, member) ((size_t)&((type *)0)->member)
      |         ^~~~~~~~
In file included from platform/../kernel/include/types.h:10:
/usr/lib/gcc/x86_64-linux-gnu/15/include/stddef.h:431:9: note: this is the location of the previous definition
  431 | #define offsetof(TYPE, MEMBER) __builtin_offsetof (TYPE, MEMBER)
      |         ^~~~~~~~
  [CC]    net/ipv6/ipv6.c
cc1: warning: command-line option ‘-fno-rtti’ is valid for C++/D/ObjC++ but not for C
In file included from net/ipv6/../core/../../kernel/include/kernel.h:11,
                 from net/ipv6/../core/net.h:9,
                 from net/ipv6/ipv6.h:11,
                 from net/ipv6/ipv6.c:8:
net/ipv6/../core/../../kernel/include/types.h:270:9: warning: ‘ENOMEM’ redefined
  270 | #define ENOMEM      (-12)
      |         ^~~~~~
net/ipv6/../core/../../kernel/include/types.h:118:9: note: this is the location of the previous definition
  118 | #define ENOMEM          (-2)
      |         ^~~~~~
net/ipv6/../core/../../kernel/include/types.h:271:9: warning: ‘EINVAL’ redefined
  271 | #define EINVAL      (-22)
      |         ^~~~~~
net/ipv6/../core/../../kernel/include/types.h:119:9: note: this is the location of the previous definition
  119 | #define EINVAL          (-3)
      |         ^~~~~~
net/ipv6/../core/../../kernel/include/types.h:272:9: warning: ‘EFAULT’ redefined
  272 | #define EFAULT      (-14)
      |         ^~~~~~
net/ipv6/../core/../../kernel/include/types.h:133:9: note: this is the location of the previous definition
  133 | #define EFAULT          (-17)
      |         ^~~~~~
net/ipv6/../core/../../kernel/include/types.h:273:9: warning: ‘EACCES’ redefined
  273 | #define EACCES      (-13)
      |         ^~~~~~
net/ipv6/../core/../../kernel/include/types.h:122:9: note: this is the location of the previous definition
  122 | #define EACCES          (-6)
      |         ^~~~~~
net/ipv6/../core/../../kernel/include/types.h:274:9: warning: ‘EPERM’ redefined
  274 | #define EPERM       (-1)
      |         ^~~~~
net/ipv6/../core/../../kernel/include/types.h:130:9: note: this is the location of the previous definition
  130 | #define EPERM           (-14)
      |         ^~~~~
net/ipv6/../core/../../kernel/include/types.h:275:9: warning: ‘ESRCH’ redefined
  275 | #define ESRCH       (-3)
      |         ^~~~~
net/ipv6/../core/../../kernel/include/types.h:131:9: note: this is the location of the previous definition
  131 | #define ESRCH           (-15)
      |         ^~~~~
net/ipv6/../core/../../kernel/include/types.h:276:9: warning: ‘EINTR’ redefined
  276 | #define EINTR       (-4)
      |         ^~~~~
net/ipv6/../core/../../kernel/include/types.h:132:9: note: this is the location of the previous definition
  132 | #define EINTR           (-16)
      |         ^~~~~
net/ipv6/../core/../../kernel/include/types.h:277:9: warning: ‘EIO’ redefined
  277 | #define EIO         (-5)
      |         ^~~
net/ipv6/../core/../../kernel/include/types.h:123:9: note: this is the location of the previous definition
  123 | #define EIO             (-7)
      |         ^~~
net/ipv6/../core/../../kernel/include/types.h:280:9: warning: ‘ENODEV’ redefined
  280 | #define ENODEV      (-19)
      |         ^~~~~~
net/ipv6/../core/../../kernel/include/types.h:128:9: note: this is the location of the previous definition
  128 | #define ENODEV          (-12)
      |         ^~~~~~
net/ipv6/../core/../../kernel/include/types.h:285:9: warning: ‘EPIPE’ redefined
  285 | #define EPIPE       (-32)
      |         ^~~~~
net/ipv6/../core/../../kernel/include/types.h:136:9: note: this is the location of the previous definition
  136 | #define EPIPE           (-25)
      |         ^~~~~
net/ipv6/../core/../../kernel/include/types.h:286:9: warning: ‘ETIMEDOUT’ redefined
  286 | #define ETIMEDOUT   (-110)
      |         ^~~~~~~~~
net/ipv6/../core/../../kernel/include/types.h:124:9: note: this is the location of the previous definition
  124 | #define ETIMEDOUT       (-8)
      |         ^~~~~~~~~
net/ipv6/../core/../../kernel/include/types.h:287:9: warning: ‘ENOSYS’ redefined
  287 | #define ENOSYS      (-38)
      |         ^~~~~~
net/ipv6/../core/../../kernel/include/types.h:125:9: note: this is the location of the previous definition
  125 | #define ENOSYS          (-9)
      |         ^~~~~~
net/ipv6/../core/../../kernel/include/kernel.h:33:9: warning: ‘PAGE_SIZE_4K’ redefined
   33 | #define PAGE_SIZE_4K            0x1000
      |         ^~~~~~~~~~~~
net/ipv6/../core/../../kernel/include/types.h:87:9: note: this is the location of the previous definition
   87 | #define PAGE_SIZE_4K    (1ULL << PAGE_SHIFT_4K)
      |         ^~~~~~~~~~~~
net/ipv6/../core/../../kernel/include/kernel.h:101:9: warning: ‘offsetof’ redefined
  101 | #define offsetof(type, member) ((size_t)&((type *)0)->member)
      |         ^~~~~~~~
In file included from net/ipv6/../core/../../kernel/include/types.h:10:
/usr/lib/gcc/x86_64-linux-gnu/15/include/stddef.h:431:9: note: this is the location of the previous definition
  431 | #define offsetof(TYPE, MEMBER) __builtin_offsetof (TYPE, MEMBER)
      |         ^~~~~~~~
In file included from net/ipv6/../core/net.h:10:
net/ipv6/../core/../../kernel/sync/sync.h:440:9: warning: ‘barrier’ redefined
  440 | #define barrier() __asm__ __volatile__ ("" ::: "memory")
      |         ^~~~~~~
net/ipv6/../core/../../kernel/include/kernel.h:91:9: note: this is the location of the previous definition
   91 | #define barrier()               __asm__ __volatile__("" ::: "memory")
      |         ^~~~~~~
  [CC]    net/firewall/firewall.c
cc1: warning: command-line option ‘-fno-rtti’ is valid for C++/D/ObjC++ but not for C
In file included from net/firewall/../core/../../kernel/include/kernel.h:11,
                 from net/firewall/../core/net.h:9,
                 from net/firewall/firewall.h:11,
                 from net/firewall/firewall.c:8:
net/firewall/../core/../../kernel/include/types.h:270:9: warning: ‘ENOMEM’ redefined
  270 | #define ENOMEM      (-12)
      |         ^~~~~~
net/firewall/../core/../../kernel/include/types.h:118:9: note: this is the location of the previous definition
  118 | #define ENOMEM          (-2)
      |         ^~~~~~
net/firewall/../core/../../kernel/include/types.h:271:9: warning: ‘EINVAL’ redefined
  271 | #define EINVAL      (-22)
      |         ^~~~~~
net/firewall/../core/../../kernel/include/types.h:119:9: note: this is the location of the previous definition
  119 | #define EINVAL          (-3)
      |         ^~~~~~
net/firewall/../core/../../kernel/include/types.h:272:9: warning: ‘EFAULT’ redefined
  272 | #define EFAULT      (-14)
      |         ^~~~~~
net/firewall/../core/../../kernel/include/types.h:133:9: note: this is the location of the previous definition
  133 | #define EFAULT          (-17)
      |         ^~~~~~
net/firewall/../core/../../kernel/include/types.h:273:9: warning: ‘EACCES’ redefined
  273 | #define EACCES      (-13)
      |         ^~~~~~
net/firewall/../core/../../kernel/include/types.h:122:9: note: this is the location of the previous definition
  122 | #define EACCES          (-6)
      |         ^~~~~~
net/firewall/../core/../../kernel/include/types.h:274:9: warning: ‘EPERM’ redefined
  274 | #define EPERM       (-1)
      |         ^~~~~
net/firewall/../core/../../kernel/include/types.h:130:9: note: this is the location of the previous definition
  130 | #define EPERM           (-14)
      |         ^~~~~
net/firewall/../core/../../kernel/include/types.h:275:9: warning: ‘ESRCH’ redefined
  275 | #define ESRCH       (-3)
      |         ^~~~~
net/firewall/../core/../../kernel/include/types.h:131:9: note: this is the location of the previous definition
  131 | #define ESRCH           (-15)
      |         ^~~~~
net/firewall/../core/../../kernel/include/types.h:276:9: warning: ‘EINTR’ redefined
  276 | #define EINTR       (-4)
      |         ^~~~~
net/firewall/../core/../../kernel/include/types.h:132:9: note: this is the location of the previous definition
  132 | #define EINTR           (-16)
      |         ^~~~~
net/firewall/../core/../../kernel/include/types.h:277:9: warning: ‘EIO’ redefined
  277 | #define EIO         (-5)
      |         ^~~
net/firewall/../core/../../kernel/include/types.h:123:9: note: this is the location of the previous definition
  123 | #define EIO             (-7)
      |         ^~~
net/firewall/../core/../../kernel/include/types.h:280:9: warning: ‘ENODEV’ redefined
  280 | #define ENODEV      (-19)
      |         ^~~~~~
net/firewall/../core/../../kernel/include/types.h:128:9: note: this is the location of the previous definition
  128 | #define ENODEV          (-12)
      |         ^~~~~~
net/firewall/../core/../../kernel/include/types.h:285:9: warning: ‘EPIPE’ redefined
  285 | #define EPIPE       (-32)
      |         ^~~~~
net/firewall/../core/../../kernel/include/types.h:136:9: note: this is the location of the previous definition
  136 | #define EPIPE           (-25)
      |         ^~~~~
net/firewall/../core/../../kernel/include/types.h:286:9: warning: ‘ETIMEDOUT’ redefined
  286 | #define ETIMEDOUT   (-110)
      |         ^~~~~~~~~
net/firewall/../core/../../kernel/include/types.h:124:9: note: this is the location of the previous definition
  124 | #define ETIMEDOUT       (-8)
      |         ^~~~~~~~~
net/firewall/../core/../../kernel/include/types.h:287:9: warning: ‘ENOSYS’ redefined
  287 | #define ENOSYS      (-38)
      |         ^~~~~~
net/firewall/../core/../../kernel/include/types.h:125:9: note: this is the location of the previous definition
  125 | #define ENOSYS          (-9)
      |         ^~~~~~
net/firewall/../core/../../kernel/include/kernel.h:33:9: warning: ‘PAGE_SIZE_4K’ redefined
   33 | #define PAGE_SIZE_4K            0x1000
      |         ^~~~~~~~~~~~
net/firewall/../core/../../kernel/include/types.h:87:9: note: this is the location of the previous definition
   87 | #define PAGE_SIZE_4K    (1ULL << PAGE_SHIFT_4K)
      |         ^~~~~~~~~~~~
net/firewall/../core/../../kernel/include/kernel.h:101:9: warning: ‘offsetof’ redefined
  101 | #define offsetof(type, member) ((size_t)&((type *)0)->member)
      |         ^~~~~~~~
In file included from net/firewall/../core/../../kernel/include/types.h:10:
/usr/lib/gcc/x86_64-linux-gnu/15/include/stddef.h:431:9: note: this is the location of the previous definition
  431 | #define offsetof(TYPE, MEMBER) __builtin_offsetof (TYPE, MEMBER)
      |         ^~~~~~~~
In file included from net/firewall/../core/net.h:10:
net/firewall/../core/../../kernel/sync/sync.h:440:9: warning: ‘barrier’ redefined
  440 | #define barrier() __asm__ __volatile__ ("" ::: "memory")
      |         ^~~~~~~
net/firewall/../core/../../kernel/include/kernel.h:91:9: note: this is the location of the previous definition
   91 | #define barrier()               __asm__ __volatile__("" ::: "memory")
      |         ^~~~~~~
  [CC]    net/network_manager.c
cc1: warning: command-line option ‘-fno-rtti’ is valid for C++/D/ObjC++ but not for C
In file included from net/network_manager.c:9:
net/../kernel/include/types.h:270:9: warning: ‘ENOMEM’ redefined
  270 | #define ENOMEM      (-12)
      |         ^~~~~~
net/../kernel/include/types.h:118:9: note: this is the location of the previous definition
  118 | #define ENOMEM          (-2)
      |         ^~~~~~
net/../kernel/include/types.h:271:9: warning: ‘EINVAL’ redefined
  271 | #define EINVAL      (-22)
      |         ^~~~~~
net/../kernel/include/types.h:119:9: note: this is the location of the previous definition
  119 | #define EINVAL          (-3)
      |         ^~~~~~
net/../kernel/include/types.h:272:9: warning: ‘EFAULT’ redefined
  272 | #define EFAULT      (-14)
      |         ^~~~~~
net/../kernel/include/types.h:133:9: note: this is the location of the previous definition
  133 | #define EFAULT          (-17)
      |         ^~~~~~
net/../kernel/include/types.h:273:9: warning: ‘EACCES’ redefined
  273 | #define EACCES      (-13)
      |         ^~~~~~
net/../kernel/include/types.h:122:9: note: this is the location of the previous definition
  122 | #define EACCES          (-6)
      |         ^~~~~~
net/../kernel/include/types.h:274:9: warning: ‘EPERM’ redefined
  274 | #define EPERM       (-1)
      |         ^~~~~
net/../kernel/include/types.h:130:9: note: this is the location of the previous definition
  130 | #define EPERM           (-14)
      |         ^~~~~
net/../kernel/include/types.h:275:9: warning: ‘ESRCH’ redefined
  275 | #define ESRCH       (-3)
      |         ^~~~~
net/../kernel/include/types.h:131:9: note: this is the location of the previous definition
  131 | #define ESRCH           (-15)
      |         ^~~~~
net/../kernel/include/types.h:276:9: warning: ‘EINTR’ redefined
  276 | #define EINTR       (-4)
      |         ^~~~~
net/../kernel/include/types.h:132:9: note: this is the location of the previous definition
  132 | #define EINTR           (-16)
      |         ^~~~~
net/../kernel/include/types.h:277:9: warning: ‘EIO’ redefined
  277 | #define EIO         (-5)
      |         ^~~
net/../kernel/include/types.h:123:9: note: this is the location of the previous definition
  123 | #define EIO             (-7)
      |         ^~~
net/../kernel/include/types.h:280:9: warning: ‘ENODEV’ redefined
  280 | #define ENODEV      (-19)
      |         ^~~~~~
net/../kernel/include/types.h:128:9: note: this is the location of the previous definition
  128 | #define ENODEV          (-12)
      |         ^~~~~~
net/../kernel/include/types.h:285:9: warning: ‘EPIPE’ redefined
  285 | #define EPIPE       (-32)
      |         ^~~~~
net/../kernel/include/types.h:136:9: note: this is the location of the previous definition
  136 | #define EPIPE           (-25)
      |         ^~~~~
net/../kernel/include/types.h:286:9: warning: ‘ETIMEDOUT’ redefined
  286 | #define ETIMEDOUT   (-110)
      |         ^~~~~~~~~
net/../kernel/include/types.h:124:9: note: this is the location of the previous definition
  124 | #define ETIMEDOUT       (-8)
      |         ^~~~~~~~~
net/../kernel/include/types.h:287:9: warning: ‘ENOSYS’ redefined
  287 | #define ENOSYS      (-38)
      |         ^~~~~~
net/../kernel/include/types.h:125:9: note: this is the location of the previous definition
  125 | #define ENOSYS          (-9)
      |         ^~~~~~
In file included from net/network_manager.c:10:
net/../kernel/include/kernel.h:33:9: warning: ‘PAGE_SIZE_4K’ redefined
   33 | #define PAGE_SIZE_4K            0x1000
      |         ^~~~~~~~~~~~
net/../kernel/include/types.h:87:9: note: this is the location of the previous definition
   87 | #define PAGE_SIZE_4K    (1ULL << PAGE_SHIFT_4K)
      |         ^~~~~~~~~~~~
net/../kernel/include/kernel.h:101:9: warning: ‘offsetof’ redefined
  101 | #define offsetof(type, member) ((size_t)&((type *)0)->member)
      |         ^~~~~~~~
In file included from net/../kernel/include/types.h:10:
/usr/lib/gcc/x86_64-linux-gnu/15/include/stddef.h:431:9: note: this is the location of the previous definition
  431 | #define offsetof(TYPE, MEMBER) __builtin_offsetof (TYPE, MEMBER)
      |         ^~~~~~~~
  [CC]    net/protocols/network_protocols.c
cc1: warning: command-line option ‘-fno-rtti’ is valid for C++/D/ObjC++ but not for C
In file included from net/protocols/network_protocols.c:9:
net/protocols/../../kernel/include/types.h:270:9: warning: ‘ENOMEM’ redefined
  270 | #define ENOMEM      (-12)
      |         ^~~~~~
net/protocols/../../kernel/include/types.h:118:9: note: this is the location of the previous definition
  118 | #define ENOMEM          (-2)
      |         ^~~~~~
net/protocols/../../kernel/include/types.h:271:9: warning: ‘EINVAL’ redefined
  271 | #define EINVAL      (-22)
      |         ^~~~~~
net/protocols/../../kernel/include/types.h:119:9: note: this is the location of the previous definition
  119 | #define EINVAL          (-3)
      |         ^~~~~~
net/protocols/../../kernel/include/types.h:272:9: warning: ‘EFAULT’ redefined
  272 | #define EFAULT      (-14)
      |         ^~~~~~
net/protocols/../../kernel/include/types.h:133:9: note: this is the location of the previous definition
  133 | #define EFAULT          (-17)
      |         ^~~~~~
net/protocols/../../kernel/include/types.h:273:9: warning: ‘EACCES’ redefined
  273 | #define EACCES      (-13)
      |         ^~~~~~
net/protocols/../../kernel/include/types.h:122:9: note: this is the location of the previous definition
  122 | #define EACCES          (-6)
      |         ^~~~~~
net/protocols/../../kernel/include/types.h:274:9: warning: ‘EPERM’ redefined
  274 | #define EPERM       (-1)
      |         ^~~~~
net/protocols/../../kernel/include/types.h:130:9: note: this is the location of the previous definition
  130 | #define EPERM           (-14)
      |         ^~~~~
net/protocols/../../kernel/include/types.h:275:9: warning: ‘ESRCH’ redefined
  275 | #define ESRCH       (-3)
      |         ^~~~~
net/protocols/../../kernel/include/types.h:131:9: note: this is the location of the previous definition
  131 | #define ESRCH           (-15)
      |         ^~~~~
net/protocols/../../kernel/include/types.h:276:9: warning: ‘EINTR’ redefined
  276 | #define EINTR       (-4)
      |         ^~~~~
net/protocols/../../kernel/include/types.h:132:9: note: this is the location of the previous definition
  132 | #define EINTR           (-16)
      |         ^~~~~
net/protocols/../../kernel/include/types.h:277:9: warning: ‘EIO’ redefined
  277 | #define EIO         (-5)
      |         ^~~
net/protocols/../../kernel/include/types.h:123:9: note: this is the location of the previous definition
  123 | #define EIO             (-7)
      |         ^~~
net/protocols/../../kernel/include/types.h:280:9: warning: ‘ENODEV’ redefined
  280 | #define ENODEV      (-19)
      |         ^~~~~~
net/protocols/../../kernel/include/types.h:128:9: note: this is the location of the previous definition
  128 | #define ENODEV          (-12)
      |         ^~~~~~
net/protocols/../../kernel/include/types.h:285:9: warning: ‘EPIPE’ redefined
  285 | #define EPIPE       (-32)
      |         ^~~~~
net/protocols/../../kernel/include/types.h:136:9: note: this is the location of the previous definition
  136 | #define EPIPE           (-25)
      |         ^~~~~
net/protocols/../../kernel/include/types.h:286:9: warning: ‘ETIMEDOUT’ redefined
  286 | #define ETIMEDOUT   (-110)
      |         ^~~~~~~~~
net/protocols/../../kernel/include/types.h:124:9: note: this is the location of the previous definition
  124 | #define ETIMEDOUT       (-8)
      |         ^~~~~~~~~
net/protocols/../../kernel/include/types.h:287:9: warning: ‘ENOSYS’ redefined
  287 | #define ENOSYS      (-38)
      |         ^~~~~~
net/protocols/../../kernel/include/types.h:125:9: note: this is the location of the previous definition
  125 | #define ENOSYS          (-9)
      |         ^~~~~~
In file included from net/protocols/network_protocols.c:10:
net/protocols/../../kernel/include/kernel.h:33:9: warning: ‘PAGE_SIZE_4K’ redefined
   33 | #define PAGE_SIZE_4K            0x1000
      |         ^~~~~~~~~~~~
net/protocols/../../kernel/include/types.h:87:9: note: this is the location of the previous definition
   87 | #define PAGE_SIZE_4K    (1ULL << PAGE_SHIFT_4K)
      |         ^~~~~~~~~~~~
net/protocols/../../kernel/include/kernel.h:101:9: warning: ‘offsetof’ redefined
  101 | #define offsetof(type, member) ((size_t)&((type *)0)->member)
      |         ^~~~~~~~
In file included from net/protocols/../../kernel/include/types.h:10:
/usr/lib/gcc/x86_64-linux-gnu/15/include/stddef.h:431:9: note: this is the location of the previous definition
  431 | #define offsetof(TYPE, MEMBER) __builtin_offsetof (TYPE, MEMBER)
      |         ^~~~~~~~
  [CC]    gui/desktop/desktop.c
cc1: warning: command-line option ‘-fno-rtti’ is valid for C++/D/ObjC++ but not for C
In file included from gui/desktop/../gui.h:15,
                 from gui/desktop/desktop.h:11,
                 from gui/desktop/desktop.c:8:
gui/desktop/../../kernel/include/types.h:270:9: warning: ‘ENOMEM’ redefined
  270 | #define ENOMEM      (-12)
      |         ^~~~~~
gui/desktop/../../kernel/include/types.h:118:9: note: this is the location of the previous definition
  118 | #define ENOMEM          (-2)
      |         ^~~~~~
gui/desktop/../../kernel/include/types.h:271:9: warning: ‘EINVAL’ redefined
  271 | #define EINVAL      (-22)
      |         ^~~~~~
gui/desktop/../../kernel/include/types.h:119:9: note: this is the location of the previous definition
  119 | #define EINVAL          (-3)
      |         ^~~~~~
gui/desktop/../../kernel/include/types.h:272:9: warning: ‘EFAULT’ redefined
  272 | #define EFAULT      (-14)
      |         ^~~~~~
gui/desktop/../../kernel/include/types.h:133:9: note: this is the location of the previous definition
  133 | #define EFAULT          (-17)
      |         ^~~~~~
gui/desktop/../../kernel/include/types.h:273:9: warning: ‘EACCES’ redefined
  273 | #define EACCES      (-13)
      |         ^~~~~~
gui/desktop/../../kernel/include/types.h:122:9: note: this is the location of the previous definition
  122 | #define EACCES          (-6)
      |         ^~~~~~
gui/desktop/../../kernel/include/types.h:274:9: warning: ‘EPERM’ redefined
  274 | #define EPERM       (-1)
      |         ^~~~~
gui/desktop/../../kernel/include/types.h:130:9: note: this is the location of the previous definition
  130 | #define EPERM           (-14)
      |         ^~~~~
gui/desktop/../../kernel/include/types.h:275:9: warning: ‘ESRCH’ redefined
  275 | #define ESRCH       (-3)
      |         ^~~~~
gui/desktop/../../kernel/include/types.h:131:9: note: this is the location of the previous definition
  131 | #define ESRCH           (-15)
      |         ^~~~~
gui/desktop/../../kernel/include/types.h:276:9: warning: ‘EINTR’ redefined
  276 | #define EINTR       (-4)
      |         ^~~~~
gui/desktop/../../kernel/include/types.h:132:9: note: this is the location of the previous definition
  132 | #define EINTR           (-16)
      |         ^~~~~
gui/desktop/../../kernel/include/types.h:277:9: warning: ‘EIO’ redefined
  277 | #define EIO         (-5)
      |         ^~~
gui/desktop/../../kernel/include/types.h:123:9: note: this is the location of the previous definition
  123 | #define EIO             (-7)
      |         ^~~
gui/desktop/../../kernel/include/types.h:280:9: warning: ‘ENODEV’ redefined
  280 | #define ENODEV      (-19)
      |         ^~~~~~
gui/desktop/../../kernel/include/types.h:128:9: note: this is the location of the previous definition
  128 | #define ENODEV          (-12)
      |         ^~~~~~
gui/desktop/../../kernel/include/types.h:285:9: warning: ‘EPIPE’ redefined
  285 | #define EPIPE       (-32)
      |         ^~~~~
gui/desktop/../../kernel/include/types.h:136:9: note: this is the location of the previous definition
  136 | #define EPIPE           (-25)
      |         ^~~~~
gui/desktop/../../kernel/include/types.h:286:9: warning: ‘ETIMEDOUT’ redefined
  286 | #define ETIMEDOUT   (-110)
      |         ^~~~~~~~~
gui/desktop/../../kernel/include/types.h:124:9: note: this is the location of the previous definition
  124 | #define ETIMEDOUT       (-8)
      |         ^~~~~~~~~
gui/desktop/../../kernel/include/types.h:287:9: warning: ‘ENOSYS’ redefined
  287 | #define ENOSYS      (-38)
      |         ^~~~~~
gui/desktop/../../kernel/include/types.h:125:9: note: this is the location of the previous definition
  125 | #define ENOSYS          (-9)
      |         ^~~~~~
In file included from gui/desktop/../gui.h:16:
gui/desktop/../../kernel/include/kernel.h:33:9: warning: ‘PAGE_SIZE_4K’ redefined
   33 | #define PAGE_SIZE_4K            0x1000
      |         ^~~~~~~~~~~~
gui/desktop/../../kernel/include/types.h:87:9: note: this is the location of the previous definition
   87 | #define PAGE_SIZE_4K    (1ULL << PAGE_SHIFT_4K)
      |         ^~~~~~~~~~~~
gui/desktop/../../kernel/include/kernel.h:101:9: warning: ‘offsetof’ redefined
  101 | #define offsetof(type, member) ((size_t)&((type *)0)->member)
      |         ^~~~~~~~
In file included from gui/desktop/../../kernel/include/types.h:10:
/usr/lib/gcc/x86_64-linux-gnu/15/include/stddef.h:431:9: note: this is the location of the previous definition
  431 | #define offsetof(TYPE, MEMBER) __builtin_offsetof (TYPE, MEMBER)
      |         ^~~~~~~~
  [CC]    gui/desktop/desktop_grid.c
cc1: warning: command-line option ‘-fno-rtti’ is valid for C++/D/ObjC++ but not for C
In file included from gui/desktop/../gui.h:15,
                 from gui/desktop/desktop_grid.c:9:
gui/desktop/../../kernel/include/types.h:270:9: warning: ‘ENOMEM’ redefined
  270 | #define ENOMEM      (-12)
      |         ^~~~~~
gui/desktop/../../kernel/include/types.h:118:9: note: this is the location of the previous definition
  118 | #define ENOMEM          (-2)
      |         ^~~~~~
gui/desktop/../../kernel/include/types.h:271:9: warning: ‘EINVAL’ redefined
  271 | #define EINVAL      (-22)
      |         ^~~~~~
gui/desktop/../../kernel/include/types.h:119:9: note: this is the location of the previous definition
  119 | #define EINVAL          (-3)
      |         ^~~~~~
gui/desktop/../../kernel/include/types.h:272:9: warning: ‘EFAULT’ redefined
  272 | #define EFAULT      (-14)
      |         ^~~~~~
gui/desktop/../../kernel/include/types.h:133:9: note: this is the location of the previous definition
  133 | #define EFAULT          (-17)
      |         ^~~~~~
gui/desktop/../../kernel/include/types.h:273:9: warning: ‘EACCES’ redefined
  273 | #define EACCES      (-13)
      |         ^~~~~~
gui/desktop/../../kernel/include/types.h:122:9: note: this is the location of the previous definition
  122 | #define EACCES          (-6)
      |         ^~~~~~
gui/desktop/../../kernel/include/types.h:274:9: warning: ‘EPERM’ redefined
  274 | #define EPERM       (-1)
      |         ^~~~~
gui/desktop/../../kernel/include/types.h:130:9: note: this is the location of the previous definition
  130 | #define EPERM           (-14)
      |         ^~~~~
gui/desktop/../../kernel/include/types.h:275:9: warning: ‘ESRCH’ redefined
  275 | #define ESRCH       (-3)
      |         ^~~~~
gui/desktop/../../kernel/include/types.h:131:9: note: this is the location of the previous definition
  131 | #define ESRCH           (-15)
      |         ^~~~~
gui/desktop/../../kernel/include/types.h:276:9: warning: ‘EINTR’ redefined
  276 | #define EINTR       (-4)
      |         ^~~~~
gui/desktop/../../kernel/include/types.h:132:9: note: this is the location of the previous definition
  132 | #define EINTR           (-16)
      |         ^~~~~
gui/desktop/../../kernel/include/types.h:277:9: warning: ‘EIO’ redefined
  277 | #define EIO         (-5)
      |         ^~~
gui/desktop/../../kernel/include/types.h:123:9: note: this is the location of the previous definition
  123 | #define EIO             (-7)
      |         ^~~
gui/desktop/../../kernel/include/types.h:280:9: warning: ‘ENODEV’ redefined
  280 | #define ENODEV      (-19)
      |         ^~~~~~
gui/desktop/../../kernel/include/types.h:128:9: note: this is the location of the previous definition
  128 | #define ENODEV          (-12)
      |         ^~~~~~
gui/desktop/../../kernel/include/types.h:285:9: warning: ‘EPIPE’ redefined
  285 | #define EPIPE       (-32)
      |         ^~~~~
gui/desktop/../../kernel/include/types.h:136:9: note: this is the location of the previous definition
  136 | #define EPIPE           (-25)
      |         ^~~~~
gui/desktop/../../kernel/include/types.h:286:9: warning: ‘ETIMEDOUT’ redefined
  286 | #define ETIMEDOUT   (-110)
      |         ^~~~~~~~~
gui/desktop/../../kernel/include/types.h:124:9: note: this is the location of the previous definition
  124 | #define ETIMEDOUT       (-8)
      |         ^~~~~~~~~
gui/desktop/../../kernel/include/types.h:287:9: warning: ‘ENOSYS’ redefined
  287 | #define ENOSYS      (-38)
      |         ^~~~~~
gui/desktop/../../kernel/include/types.h:125:9: note: this is the location of the previous definition
  125 | #define ENOSYS          (-9)
      |         ^~~~~~
In file included from gui/desktop/../gui.h:16:
gui/desktop/../../kernel/include/kernel.h:33:9: warning: ‘PAGE_SIZE_4K’ redefined
   33 | #define PAGE_SIZE_4K            0x1000
      |         ^~~~~~~~~~~~
gui/desktop/../../kernel/include/types.h:87:9: note: this is the location of the previous definition
   87 | #define PAGE_SIZE_4K    (1ULL << PAGE_SHIFT_4K)
      |         ^~~~~~~~~~~~
gui/desktop/../../kernel/include/kernel.h:101:9: warning: ‘offsetof’ redefined
  101 | #define offsetof(type, member) ((size_t)&((type *)0)->member)
      |         ^~~~~~~~
In file included from gui/desktop/../../kernel/include/types.h:10:
/usr/lib/gcc/x86_64-linux-gnu/15/include/stddef.h:431:9: note: this is the location of the previous definition
  431 | #define offsetof(TYPE, MEMBER) __builtin_offsetof (TYPE, MEMBER)
      |         ^~~~~~~~
  [CC]    gui/app-launcher/app-launcher.c
cc1: warning: command-line option ‘-fno-rtti’ is valid for C++/D/ObjC++ but not for C
In file included from gui/app-launcher/../gui.h:15,
                 from gui/app-launcher/app-launcher.c:9:
gui/app-launcher/../../kernel/include/types.h:270:9: warning: ‘ENOMEM’ redefined
  270 | #define ENOMEM      (-12)
      |         ^~~~~~
gui/app-launcher/../../kernel/include/types.h:118:9: note: this is the location of the previous definition
  118 | #define ENOMEM          (-2)
      |         ^~~~~~
gui/app-launcher/../../kernel/include/types.h:271:9: warning: ‘EINVAL’ redefined
  271 | #define EINVAL      (-22)
      |         ^~~~~~
gui/app-launcher/../../kernel/include/types.h:119:9: note: this is the location of the previous definition
  119 | #define EINVAL          (-3)
      |         ^~~~~~
gui/app-launcher/../../kernel/include/types.h:272:9: warning: ‘EFAULT’ redefined
  272 | #define EFAULT      (-14)
      |         ^~~~~~
gui/app-launcher/../../kernel/include/types.h:133:9: note: this is the location of the previous definition
  133 | #define EFAULT          (-17)
      |         ^~~~~~
gui/app-launcher/../../kernel/include/types.h:273:9: warning: ‘EACCES’ redefined
  273 | #define EACCES      (-13)
      |         ^~~~~~
gui/app-launcher/../../kernel/include/types.h:122:9: note: this is the location of the previous definition
  122 | #define EACCES          (-6)
      |         ^~~~~~
gui/app-launcher/../../kernel/include/types.h:274:9: warning: ‘EPERM’ redefined
  274 | #define EPERM       (-1)
      |         ^~~~~
gui/app-launcher/../../kernel/include/types.h:130:9: note: this is the location of the previous definition
  130 | #define EPERM           (-14)
      |         ^~~~~
gui/app-launcher/../../kernel/include/types.h:275:9: warning: ‘ESRCH’ redefined
  275 | #define ESRCH       (-3)
      |         ^~~~~
gui/app-launcher/../../kernel/include/types.h:131:9: note: this is the location of the previous definition
  131 | #define ESRCH           (-15)
      |         ^~~~~
gui/app-launcher/../../kernel/include/types.h:276:9: warning: ‘EINTR’ redefined
  276 | #define EINTR       (-4)
      |         ^~~~~
gui/app-launcher/../../kernel/include/types.h:132:9: note: this is the location of the previous definition
  132 | #define EINTR           (-16)
      |         ^~~~~
gui/app-launcher/../../kernel/include/types.h:277:9: warning: ‘EIO’ redefined
  277 | #define EIO         (-5)
      |         ^~~
gui/app-launcher/../../kernel/include/types.h:123:9: note: this is the location of the previous definition
  123 | #define EIO             (-7)
      |         ^~~
gui/app-launcher/../../kernel/include/types.h:280:9: warning: ‘ENODEV’ redefined
  280 | #define ENODEV      (-19)
      |         ^~~~~~
gui/app-launcher/../../kernel/include/types.h:128:9: note: this is the location of the previous definition
  128 | #define ENODEV          (-12)
      |         ^~~~~~
gui/app-launcher/../../kernel/include/types.h:285:9: warning: ‘EPIPE’ redefined
  285 | #define EPIPE       (-32)
      |         ^~~~~
gui/app-launcher/../../kernel/include/types.h:136:9: note: this is the location of the previous definition
  136 | #define EPIPE           (-25)
      |         ^~~~~
gui/app-launcher/../../kernel/include/types.h:286:9: warning: ‘ETIMEDOUT’ redefined
  286 | #define ETIMEDOUT   (-110)
      |         ^~~~~~~~~
gui/app-launcher/../../kernel/include/types.h:124:9: note: this is the location of the previous definition
  124 | #define ETIMEDOUT       (-8)
      |         ^~~~~~~~~
gui/app-launcher/../../kernel/include/types.h:287:9: warning: ‘ENOSYS’ redefined
  287 | #define ENOSYS      (-38)
      |         ^~~~~~
gui/app-launcher/../../kernel/include/types.h:125:9: note: this is the location of the previous definition
  125 | #define ENOSYS          (-9)
      |         ^~~~~~
In file included from gui/app-launcher/../gui.h:16:
gui/app-launcher/../../kernel/include/kernel.h:33:9: warning: ‘PAGE_SIZE_4K’ redefined
   33 | #define PAGE_SIZE_4K            0x1000
      |         ^~~~~~~~~~~~
gui/app-launcher/../../kernel/include/types.h:87:9: note: this is the location of the previous definition
   87 | #define PAGE_SIZE_4K    (1ULL << PAGE_SHIFT_4K)
      |         ^~~~~~~~~~~~
gui/app-launcher/../../kernel/include/kernel.h:101:9: warning: ‘offsetof’ redefined
  101 | #define offsetof(type, member) ((size_t)&((type *)0)->member)
      |         ^~~~~~~~
In file included from gui/app-launcher/../../kernel/include/types.h:10:
/usr/lib/gcc/x86_64-linux-gnu/15/include/stddef.h:431:9: note: this is the location of the previous definition
  431 | #define offsetof(TYPE, MEMBER) __builtin_offsetof (TYPE, MEMBER)
      |         ^~~~~~~~
  [CC]    gui/task-manager/task-manager.c
cc1: warning: command-line option ‘-fno-rtti’ is valid for C++/D/ObjC++ but not for C
In file included from gui/task-manager/../gui.h:15,
                 from gui/task-manager/task-manager.c:9:
gui/task-manager/../../kernel/include/types.h:270:9: warning: ‘ENOMEM’ redefined
  270 | #define ENOMEM      (-12)
      |         ^~~~~~
gui/task-manager/../../kernel/include/types.h:118:9: note: this is the location of the previous definition
  118 | #define ENOMEM          (-2)
      |         ^~~~~~
gui/task-manager/../../kernel/include/types.h:271:9: warning: ‘EINVAL’ redefined
  271 | #define EINVAL      (-22)
      |         ^~~~~~
gui/task-manager/../../kernel/include/types.h:119:9: note: this is the location of the previous definition
  119 | #define EINVAL          (-3)
      |         ^~~~~~
gui/task-manager/../../kernel/include/types.h:272:9: warning: ‘EFAULT’ redefined
  272 | #define EFAULT      (-14)
      |         ^~~~~~
gui/task-manager/../../kernel/include/types.h:133:9: note: this is the location of the previous definition
  133 | #define EFAULT          (-17)
      |         ^~~~~~
gui/task-manager/../../kernel/include/types.h:273:9: warning: ‘EACCES’ redefined
  273 | #define EACCES      (-13)
      |         ^~~~~~
gui/task-manager/../../kernel/include/types.h:122:9: note: this is the location of the previous definition
  122 | #define EACCES          (-6)
      |         ^~~~~~
gui/task-manager/../../kernel/include/types.h:274:9: warning: ‘EPERM’ redefined
  274 | #define EPERM       (-1)
      |         ^~~~~
gui/task-manager/../../kernel/include/types.h:130:9: note: this is the location of the previous definition
  130 | #define EPERM           (-14)
      |         ^~~~~
gui/task-manager/../../kernel/include/types.h:275:9: warning: ‘ESRCH’ redefined
  275 | #define ESRCH       (-3)
      |         ^~~~~
gui/task-manager/../../kernel/include/types.h:131:9: note: this is the location of the previous definition
  131 | #define ESRCH           (-15)
      |         ^~~~~
gui/task-manager/../../kernel/include/types.h:276:9: warning: ‘EINTR’ redefined
  276 | #define EINTR       (-4)
      |         ^~~~~
gui/task-manager/../../kernel/include/types.h:132:9: note: this is the location of the previous definition
  132 | #define EINTR           (-16)
      |         ^~~~~
gui/task-manager/../../kernel/include/types.h:277:9: warning: ‘EIO’ redefined
  277 | #define EIO         (-5)
      |         ^~~
gui/task-manager/../../kernel/include/types.h:123:9: note: this is the location of the previous definition
  123 | #define EIO             (-7)
      |         ^~~
gui/task-manager/../../kernel/include/types.h:280:9: warning: ‘ENODEV’ redefined
  280 | #define ENODEV      (-19)
      |         ^~~~~~
gui/task-manager/../../kernel/include/types.h:128:9: note: this is the location of the previous definition
  128 | #define ENODEV          (-12)
      |         ^~~~~~
gui/task-manager/../../kernel/include/types.h:285:9: warning: ‘EPIPE’ redefined
  285 | #define EPIPE       (-32)
      |         ^~~~~
gui/task-manager/../../kernel/include/types.h:136:9: note: this is the location of the previous definition
  136 | #define EPIPE           (-25)
      |         ^~~~~
gui/task-manager/../../kernel/include/types.h:286:9: warning: ‘ETIMEDOUT’ redefined
  286 | #define ETIMEDOUT   (-110)
      |         ^~~~~~~~~
gui/task-manager/../../kernel/include/types.h:124:9: note: this is the location of the previous definition
  124 | #define ETIMEDOUT       (-8)
      |         ^~~~~~~~~
gui/task-manager/../../kernel/include/types.h:287:9: warning: ‘ENOSYS’ redefined
  287 | #define ENOSYS      (-38)
      |         ^~~~~~
gui/task-manager/../../kernel/include/types.h:125:9: note: this is the location of the previous definition
  125 | #define ENOSYS          (-9)
      |         ^~~~~~
In file included from gui/task-manager/../gui.h:16:
gui/task-manager/../../kernel/include/kernel.h:33:9: warning: ‘PAGE_SIZE_4K’ redefined
   33 | #define PAGE_SIZE_4K            0x1000
      |         ^~~~~~~~~~~~
gui/task-manager/../../kernel/include/types.h:87:9: note: this is the location of the previous definition
   87 | #define PAGE_SIZE_4K    (1ULL << PAGE_SHIFT_4K)
      |         ^~~~~~~~~~~~
gui/task-manager/../../kernel/include/kernel.h:101:9: warning: ‘offsetof’ redefined
  101 | #define offsetof(type, member) ((size_t)&((type *)0)->member)
      |         ^~~~~~~~
In file included from gui/task-manager/../../kernel/include/types.h:10:
/usr/lib/gcc/x86_64-linux-gnu/15/include/stddef.h:431:9: note: this is the location of the previous definition
  431 | #define offsetof(TYPE, MEMBER) __builtin_offsetof (TYPE, MEMBER)
      |         ^~~~~~~~
  [CC]    gui/control-panel/control-panel.c
cc1: warning: command-line option ‘-fno-rtti’ is valid for C++/D/ObjC++ but not for C
In file included from gui/control-panel/../gui.h:15,
                 from gui/control-panel/control-panel.c:9:
gui/control-panel/../../kernel/include/types.h:270:9: warning: ‘ENOMEM’ redefined
  270 | #define ENOMEM      (-12)
      |         ^~~~~~
gui/control-panel/../../kernel/include/types.h:118:9: note: this is the location of the previous definition
  118 | #define ENOMEM          (-2)
      |         ^~~~~~
gui/control-panel/../../kernel/include/types.h:271:9: warning: ‘EINVAL’ redefined
  271 | #define EINVAL      (-22)
      |         ^~~~~~
gui/control-panel/../../kernel/include/types.h:119:9: note: this is the location of the previous definition
  119 | #define EINVAL          (-3)
      |         ^~~~~~
gui/control-panel/../../kernel/include/types.h:272:9: warning: ‘EFAULT’ redefined
  272 | #define EFAULT      (-14)
      |         ^~~~~~
gui/control-panel/../../kernel/include/types.h:133:9: note: this is the location of the previous definition
  133 | #define EFAULT          (-17)
      |         ^~~~~~
gui/control-panel/../../kernel/include/types.h:273:9: warning: ‘EACCES’ redefined
  273 | #define EACCES      (-13)
      |         ^~~~~~
gui/control-panel/../../kernel/include/types.h:122:9: note: this is the location of the previous definition
  122 | #define EACCES          (-6)
      |         ^~~~~~
gui/control-panel/../../kernel/include/types.h:274:9: warning: ‘EPERM’ redefined
  274 | #define EPERM       (-1)
      |         ^~~~~
gui/control-panel/../../kernel/include/types.h:130:9: note: this is the location of the previous definition
  130 | #define EPERM           (-14)
      |         ^~~~~
gui/control-panel/../../kernel/include/types.h:275:9: warning: ‘ESRCH’ redefined
  275 | #define ESRCH       (-3)
      |         ^~~~~
gui/control-panel/../../kernel/include/types.h:131:9: note: this is the location of the previous definition
  131 | #define ESRCH           (-15)
      |         ^~~~~
gui/control-panel/../../kernel/include/types.h:276:9: warning: ‘EINTR’ redefined
  276 | #define EINTR       (-4)
      |         ^~~~~
gui/control-panel/../../kernel/include/types.h:132:9: note: this is the location of the previous definition
  132 | #define EINTR           (-16)
      |         ^~~~~
gui/control-panel/../../kernel/include/types.h:277:9: warning: ‘EIO’ redefined
  277 | #define EIO         (-5)
      |         ^~~
gui/control-panel/../../kernel/include/types.h:123:9: note: this is the location of the previous definition
  123 | #define EIO             (-7)
      |         ^~~
gui/control-panel/../../kernel/include/types.h:280:9: warning: ‘ENODEV’ redefined
  280 | #define ENODEV      (-19)
      |         ^~~~~~
gui/control-panel/../../kernel/include/types.h:128:9: note: this is the location of the previous definition
  128 | #define ENODEV          (-12)
      |         ^~~~~~
gui/control-panel/../../kernel/include/types.h:285:9: warning: ‘EPIPE’ redefined
  285 | #define EPIPE       (-32)
      |         ^~~~~
gui/control-panel/../../kernel/include/types.h:136:9: note: this is the location of the previous definition
  136 | #define EPIPE           (-25)
      |         ^~~~~
gui/control-panel/../../kernel/include/types.h:286:9: warning: ‘ETIMEDOUT’ redefined
  286 | #define ETIMEDOUT   (-110)
      |         ^~~~~~~~~
gui/control-panel/../../kernel/include/types.h:124:9: note: this is the location of the previous definition
  124 | #define ETIMEDOUT       (-8)
      |         ^~~~~~~~~
gui/control-panel/../../kernel/include/types.h:287:9: warning: ‘ENOSYS’ redefined
  287 | #define ENOSYS      (-38)
      |         ^~~~~~
gui/control-panel/../../kernel/include/types.h:125:9: note: this is the location of the previous definition
  125 | #define ENOSYS          (-9)
      |         ^~~~~~
In file included from gui/control-panel/../gui.h:16:
gui/control-panel/../../kernel/include/kernel.h:33:9: warning: ‘PAGE_SIZE_4K’ redefined
   33 | #define PAGE_SIZE_4K            0x1000
      |         ^~~~~~~~~~~~
gui/control-panel/../../kernel/include/types.h:87:9: note: this is the location of the previous definition
   87 | #define PAGE_SIZE_4K    (1ULL << PAGE_SHIFT_4K)
      |         ^~~~~~~~~~~~
gui/control-panel/../../kernel/include/kernel.h:101:9: warning: ‘offsetof’ redefined
  101 | #define offsetof(type, member) ((size_t)&((type *)0)->member)
      |         ^~~~~~~~
In file included from gui/control-panel/../../kernel/include/types.h:10:
/usr/lib/gcc/x86_64-linux-gnu/15/include/stddef.h:431:9: note: this is the location of the previous definition
  431 | #define offsetof(TYPE, MEMBER) __builtin_offsetof (TYPE, MEMBER)
      |         ^~~~~~~~
  [CC]    gui/compositor/compositing_manager.c
cc1: warning: command-line option ‘-fno-rtti’ is valid for C++/D/ObjC++ but not for C
In file included from gui/compositor/../gui.h:15,
                 from gui/compositor/compositing_manager.c:9:
gui/compositor/../../kernel/include/types.h:270:9: warning: ‘ENOMEM’ redefined
  270 | #define ENOMEM      (-12)
      |         ^~~~~~
gui/compositor/../../kernel/include/types.h:118:9: note: this is the location of the previous definition
  118 | #define ENOMEM          (-2)
      |         ^~~~~~
gui/compositor/../../kernel/include/types.h:271:9: warning: ‘EINVAL’ redefined
  271 | #define EINVAL      (-22)
      |         ^~~~~~
gui/compositor/../../kernel/include/types.h:119:9: note: this is the location of the previous definition
  119 | #define EINVAL          (-3)
      |         ^~~~~~
gui/compositor/../../kernel/include/types.h:272:9: warning: ‘EFAULT’ redefined
  272 | #define EFAULT      (-14)
      |         ^~~~~~
gui/compositor/../../kernel/include/types.h:133:9: note: this is the location of the previous definition
  133 | #define EFAULT          (-17)
      |         ^~~~~~
gui/compositor/../../kernel/include/types.h:273:9: warning: ‘EACCES’ redefined
  273 | #define EACCES      (-13)
      |         ^~~~~~
gui/compositor/../../kernel/include/types.h:122:9: note: this is the location of the previous definition
  122 | #define EACCES          (-6)
      |         ^~~~~~
gui/compositor/../../kernel/include/types.h:274:9: warning: ‘EPERM’ redefined
  274 | #define EPERM       (-1)
      |         ^~~~~
gui/compositor/../../kernel/include/types.h:130:9: note: this is the location of the previous definition
  130 | #define EPERM           (-14)
      |         ^~~~~
gui/compositor/../../kernel/include/types.h:275:9: warning: ‘ESRCH’ redefined
  275 | #define ESRCH       (-3)
      |         ^~~~~
gui/compositor/../../kernel/include/types.h:131:9: note: this is the location of the previous definition
  131 | #define ESRCH           (-15)
      |         ^~~~~
gui/compositor/../../kernel/include/types.h:276:9: warning: ‘EINTR’ redefined
  276 | #define EINTR       (-4)
      |         ^~~~~
gui/compositor/../../kernel/include/types.h:132:9: note: this is the location of the previous definition
  132 | #define EINTR           (-16)
      |         ^~~~~
gui/compositor/../../kernel/include/types.h:277:9: warning: ‘EIO’ redefined
  277 | #define EIO         (-5)
      |         ^~~
gui/compositor/../../kernel/include/types.h:123:9: note: this is the location of the previous definition
  123 | #define EIO             (-7)
      |         ^~~
gui/compositor/../../kernel/include/types.h:280:9: warning: ‘ENODEV’ redefined
  280 | #define ENODEV      (-19)
      |         ^~~~~~
gui/compositor/../../kernel/include/types.h:128:9: note: this is the location of the previous definition
  128 | #define ENODEV          (-12)
      |         ^~~~~~
gui/compositor/../../kernel/include/types.h:285:9: warning: ‘EPIPE’ redefined
  285 | #define EPIPE       (-32)
      |         ^~~~~
gui/compositor/../../kernel/include/types.h:136:9: note: this is the location of the previous definition
  136 | #define EPIPE           (-25)
      |         ^~~~~
gui/compositor/../../kernel/include/types.h:286:9: warning: ‘ETIMEDOUT’ redefined
  286 | #define ETIMEDOUT   (-110)
      |         ^~~~~~~~~
gui/compositor/../../kernel/include/types.h:124:9: note: this is the location of the previous definition
  124 | #define ETIMEDOUT       (-8)
      |         ^~~~~~~~~
gui/compositor/../../kernel/include/types.h:287:9: warning: ‘ENOSYS’ redefined
  287 | #define ENOSYS      (-38)
      |         ^~~~~~
gui/compositor/../../kernel/include/types.h:125:9: note: this is the location of the previous definition
  125 | #define ENOSYS          (-9)
      |         ^~~~~~
In file included from gui/compositor/../gui.h:16:
gui/compositor/../../kernel/include/kernel.h:33:9: warning: ‘PAGE_SIZE_4K’ redefined
   33 | #define PAGE_SIZE_4K            0x1000
      |         ^~~~~~~~~~~~
gui/compositor/../../kernel/include/types.h:87:9: note: this is the location of the previous definition
   87 | #define PAGE_SIZE_4K    (1ULL << PAGE_SHIFT_4K)
      |         ^~~~~~~~~~~~
gui/compositor/../../kernel/include/kernel.h:101:9: warning: ‘offsetof’ redefined
  101 | #define offsetof(type, member) ((size_t)&((type *)0)->member)
      |         ^~~~~~~~
In file included from gui/compositor/../../kernel/include/types.h:10:
/usr/lib/gcc/x86_64-linux-gnu/15/include/stddef.h:431:9: note: this is the location of the previous definition
  431 | #define offsetof(TYPE, MEMBER) __builtin_offsetof (TYPE, MEMBER)
      |         ^~~~~~~~
In file included from gui/compositor/compositing_manager.c:10:
gui/compositor/compositor.h:215:35: warning: ‘struct compositor’ declared inside parameter list will not be visible outside of this definition or declaration
  215 |     int (*on_frame_render)(struct compositor *);
      |                                   ^~~~~~~~~~
gui/compositor/compositor.h:216:28: warning: ‘struct compositor’ declared inside parameter list will not be visible outside of this definition or declaration
  216 |     int (*on_vsync)(struct compositor *);
      |                            ^~~~~~~~~~
gui/compositor/compositing_manager.c: In function ‘compositor_composite’:
gui/compositor/compositing_manager.c:516:13: warning: variable ‘opacity’ set but not used [-Wunused-but-set-variable]
  516 |         u32 opacity = decor->opacity;
      |             ^~~~~~~
gui/compositor/compositing_manager.c:515:13: warning: variable ‘scale’ set but not used [-Wunused-but-set-variable]
  515 |         u32 scale = 256;  /* 1.0 = 256 */
      |             ^~~~~
gui/compositor/compositing_manager.c: At top level:
gui/compositor/compositing_manager.c:139:12: warning: ‘ease_out_bounce’ defined but not used [-Wunused-function]
  139 | static int ease_out_bounce(int t)
      |            ^~~~~~~~~~~~~~~
gui/compositor/compositing_manager.c:114:12: warning: ‘ease_in_out_quad’ defined but not used [-Wunused-function]
  114 | static int ease_in_out_quad(int t)
      |            ^~~~~~~~~~~~~~~~
gui/compositor/compositing_manager.c:109:12: warning: ‘ease_out_quad’ defined but not used [-Wunused-function]
  109 | static int ease_out_quad(int t)
      |            ^~~~~~~~~~~~~
gui/compositor/compositing_manager.c:99:12: warning: ‘ease_linear’ defined but not used [-Wunused-function]
   99 | static int ease_linear(int t)
      |            ^~~~~~~~~~~
  [CC]    gui/control-center/control-center.c
cc1: warning: command-line option ‘-fno-rtti’ is valid for C++/D/ObjC++ but not for C
In file included from gui/control-center/../gui.h:15,
                 from gui/control-center/control-center.c:9:
gui/control-center/../../kernel/include/types.h:270:9: warning: ‘ENOMEM’ redefined
  270 | #define ENOMEM      (-12)
      |         ^~~~~~
gui/control-center/../../kernel/include/types.h:118:9: note: this is the location of the previous definition
  118 | #define ENOMEM          (-2)
      |         ^~~~~~
gui/control-center/../../kernel/include/types.h:271:9: warning: ‘EINVAL’ redefined
  271 | #define EINVAL      (-22)
      |         ^~~~~~
gui/control-center/../../kernel/include/types.h:119:9: note: this is the location of the previous definition
  119 | #define EINVAL          (-3)
      |         ^~~~~~
gui/control-center/../../kernel/include/types.h:272:9: warning: ‘EFAULT’ redefined
  272 | #define EFAULT      (-14)
      |         ^~~~~~
gui/control-center/../../kernel/include/types.h:133:9: note: this is the location of the previous definition
  133 | #define EFAULT          (-17)
      |         ^~~~~~
gui/control-center/../../kernel/include/types.h:273:9: warning: ‘EACCES’ redefined
  273 | #define EACCES      (-13)
      |         ^~~~~~
gui/control-center/../../kernel/include/types.h:122:9: note: this is the location of the previous definition
  122 | #define EACCES          (-6)
      |         ^~~~~~
gui/control-center/../../kernel/include/types.h:274:9: warning: ‘EPERM’ redefined
  274 | #define EPERM       (-1)
      |         ^~~~~
gui/control-center/../../kernel/include/types.h:130:9: note: this is the location of the previous definition
  130 | #define EPERM           (-14)
      |         ^~~~~
gui/control-center/../../kernel/include/types.h:275:9: warning: ‘ESRCH’ redefined
  275 | #define ESRCH       (-3)
      |         ^~~~~
gui/control-center/../../kernel/include/types.h:131:9: note: this is the location of the previous definition
  131 | #define ESRCH           (-15)
      |         ^~~~~
gui/control-center/../../kernel/include/types.h:276:9: warning: ‘EINTR’ redefined
  276 | #define EINTR       (-4)
      |         ^~~~~
gui/control-center/../../kernel/include/types.h:132:9: note: this is the location of the previous definition
  132 | #define EINTR           (-16)
      |         ^~~~~
gui/control-center/../../kernel/include/types.h:277:9: warning: ‘EIO’ redefined
  277 | #define EIO         (-5)
      |         ^~~
gui/control-center/../../kernel/include/types.h:123:9: note: this is the location of the previous definition
  123 | #define EIO             (-7)
      |         ^~~
gui/control-center/../../kernel/include/types.h:280:9: warning: ‘ENODEV’ redefined
  280 | #define ENODEV      (-19)
      |         ^~~~~~
gui/control-center/../../kernel/include/types.h:128:9: note: this is the location of the previous definition
  128 | #define ENODEV          (-12)
      |         ^~~~~~
gui/control-center/../../kernel/include/types.h:285:9: warning: ‘EPIPE’ redefined
  285 | #define EPIPE       (-32)
      |         ^~~~~
gui/control-center/../../kernel/include/types.h:136:9: note: this is the location of the previous definition
  136 | #define EPIPE           (-25)
      |         ^~~~~
gui/control-center/../../kernel/include/types.h:286:9: warning: ‘ETIMEDOUT’ redefined
  286 | #define ETIMEDOUT   (-110)
      |         ^~~~~~~~~
gui/control-center/../../kernel/include/types.h:124:9: note: this is the location of the previous definition
  124 | #define ETIMEDOUT       (-8)
      |         ^~~~~~~~~
gui/control-center/../../kernel/include/types.h:287:9: warning: ‘ENOSYS’ redefined
  287 | #define ENOSYS      (-38)
      |         ^~~~~~
gui/control-center/../../kernel/include/types.h:125:9: note: this is the location of the previous definition
  125 | #define ENOSYS          (-9)
      |         ^~~~~~
In file included from gui/control-center/../gui.h:16:
gui/control-center/../../kernel/include/kernel.h:33:9: warning: ‘PAGE_SIZE_4K’ redefined
   33 | #define PAGE_SIZE_4K            0x1000
      |         ^~~~~~~~~~~~
gui/control-center/../../kernel/include/types.h:87:9: note: this is the location of the previous definition
   87 | #define PAGE_SIZE_4K    (1ULL << PAGE_SHIFT_4K)
      |         ^~~~~~~~~~~~
gui/control-center/../../kernel/include/kernel.h:101:9: warning: ‘offsetof’ redefined
  101 | #define offsetof(type, member) ((size_t)&((type *)0)->member)
      |         ^~~~~~~~
In file included from gui/control-center/../../kernel/include/types.h:10:
/usr/lib/gcc/x86_64-linux-gnu/15/include/stddef.h:431:9: note: this is the location of the previous definition
  431 | #define offsetof(TYPE, MEMBER) __builtin_offsetof (TYPE, MEMBER)
      |         ^~~~~~~~
  [CC]    gui/file-manager/file-manager.c
cc1: warning: command-line option ‘-fno-rtti’ is valid for C++/D/ObjC++ but not for C
In file included from gui/file-manager/../gui.h:15,
                 from gui/file-manager/file-manager.c:9:
gui/file-manager/../../kernel/include/types.h:270:9: warning: ‘ENOMEM’ redefined
  270 | #define ENOMEM      (-12)
      |         ^~~~~~
gui/file-manager/../../kernel/include/types.h:118:9: note: this is the location of the previous definition
  118 | #define ENOMEM          (-2)
      |         ^~~~~~
gui/file-manager/../../kernel/include/types.h:271:9: warning: ‘EINVAL’ redefined
  271 | #define EINVAL      (-22)
      |         ^~~~~~
gui/file-manager/../../kernel/include/types.h:119:9: note: this is the location of the previous definition
  119 | #define EINVAL          (-3)
      |         ^~~~~~
gui/file-manager/../../kernel/include/types.h:272:9: warning: ‘EFAULT’ redefined
  272 | #define EFAULT      (-14)
      |         ^~~~~~
gui/file-manager/../../kernel/include/types.h:133:9: note: this is the location of the previous definition
  133 | #define EFAULT          (-17)
      |         ^~~~~~
gui/file-manager/../../kernel/include/types.h:273:9: warning: ‘EACCES’ redefined
  273 | #define EACCES      (-13)
      |         ^~~~~~
gui/file-manager/../../kernel/include/types.h:122:9: note: this is the location of the previous definition
  122 | #define EACCES          (-6)
      |         ^~~~~~
gui/file-manager/../../kernel/include/types.h:274:9: warning: ‘EPERM’ redefined
  274 | #define EPERM       (-1)
      |         ^~~~~
gui/file-manager/../../kernel/include/types.h:130:9: note: this is the location of the previous definition
  130 | #define EPERM           (-14)
      |         ^~~~~
gui/file-manager/../../kernel/include/types.h:275:9: warning: ‘ESRCH’ redefined
  275 | #define ESRCH       (-3)
      |         ^~~~~
gui/file-manager/../../kernel/include/types.h:131:9: note: this is the location of the previous definition
  131 | #define ESRCH           (-15)
      |         ^~~~~
gui/file-manager/../../kernel/include/types.h:276:9: warning: ‘EINTR’ redefined
  276 | #define EINTR       (-4)
      |         ^~~~~
gui/file-manager/../../kernel/include/types.h:132:9: note: this is the location of the previous definition
  132 | #define EINTR           (-16)
      |         ^~~~~
gui/file-manager/../../kernel/include/types.h:277:9: warning: ‘EIO’ redefined
  277 | #define EIO         (-5)
      |         ^~~
gui/file-manager/../../kernel/include/types.h:123:9: note: this is the location of the previous definition
  123 | #define EIO             (-7)
      |         ^~~
gui/file-manager/../../kernel/include/types.h:280:9: warning: ‘ENODEV’ redefined
  280 | #define ENODEV      (-19)
      |         ^~~~~~
gui/file-manager/../../kernel/include/types.h:128:9: note: this is the location of the previous definition
  128 | #define ENODEV          (-12)
      |         ^~~~~~
gui/file-manager/../../kernel/include/types.h:285:9: warning: ‘EPIPE’ redefined
  285 | #define EPIPE       (-32)
      |         ^~~~~
gui/file-manager/../../kernel/include/types.h:136:9: note: this is the location of the previous definition
  136 | #define EPIPE           (-25)
      |         ^~~~~
gui/file-manager/../../kernel/include/types.h:286:9: warning: ‘ETIMEDOUT’ redefined
  286 | #define ETIMEDOUT   (-110)
      |         ^~~~~~~~~
gui/file-manager/../../kernel/include/types.h:124:9: note: this is the location of the previous definition
  124 | #define ETIMEDOUT       (-8)
      |         ^~~~~~~~~
gui/file-manager/../../kernel/include/types.h:287:9: warning: ‘ENOSYS’ redefined
  287 | #define ENOSYS      (-38)
      |         ^~~~~~
gui/file-manager/../../kernel/include/types.h:125:9: note: this is the location of the previous definition
  125 | #define ENOSYS          (-9)
      |         ^~~~~~
In file included from gui/file-manager/../gui.h:16:
gui/file-manager/../../kernel/include/kernel.h:33:9: warning: ‘PAGE_SIZE_4K’ redefined
   33 | #define PAGE_SIZE_4K            0x1000
      |         ^~~~~~~~~~~~
gui/file-manager/../../kernel/include/types.h:87:9: note: this is the location of the previous definition
   87 | #define PAGE_SIZE_4K    (1ULL << PAGE_SHIFT_4K)
      |         ^~~~~~~~~~~~
gui/file-manager/../../kernel/include/kernel.h:101:9: warning: ‘offsetof’ redefined
  101 | #define offsetof(type, member) ((size_t)&((type *)0)->member)
      |         ^~~~~~~~
In file included from gui/file-manager/../../kernel/include/types.h:10:
/usr/lib/gcc/x86_64-linux-gnu/15/include/stddef.h:431:9: note: this is the location of the previous definition
  431 | #define offsetof(TYPE, MEMBER) __builtin_offsetof (TYPE, MEMBER)
      |         ^~~~~~~~
gui/file-manager/file-manager.c: In function ‘file_manager_navigate_up’:
gui/file-manager/file-manager.c:198:24: warning: initialization discards ‘const’ qualifier from pointer target type [-Wdiscarded-qualifiers]
  198 |     char *last_slash = strrchr(g_fm.current_path, '/');
      |                        ^~~~~~~
  [CC]    gui/system-settings/system-settings.c
cc1: warning: command-line option ‘-fno-rtti’ is valid for C++/D/ObjC++ but not for C
In file included from gui/system-settings/../gui.h:15,
                 from gui/system-settings/system-settings.c:9:
gui/system-settings/../../kernel/include/types.h:270:9: warning: ‘ENOMEM’ redefined
  270 | #define ENOMEM      (-12)
      |         ^~~~~~
gui/system-settings/../../kernel/include/types.h:118:9: note: this is the location of the previous definition
  118 | #define ENOMEM          (-2)
      |         ^~~~~~
gui/system-settings/../../kernel/include/types.h:271:9: warning: ‘EINVAL’ redefined
  271 | #define EINVAL      (-22)
      |         ^~~~~~
gui/system-settings/../../kernel/include/types.h:119:9: note: this is the location of the previous definition
  119 | #define EINVAL          (-3)
      |         ^~~~~~
gui/system-settings/../../kernel/include/types.h:272:9: warning: ‘EFAULT’ redefined
  272 | #define EFAULT      (-14)
      |         ^~~~~~
gui/system-settings/../../kernel/include/types.h:133:9: note: this is the location of the previous definition
  133 | #define EFAULT          (-17)
      |         ^~~~~~
gui/system-settings/../../kernel/include/types.h:273:9: warning: ‘EACCES’ redefined
  273 | #define EACCES      (-13)
      |         ^~~~~~
gui/system-settings/../../kernel/include/types.h:122:9: note: this is the location of the previous definition
  122 | #define EACCES          (-6)
      |         ^~~~~~
gui/system-settings/../../kernel/include/types.h:274:9: warning: ‘EPERM’ redefined
  274 | #define EPERM       (-1)
      |         ^~~~~
gui/system-settings/../../kernel/include/types.h:130:9: note: this is the location of the previous definition
  130 | #define EPERM           (-14)
      |         ^~~~~
gui/system-settings/../../kernel/include/types.h:275:9: warning: ‘ESRCH’ redefined
  275 | #define ESRCH       (-3)
      |         ^~~~~
gui/system-settings/../../kernel/include/types.h:131:9: note: this is the location of the previous definition
  131 | #define ESRCH           (-15)
      |         ^~~~~
gui/system-settings/../../kernel/include/types.h:276:9: warning: ‘EINTR’ redefined
  276 | #define EINTR       (-4)
      |         ^~~~~
gui/system-settings/../../kernel/include/types.h:132:9: note: this is the location of the previous definition
  132 | #define EINTR           (-16)
      |         ^~~~~
gui/system-settings/../../kernel/include/types.h:277:9: warning: ‘EIO’ redefined
  277 | #define EIO         (-5)
      |         ^~~
gui/system-settings/../../kernel/include/types.h:123:9: note: this is the location of the previous definition
  123 | #define EIO             (-7)
      |         ^~~
gui/system-settings/../../kernel/include/types.h:280:9: warning: ‘ENODEV’ redefined
  280 | #define ENODEV      (-19)
      |         ^~~~~~
gui/system-settings/../../kernel/include/types.h:128:9: note: this is the location of the previous definition
  128 | #define ENODEV          (-12)
      |         ^~~~~~
gui/system-settings/../../kernel/include/types.h:285:9: warning: ‘EPIPE’ redefined
  285 | #define EPIPE       (-32)
      |         ^~~~~
gui/system-settings/../../kernel/include/types.h:136:9: note: this is the location of the previous definition
  136 | #define EPIPE           (-25)
      |         ^~~~~
gui/system-settings/../../kernel/include/types.h:286:9: warning: ‘ETIMEDOUT’ redefined
  286 | #define ETIMEDOUT   (-110)
      |         ^~~~~~~~~
gui/system-settings/../../kernel/include/types.h:124:9: note: this is the location of the previous definition
  124 | #define ETIMEDOUT       (-8)
      |         ^~~~~~~~~
gui/system-settings/../../kernel/include/types.h:287:9: warning: ‘ENOSYS’ redefined
  287 | #define ENOSYS      (-38)
      |         ^~~~~~
gui/system-settings/../../kernel/include/types.h:125:9: note: this is the location of the previous definition
  125 | #define ENOSYS          (-9)
      |         ^~~~~~
In file included from gui/system-settings/../gui.h:16:
gui/system-settings/../../kernel/include/kernel.h:33:9: warning: ‘PAGE_SIZE_4K’ redefined
   33 | #define PAGE_SIZE_4K            0x1000
      |         ^~~~~~~~~~~~
gui/system-settings/../../kernel/include/types.h:87:9: note: this is the location of the previous definition
   87 | #define PAGE_SIZE_4K    (1ULL << PAGE_SHIFT_4K)
      |         ^~~~~~~~~~~~
gui/system-settings/../../kernel/include/kernel.h:101:9: warning: ‘offsetof’ redefined
  101 | #define offsetof(type, member) ((size_t)&((type *)0)->member)
      |         ^~~~~~~~
In file included from gui/system-settings/../../kernel/include/types.h:10:
/usr/lib/gcc/x86_64-linux-gnu/15/include/stddef.h:431:9: note: this is the location of the previous definition
  431 | #define offsetof(TYPE, MEMBER) __builtin_offsetof (TYPE, MEMBER)
      |         ^~~~~~~~
  [CC]    gui/app-store/app-store.c
cc1: warning: command-line option ‘-fno-rtti’ is valid for C++/D/ObjC++ but not for C
In file included from gui/app-store/../gui.h:15,
                 from gui/app-store/app-store.h:11,
                 from gui/app-store/app-store.c:8:
gui/app-store/../../kernel/include/types.h:270:9: warning: ‘ENOMEM’ redefined
  270 | #define ENOMEM      (-12)
      |         ^~~~~~
gui/app-store/../../kernel/include/types.h:118:9: note: this is the location of the previous definition
  118 | #define ENOMEM          (-2)
      |         ^~~~~~
gui/app-store/../../kernel/include/types.h:271:9: warning: ‘EINVAL’ redefined
  271 | #define EINVAL      (-22)
      |         ^~~~~~
gui/app-store/../../kernel/include/types.h:119:9: note: this is the location of the previous definition
  119 | #define EINVAL          (-3)
      |         ^~~~~~
gui/app-store/../../kernel/include/types.h:272:9: warning: ‘EFAULT’ redefined
  272 | #define EFAULT      (-14)
      |         ^~~~~~
gui/app-store/../../kernel/include/types.h:133:9: note: this is the location of the previous definition
  133 | #define EFAULT          (-17)
      |         ^~~~~~
gui/app-store/../../kernel/include/types.h:273:9: warning: ‘EACCES’ redefined
  273 | #define EACCES      (-13)
      |         ^~~~~~
gui/app-store/../../kernel/include/types.h:122:9: note: this is the location of the previous definition
  122 | #define EACCES          (-6)
      |         ^~~~~~
gui/app-store/../../kernel/include/types.h:274:9: warning: ‘EPERM’ redefined
  274 | #define EPERM       (-1)
      |         ^~~~~
gui/app-store/../../kernel/include/types.h:130:9: note: this is the location of the previous definition
  130 | #define EPERM           (-14)
      |         ^~~~~
gui/app-store/../../kernel/include/types.h:275:9: warning: ‘ESRCH’ redefined
  275 | #define ESRCH       (-3)
      |         ^~~~~
gui/app-store/../../kernel/include/types.h:131:9: note: this is the location of the previous definition
  131 | #define ESRCH           (-15)
      |         ^~~~~
gui/app-store/../../kernel/include/types.h:276:9: warning: ‘EINTR’ redefined
  276 | #define EINTR       (-4)
      |         ^~~~~
gui/app-store/../../kernel/include/types.h:132:9: note: this is the location of the previous definition
  132 | #define EINTR           (-16)
      |         ^~~~~
gui/app-store/../../kernel/include/types.h:277:9: warning: ‘EIO’ redefined
  277 | #define EIO         (-5)
      |         ^~~
gui/app-store/../../kernel/include/types.h:123:9: note: this is the location of the previous definition
  123 | #define EIO             (-7)
      |         ^~~
gui/app-store/../../kernel/include/types.h:280:9: warning: ‘ENODEV’ redefined
  280 | #define ENODEV      (-19)
      |         ^~~~~~
gui/app-store/../../kernel/include/types.h:128:9: note: this is the location of the previous definition
  128 | #define ENODEV          (-12)
      |         ^~~~~~
gui/app-store/../../kernel/include/types.h:285:9: warning: ‘EPIPE’ redefined
  285 | #define EPIPE       (-32)
      |         ^~~~~
gui/app-store/../../kernel/include/types.h:136:9: note: this is the location of the previous definition
  136 | #define EPIPE           (-25)
      |         ^~~~~
gui/app-store/../../kernel/include/types.h:286:9: warning: ‘ETIMEDOUT’ redefined
  286 | #define ETIMEDOUT   (-110)
      |         ^~~~~~~~~
gui/app-store/../../kernel/include/types.h:124:9: note: this is the location of the previous definition
  124 | #define ETIMEDOUT       (-8)
      |         ^~~~~~~~~
gui/app-store/../../kernel/include/types.h:287:9: warning: ‘ENOSYS’ redefined
  287 | #define ENOSYS      (-38)
      |         ^~~~~~
gui/app-store/../../kernel/include/types.h:125:9: note: this is the location of the previous definition
  125 | #define ENOSYS          (-9)
      |         ^~~~~~
In file included from gui/app-store/../gui.h:16:
gui/app-store/../../kernel/include/kernel.h:33:9: warning: ‘PAGE_SIZE_4K’ redefined
   33 | #define PAGE_SIZE_4K            0x1000
      |         ^~~~~~~~~~~~
gui/app-store/../../kernel/include/types.h:87:9: note: this is the location of the previous definition
   87 | #define PAGE_SIZE_4K    (1ULL << PAGE_SHIFT_4K)
      |         ^~~~~~~~~~~~
gui/app-store/../../kernel/include/kernel.h:101:9: warning: ‘offsetof’ redefined
  101 | #define offsetof(type, member) ((size_t)&((type *)0)->member)
      |         ^~~~~~~~
In file included from gui/app-store/../../kernel/include/types.h:10:
/usr/lib/gcc/x86_64-linux-gnu/15/include/stddef.h:431:9: note: this is the location of the previous definition
  431 | #define offsetof(TYPE, MEMBER) __builtin_offsetof (TYPE, MEMBER)
      |         ^~~~~~~~
  [CC]    system/registry/registry.c
cc1: warning: command-line option ‘-fno-rtti’ is valid for C++/D/ObjC++ but not for C
In file included from system/registry/../../kernel/include/kernel.h:11,
                 from system/registry/registry.h:11,
                 from system/registry/registry.c:10:
system/registry/../../kernel/include/types.h:270:9: warning: ‘ENOMEM’ redefined
  270 | #define ENOMEM      (-12)
      |         ^~~~~~
system/registry/../../kernel/include/types.h:118:9: note: this is the location of the previous definition
  118 | #define ENOMEM          (-2)
      |         ^~~~~~
system/registry/../../kernel/include/types.h:271:9: warning: ‘EINVAL’ redefined
  271 | #define EINVAL      (-22)
      |         ^~~~~~
system/registry/../../kernel/include/types.h:119:9: note: this is the location of the previous definition
  119 | #define EINVAL          (-3)
      |         ^~~~~~
system/registry/../../kernel/include/types.h:272:9: warning: ‘EFAULT’ redefined
  272 | #define EFAULT      (-14)
      |         ^~~~~~
system/registry/../../kernel/include/types.h:133:9: note: this is the location of the previous definition
  133 | #define EFAULT          (-17)
      |         ^~~~~~
system/registry/../../kernel/include/types.h:273:9: warning: ‘EACCES’ redefined
  273 | #define EACCES      (-13)
      |         ^~~~~~
system/registry/../../kernel/include/types.h:122:9: note: this is the location of the previous definition
  122 | #define EACCES          (-6)
      |         ^~~~~~
system/registry/../../kernel/include/types.h:274:9: warning: ‘EPERM’ redefined
  274 | #define EPERM       (-1)
      |         ^~~~~
system/registry/../../kernel/include/types.h:130:9: note: this is the location of the previous definition
  130 | #define EPERM           (-14)
      |         ^~~~~
system/registry/../../kernel/include/types.h:275:9: warning: ‘ESRCH’ redefined
  275 | #define ESRCH       (-3)
      |         ^~~~~
system/registry/../../kernel/include/types.h:131:9: note: this is the location of the previous definition
  131 | #define ESRCH           (-15)
      |         ^~~~~
system/registry/../../kernel/include/types.h:276:9: warning: ‘EINTR’ redefined
  276 | #define EINTR       (-4)
      |         ^~~~~
system/registry/../../kernel/include/types.h:132:9: note: this is the location of the previous definition
  132 | #define EINTR           (-16)
      |         ^~~~~
system/registry/../../kernel/include/types.h:277:9: warning: ‘EIO’ redefined
  277 | #define EIO         (-5)
      |         ^~~
system/registry/../../kernel/include/types.h:123:9: note: this is the location of the previous definition
  123 | #define EIO             (-7)
      |         ^~~
system/registry/../../kernel/include/types.h:280:9: warning: ‘ENODEV’ redefined
  280 | #define ENODEV      (-19)
      |         ^~~~~~
system/registry/../../kernel/include/types.h:128:9: note: this is the location of the previous definition
  128 | #define ENODEV          (-12)
      |         ^~~~~~
system/registry/../../kernel/include/types.h:285:9: warning: ‘EPIPE’ redefined
  285 | #define EPIPE       (-32)
      |         ^~~~~
system/registry/../../kernel/include/types.h:136:9: note: this is the location of the previous definition
  136 | #define EPIPE           (-25)
      |         ^~~~~
system/registry/../../kernel/include/types.h:286:9: warning: ‘ETIMEDOUT’ redefined
  286 | #define ETIMEDOUT   (-110)
      |         ^~~~~~~~~
system/registry/../../kernel/include/types.h:124:9: note: this is the location of the previous definition
  124 | #define ETIMEDOUT       (-8)
      |         ^~~~~~~~~
system/registry/../../kernel/include/types.h:287:9: warning: ‘ENOSYS’ redefined
  287 | #define ENOSYS      (-38)
      |         ^~~~~~
system/registry/../../kernel/include/types.h:125:9: note: this is the location of the previous definition
  125 | #define ENOSYS          (-9)
      |         ^~~~~~
system/registry/../../kernel/include/kernel.h:33:9: warning: ‘PAGE_SIZE_4K’ redefined
   33 | #define PAGE_SIZE_4K            0x1000
      |         ^~~~~~~~~~~~
system/registry/../../kernel/include/types.h:87:9: note: this is the location of the previous definition
   87 | #define PAGE_SIZE_4K    (1ULL << PAGE_SHIFT_4K)
      |         ^~~~~~~~~~~~
system/registry/../../kernel/include/kernel.h:101:9: warning: ‘offsetof’ redefined
  101 | #define offsetof(type, member) ((size_t)&((type *)0)->member)
      |         ^~~~~~~~
In file included from system/registry/../../kernel/include/types.h:10:
/usr/lib/gcc/x86_64-linux-gnu/15/include/stddef.h:431:9: note: this is the location of the previous definition
  431 | #define offsetof(TYPE, MEMBER) __builtin_offsetof (TYPE, MEMBER)
      |         ^~~~~~~~
  [CC]    system/optimizer/booster.c
cc1: warning: command-line option ‘-fno-rtti’ is valid for C++/D/ObjC++ but not for C
In file included from system/optimizer/booster.c:9:
system/optimizer/../../kernel/include/types.h:270:9: warning: ‘ENOMEM’ redefined
  270 | #define ENOMEM      (-12)
      |         ^~~~~~
system/optimizer/../../kernel/include/types.h:118:9: note: this is the location of the previous definition
  118 | #define ENOMEM          (-2)
      |         ^~~~~~
system/optimizer/../../kernel/include/types.h:271:9: warning: ‘EINVAL’ redefined
  271 | #define EINVAL      (-22)
      |         ^~~~~~
system/optimizer/../../kernel/include/types.h:119:9: note: this is the location of the previous definition
  119 | #define EINVAL          (-3)
      |         ^~~~~~
system/optimizer/../../kernel/include/types.h:272:9: warning: ‘EFAULT’ redefined
  272 | #define EFAULT      (-14)
      |         ^~~~~~
system/optimizer/../../kernel/include/types.h:133:9: note: this is the location of the previous definition
  133 | #define EFAULT          (-17)
      |         ^~~~~~
system/optimizer/../../kernel/include/types.h:273:9: warning: ‘EACCES’ redefined
  273 | #define EACCES      (-13)
      |         ^~~~~~
system/optimizer/../../kernel/include/types.h:122:9: note: this is the location of the previous definition
  122 | #define EACCES          (-6)
      |         ^~~~~~
system/optimizer/../../kernel/include/types.h:274:9: warning: ‘EPERM’ redefined
  274 | #define EPERM       (-1)
      |         ^~~~~
system/optimizer/../../kernel/include/types.h:130:9: note: this is the location of the previous definition
  130 | #define EPERM           (-14)
      |         ^~~~~
system/optimizer/../../kernel/include/types.h:275:9: warning: ‘ESRCH’ redefined
  275 | #define ESRCH       (-3)
      |         ^~~~~
system/optimizer/../../kernel/include/types.h:131:9: note: this is the location of the previous definition
  131 | #define ESRCH           (-15)
      |         ^~~~~
system/optimizer/../../kernel/include/types.h:276:9: warning: ‘EINTR’ redefined
  276 | #define EINTR       (-4)
      |         ^~~~~
system/optimizer/../../kernel/include/types.h:132:9: note: this is the location of the previous definition
  132 | #define EINTR           (-16)
      |         ^~~~~
system/optimizer/../../kernel/include/types.h:277:9: warning: ‘EIO’ redefined
  277 | #define EIO         (-5)
      |         ^~~
system/optimizer/../../kernel/include/types.h:123:9: note: this is the location of the previous definition
  123 | #define EIO             (-7)
      |         ^~~
system/optimizer/../../kernel/include/types.h:280:9: warning: ‘ENODEV’ redefined
  280 | #define ENODEV      (-19)
      |         ^~~~~~
system/optimizer/../../kernel/include/types.h:128:9: note: this is the location of the previous definition
  128 | #define ENODEV          (-12)
      |         ^~~~~~
system/optimizer/../../kernel/include/types.h:285:9: warning: ‘EPIPE’ redefined
  285 | #define EPIPE       (-32)
      |         ^~~~~
system/optimizer/../../kernel/include/types.h:136:9: note: this is the location of the previous definition
  136 | #define EPIPE           (-25)
      |         ^~~~~
system/optimizer/../../kernel/include/types.h:286:9: warning: ‘ETIMEDOUT’ redefined
  286 | #define ETIMEDOUT   (-110)
      |         ^~~~~~~~~
system/optimizer/../../kernel/include/types.h:124:9: note: this is the location of the previous definition
  124 | #define ETIMEDOUT       (-8)
      |         ^~~~~~~~~
system/optimizer/../../kernel/include/types.h:287:9: warning: ‘ENOSYS’ redefined
  287 | #define ENOSYS      (-38)
      |         ^~~~~~
system/optimizer/../../kernel/include/types.h:125:9: note: this is the location of the previous definition
  125 | #define ENOSYS          (-9)
      |         ^~~~~~
In file included from system/optimizer/booster.c:10:
system/optimizer/../../kernel/include/kernel.h:33:9: warning: ‘PAGE_SIZE_4K’ redefined
   33 | #define PAGE_SIZE_4K            0x1000
      |         ^~~~~~~~~~~~
system/optimizer/../../kernel/include/types.h:87:9: note: this is the location of the previous definition
   87 | #define PAGE_SIZE_4K    (1ULL << PAGE_SHIFT_4K)
      |         ^~~~~~~~~~~~
system/optimizer/../../kernel/include/kernel.h:101:9: warning: ‘offsetof’ redefined
  101 | #define offsetof(type, member) ((size_t)&((type *)0)->member)
      |         ^~~~~~~~
In file included from system/optimizer/../../kernel/include/types.h:10:
/usr/lib/gcc/x86_64-linux-gnu/15/include/stddef.h:431:9: note: this is the location of the previous definition
  431 | #define offsetof(TYPE, MEMBER) __builtin_offsetof (TYPE, MEMBER)
      |         ^~~~~~~~
  [CC]    system/thermal/cpu_cooler.c
cc1: warning: command-line option ‘-fno-rtti’ is valid for C++/D/ObjC++ but not for C
In file included from system/thermal/cpu_cooler.c:9:
system/thermal/../../kernel/include/types.h:270:9: warning: ‘ENOMEM’ redefined
  270 | #define ENOMEM      (-12)
      |         ^~~~~~
system/thermal/../../kernel/include/types.h:118:9: note: this is the location of the previous definition
  118 | #define ENOMEM          (-2)
      |         ^~~~~~
system/thermal/../../kernel/include/types.h:271:9: warning: ‘EINVAL’ redefined
  271 | #define EINVAL      (-22)
      |         ^~~~~~
system/thermal/../../kernel/include/types.h:119:9: note: this is the location of the previous definition
  119 | #define EINVAL          (-3)
      |         ^~~~~~
system/thermal/../../kernel/include/types.h:272:9: warning: ‘EFAULT’ redefined
  272 | #define EFAULT      (-14)
      |         ^~~~~~
system/thermal/../../kernel/include/types.h:133:9: note: this is the location of the previous definition
  133 | #define EFAULT          (-17)
      |         ^~~~~~
system/thermal/../../kernel/include/types.h:273:9: warning: ‘EACCES’ redefined
  273 | #define EACCES      (-13)
      |         ^~~~~~
system/thermal/../../kernel/include/types.h:122:9: note: this is the location of the previous definition
  122 | #define EACCES          (-6)
      |         ^~~~~~
system/thermal/../../kernel/include/types.h:274:9: warning: ‘EPERM’ redefined
  274 | #define EPERM       (-1)
      |         ^~~~~
system/thermal/../../kernel/include/types.h:130:9: note: this is the location of the previous definition
  130 | #define EPERM           (-14)
      |         ^~~~~
system/thermal/../../kernel/include/types.h:275:9: warning: ‘ESRCH’ redefined
  275 | #define ESRCH       (-3)
      |         ^~~~~
system/thermal/../../kernel/include/types.h:131:9: note: this is the location of the previous definition
  131 | #define ESRCH           (-15)
      |         ^~~~~
system/thermal/../../kernel/include/types.h:276:9: warning: ‘EINTR’ redefined
  276 | #define EINTR       (-4)
      |         ^~~~~
system/thermal/../../kernel/include/types.h:132:9: note: this is the location of the previous definition
  132 | #define EINTR           (-16)
      |         ^~~~~
system/thermal/../../kernel/include/types.h:277:9: warning: ‘EIO’ redefined
  277 | #define EIO         (-5)
      |         ^~~
system/thermal/../../kernel/include/types.h:123:9: note: this is the location of the previous definition
  123 | #define EIO             (-7)
      |         ^~~
system/thermal/../../kernel/include/types.h:280:9: warning: ‘ENODEV’ redefined
  280 | #define ENODEV      (-19)
      |         ^~~~~~
system/thermal/../../kernel/include/types.h:128:9: note: this is the location of the previous definition
  128 | #define ENODEV          (-12)
      |         ^~~~~~
system/thermal/../../kernel/include/types.h:285:9: warning: ‘EPIPE’ redefined
  285 | #define EPIPE       (-32)
      |         ^~~~~
system/thermal/../../kernel/include/types.h:136:9: note: this is the location of the previous definition
  136 | #define EPIPE           (-25)
      |         ^~~~~
system/thermal/../../kernel/include/types.h:286:9: warning: ‘ETIMEDOUT’ redefined
  286 | #define ETIMEDOUT   (-110)
      |         ^~~~~~~~~
system/thermal/../../kernel/include/types.h:124:9: note: this is the location of the previous definition
  124 | #define ETIMEDOUT       (-8)
      |         ^~~~~~~~~
system/thermal/../../kernel/include/types.h:287:9: warning: ‘ENOSYS’ redefined
  287 | #define ENOSYS      (-38)
      |         ^~~~~~
system/thermal/../../kernel/include/types.h:125:9: note: this is the location of the previous definition
  125 | #define ENOSYS          (-9)
      |         ^~~~~~
In file included from system/thermal/cpu_cooler.c:10:
system/thermal/../../kernel/include/kernel.h:33:9: warning: ‘PAGE_SIZE_4K’ redefined
   33 | #define PAGE_SIZE_4K            0x1000
      |         ^~~~~~~~~~~~
system/thermal/../../kernel/include/types.h:87:9: note: this is the location of the previous definition
   87 | #define PAGE_SIZE_4K    (1ULL << PAGE_SHIFT_4K)
      |         ^~~~~~~~~~~~
system/thermal/../../kernel/include/kernel.h:101:9: warning: ‘offsetof’ redefined
  101 | #define offsetof(type, member) ((size_t)&((type *)0)->member)
      |         ^~~~~~~~
In file included from system/thermal/../../kernel/include/types.h:10:
/usr/lib/gcc/x86_64-linux-gnu/15/include/stddef.h:431:9: note: this is the location of the previous definition
  431 | #define offsetof(TYPE, MEMBER) __builtin_offsetof (TYPE, MEMBER)
      |         ^~~~~~~~
  [CC]    system/cleanup/cache_cleaner.c
cc1: warning: command-line option ‘-fno-rtti’ is valid for C++/D/ObjC++ but not for C
In file included from system/cleanup/cache_cleaner.c:9:
system/cleanup/../../kernel/include/types.h:270:9: warning: ‘ENOMEM’ redefined
  270 | #define ENOMEM      (-12)
      |         ^~~~~~
system/cleanup/../../kernel/include/types.h:118:9: note: this is the location of the previous definition
  118 | #define ENOMEM          (-2)
      |         ^~~~~~
system/cleanup/../../kernel/include/types.h:271:9: warning: ‘EINVAL’ redefined
  271 | #define EINVAL      (-22)
      |         ^~~~~~
system/cleanup/../../kernel/include/types.h:119:9: note: this is the location of the previous definition
  119 | #define EINVAL          (-3)
      |         ^~~~~~
system/cleanup/../../kernel/include/types.h:272:9: warning: ‘EFAULT’ redefined
  272 | #define EFAULT      (-14)
      |         ^~~~~~
system/cleanup/../../kernel/include/types.h:133:9: note: this is the location of the previous definition
  133 | #define EFAULT          (-17)
      |         ^~~~~~
system/cleanup/../../kernel/include/types.h:273:9: warning: ‘EACCES’ redefined
  273 | #define EACCES      (-13)
      |         ^~~~~~
system/cleanup/../../kernel/include/types.h:122:9: note: this is the location of the previous definition
  122 | #define EACCES          (-6)
      |         ^~~~~~
system/cleanup/../../kernel/include/types.h:274:9: warning: ‘EPERM’ redefined
  274 | #define EPERM       (-1)
      |         ^~~~~
system/cleanup/../../kernel/include/types.h:130:9: note: this is the location of the previous definition
  130 | #define EPERM           (-14)
      |         ^~~~~
system/cleanup/../../kernel/include/types.h:275:9: warning: ‘ESRCH’ redefined
  275 | #define ESRCH       (-3)
      |         ^~~~~
system/cleanup/../../kernel/include/types.h:131:9: note: this is the location of the previous definition
  131 | #define ESRCH           (-15)
      |         ^~~~~
system/cleanup/../../kernel/include/types.h:276:9: warning: ‘EINTR’ redefined
  276 | #define EINTR       (-4)
      |         ^~~~~
system/cleanup/../../kernel/include/types.h:132:9: note: this is the location of the previous definition
  132 | #define EINTR           (-16)
      |         ^~~~~
system/cleanup/../../kernel/include/types.h:277:9: warning: ‘EIO’ redefined
  277 | #define EIO         (-5)
      |         ^~~
system/cleanup/../../kernel/include/types.h:123:9: note: this is the location of the previous definition
  123 | #define EIO             (-7)
      |         ^~~
system/cleanup/../../kernel/include/types.h:280:9: warning: ‘ENODEV’ redefined
  280 | #define ENODEV      (-19)
      |         ^~~~~~
system/cleanup/../../kernel/include/types.h:128:9: note: this is the location of the previous definition
  128 | #define ENODEV          (-12)
      |         ^~~~~~
system/cleanup/../../kernel/include/types.h:285:9: warning: ‘EPIPE’ redefined
  285 | #define EPIPE       (-32)
      |         ^~~~~
system/cleanup/../../kernel/include/types.h:136:9: note: this is the location of the previous definition
  136 | #define EPIPE           (-25)
      |         ^~~~~
system/cleanup/../../kernel/include/types.h:286:9: warning: ‘ETIMEDOUT’ redefined
  286 | #define ETIMEDOUT   (-110)
      |         ^~~~~~~~~
system/cleanup/../../kernel/include/types.h:124:9: note: this is the location of the previous definition
  124 | #define ETIMEDOUT       (-8)
      |         ^~~~~~~~~
system/cleanup/../../kernel/include/types.h:287:9: warning: ‘ENOSYS’ redefined
  287 | #define ENOSYS      (-38)
      |         ^~~~~~
system/cleanup/../../kernel/include/types.h:125:9: note: this is the location of the previous definition
  125 | #define ENOSYS          (-9)
      |         ^~~~~~
In file included from system/cleanup/cache_cleaner.c:10:
system/cleanup/../../kernel/include/kernel.h:33:9: warning: ‘PAGE_SIZE_4K’ redefined
   33 | #define PAGE_SIZE_4K            0x1000
      |         ^~~~~~~~~~~~
system/cleanup/../../kernel/include/types.h:87:9: note: this is the location of the previous definition
   87 | #define PAGE_SIZE_4K    (1ULL << PAGE_SHIFT_4K)
      |         ^~~~~~~~~~~~
system/cleanup/../../kernel/include/kernel.h:101:9: warning: ‘offsetof’ redefined
  101 | #define offsetof(type, member) ((size_t)&((type *)0)->member)
      |         ^~~~~~~~
In file included from system/cleanup/../../kernel/include/types.h:10:
/usr/lib/gcc/x86_64-linux-gnu/15/include/stddef.h:431:9: note: this is the location of the previous definition
  431 | #define offsetof(TYPE, MEMBER) __builtin_offsetof (TYPE, MEMBER)
      |         ^~~~~~~~
  [CC]    system/storage/storage_sense.c
cc1: warning: command-line option ‘-fno-rtti’ is valid for C++/D/ObjC++ but not for C
In file included from system/storage/storage_sense.c:9:
system/storage/../../kernel/include/types.h:270:9: warning: ‘ENOMEM’ redefined
  270 | #define ENOMEM      (-12)
      |         ^~~~~~
system/storage/../../kernel/include/types.h:118:9: note: this is the location of the previous definition
  118 | #define ENOMEM          (-2)
      |         ^~~~~~
system/storage/../../kernel/include/types.h:271:9: warning: ‘EINVAL’ redefined
  271 | #define EINVAL      (-22)
      |         ^~~~~~
system/storage/../../kernel/include/types.h:119:9: note: this is the location of the previous definition
  119 | #define EINVAL          (-3)
      |         ^~~~~~
system/storage/../../kernel/include/types.h:272:9: warning: ‘EFAULT’ redefined
  272 | #define EFAULT      (-14)
      |         ^~~~~~
system/storage/../../kernel/include/types.h:133:9: note: this is the location of the previous definition
  133 | #define EFAULT          (-17)
      |         ^~~~~~
system/storage/../../kernel/include/types.h:273:9: warning: ‘EACCES’ redefined
  273 | #define EACCES      (-13)
      |         ^~~~~~
system/storage/../../kernel/include/types.h:122:9: note: this is the location of the previous definition
  122 | #define EACCES          (-6)
      |         ^~~~~~
system/storage/../../kernel/include/types.h:274:9: warning: ‘EPERM’ redefined
  274 | #define EPERM       (-1)
      |         ^~~~~
system/storage/../../kernel/include/types.h:130:9: note: this is the location of the previous definition
  130 | #define EPERM           (-14)
      |         ^~~~~
system/storage/../../kernel/include/types.h:275:9: warning: ‘ESRCH’ redefined
  275 | #define ESRCH       (-3)
      |         ^~~~~
system/storage/../../kernel/include/types.h:131:9: note: this is the location of the previous definition
  131 | #define ESRCH           (-15)
      |         ^~~~~
system/storage/../../kernel/include/types.h:276:9: warning: ‘EINTR’ redefined
  276 | #define EINTR       (-4)
      |         ^~~~~
system/storage/../../kernel/include/types.h:132:9: note: this is the location of the previous definition
  132 | #define EINTR           (-16)
      |         ^~~~~
system/storage/../../kernel/include/types.h:277:9: warning: ‘EIO’ redefined
  277 | #define EIO         (-5)
      |         ^~~
system/storage/../../kernel/include/types.h:123:9: note: this is the location of the previous definition
  123 | #define EIO             (-7)
      |         ^~~
system/storage/../../kernel/include/types.h:280:9: warning: ‘ENODEV’ redefined
  280 | #define ENODEV      (-19)
      |         ^~~~~~
system/storage/../../kernel/include/types.h:128:9: note: this is the location of the previous definition
  128 | #define ENODEV          (-12)
      |         ^~~~~~
system/storage/../../kernel/include/types.h:285:9: warning: ‘EPIPE’ redefined
  285 | #define EPIPE       (-32)
      |         ^~~~~
system/storage/../../kernel/include/types.h:136:9: note: this is the location of the previous definition
  136 | #define EPIPE           (-25)
      |         ^~~~~
system/storage/../../kernel/include/types.h:286:9: warning: ‘ETIMEDOUT’ redefined
  286 | #define ETIMEDOUT   (-110)
      |         ^~~~~~~~~
system/storage/../../kernel/include/types.h:124:9: note: this is the location of the previous definition
  124 | #define ETIMEDOUT       (-8)
      |         ^~~~~~~~~
system/storage/../../kernel/include/types.h:287:9: warning: ‘ENOSYS’ redefined
  287 | #define ENOSYS      (-38)
      |         ^~~~~~
system/storage/../../kernel/include/types.h:125:9: note: this is the location of the previous definition
  125 | #define ENOSYS          (-9)
      |         ^~~~~~
In file included from system/storage/storage_sense.c:10:
system/storage/../../kernel/include/kernel.h:33:9: warning: ‘PAGE_SIZE_4K’ redefined
   33 | #define PAGE_SIZE_4K            0x1000
      |         ^~~~~~~~~~~~
system/storage/../../kernel/include/types.h:87:9: note: this is the location of the previous definition
   87 | #define PAGE_SIZE_4K    (1ULL << PAGE_SHIFT_4K)
      |         ^~~~~~~~~~~~
system/storage/../../kernel/include/kernel.h:101:9: warning: ‘offsetof’ redefined
  101 | #define offsetof(type, member) ((size_t)&((type *)0)->member)
      |         ^~~~~~~~
In file included from system/storage/../../kernel/include/types.h:10:
/usr/lib/gcc/x86_64-linux-gnu/15/include/stddef.h:431:9: note: this is the location of the previous definition
  431 | #define offsetof(TYPE, MEMBER) __builtin_offsetof (TYPE, MEMBER)
      |         ^~~~~~~~
  [CC]    system/restore/restore_points.c
cc1: warning: command-line option ‘-fno-rtti’ is valid for C++/D/ObjC++ but not for C
In file included from system/restore/restore_points.c:9:
system/restore/../../kernel/include/types.h:270:9: warning: ‘ENOMEM’ redefined
  270 | #define ENOMEM      (-12)
      |         ^~~~~~
system/restore/../../kernel/include/types.h:118:9: note: this is the location of the previous definition
  118 | #define ENOMEM          (-2)
      |         ^~~~~~
system/restore/../../kernel/include/types.h:271:9: warning: ‘EINVAL’ redefined
  271 | #define EINVAL      (-22)
      |         ^~~~~~
system/restore/../../kernel/include/types.h:119:9: note: this is the location of the previous definition
  119 | #define EINVAL          (-3)
      |         ^~~~~~
system/restore/../../kernel/include/types.h:272:9: warning: ‘EFAULT’ redefined
  272 | #define EFAULT      (-14)
      |         ^~~~~~
system/restore/../../kernel/include/types.h:133:9: note: this is the location of the previous definition
  133 | #define EFAULT          (-17)
      |         ^~~~~~
system/restore/../../kernel/include/types.h:273:9: warning: ‘EACCES’ redefined
  273 | #define EACCES      (-13)
      |         ^~~~~~
system/restore/../../kernel/include/types.h:122:9: note: this is the location of the previous definition
  122 | #define EACCES          (-6)
      |         ^~~~~~
system/restore/../../kernel/include/types.h:274:9: warning: ‘EPERM’ redefined
  274 | #define EPERM       (-1)
      |         ^~~~~
system/restore/../../kernel/include/types.h:130:9: note: this is the location of the previous definition
  130 | #define EPERM           (-14)
      |         ^~~~~
system/restore/../../kernel/include/types.h:275:9: warning: ‘ESRCH’ redefined
  275 | #define ESRCH       (-3)
      |         ^~~~~
system/restore/../../kernel/include/types.h:131:9: note: this is the location of the previous definition
  131 | #define ESRCH           (-15)
      |         ^~~~~
system/restore/../../kernel/include/types.h:276:9: warning: ‘EINTR’ redefined
  276 | #define EINTR       (-4)
      |         ^~~~~
system/restore/../../kernel/include/types.h:132:9: note: this is the location of the previous definition
  132 | #define EINTR           (-16)
      |         ^~~~~
system/restore/../../kernel/include/types.h:277:9: warning: ‘EIO’ redefined
  277 | #define EIO         (-5)
      |         ^~~
system/restore/../../kernel/include/types.h:123:9: note: this is the location of the previous definition
  123 | #define EIO             (-7)
      |         ^~~
system/restore/../../kernel/include/types.h:280:9: warning: ‘ENODEV’ redefined
  280 | #define ENODEV      (-19)
      |         ^~~~~~
system/restore/../../kernel/include/types.h:128:9: note: this is the location of the previous definition
  128 | #define ENODEV          (-12)
      |         ^~~~~~
system/restore/../../kernel/include/types.h:285:9: warning: ‘EPIPE’ redefined
  285 | #define EPIPE       (-32)
      |         ^~~~~
system/restore/../../kernel/include/types.h:136:9: note: this is the location of the previous definition
  136 | #define EPIPE           (-25)
      |         ^~~~~
system/restore/../../kernel/include/types.h:286:9: warning: ‘ETIMEDOUT’ redefined
  286 | #define ETIMEDOUT   (-110)
      |         ^~~~~~~~~
system/restore/../../kernel/include/types.h:124:9: note: this is the location of the previous definition
  124 | #define ETIMEDOUT       (-8)
      |         ^~~~~~~~~
system/restore/../../kernel/include/types.h:287:9: warning: ‘ENOSYS’ redefined
  287 | #define ENOSYS      (-38)
      |         ^~~~~~
system/restore/../../kernel/include/types.h:125:9: note: this is the location of the previous definition
  125 | #define ENOSYS          (-9)
      |         ^~~~~~
In file included from system/restore/restore_points.c:10:
system/restore/../../kernel/include/kernel.h:33:9: warning: ‘PAGE_SIZE_4K’ redefined
   33 | #define PAGE_SIZE_4K            0x1000
      |         ^~~~~~~~~~~~
system/restore/../../kernel/include/types.h:87:9: note: this is the location of the previous definition
   87 | #define PAGE_SIZE_4K    (1ULL << PAGE_SHIFT_4K)
      |         ^~~~~~~~~~~~
system/restore/../../kernel/include/kernel.h:101:9: warning: ‘offsetof’ redefined
  101 | #define offsetof(type, member) ((size_t)&((type *)0)->member)
      |         ^~~~~~~~
In file included from system/restore/../../kernel/include/types.h:10:
/usr/lib/gcc/x86_64-linux-gnu/15/include/stddef.h:431:9: note: this is the location of the previous definition
  431 | #define offsetof(TYPE, MEMBER) __builtin_offsetof (TYPE, MEMBER)
      |         ^~~~~~~~
  [CC]    drivers/display/display.c
cc1: warning: command-line option ‘-fno-rtti’ is valid for C++/D/ObjC++ but not for C
In file included from drivers/display/display.h:13,
                 from drivers/display/display.c:9:
drivers/display/../../kernel/include/types.h:270:9: warning: ‘ENOMEM’ redefined
  270 | #define ENOMEM      (-12)
      |         ^~~~~~
drivers/display/../../kernel/include/types.h:118:9: note: this is the location of the previous definition
  118 | #define ENOMEM          (-2)
      |         ^~~~~~
drivers/display/../../kernel/include/types.h:271:9: warning: ‘EINVAL’ redefined
  271 | #define EINVAL      (-22)
      |         ^~~~~~
drivers/display/../../kernel/include/types.h:119:9: note: this is the location of the previous definition
  119 | #define EINVAL          (-3)
      |         ^~~~~~
drivers/display/../../kernel/include/types.h:272:9: warning: ‘EFAULT’ redefined
  272 | #define EFAULT      (-14)
      |         ^~~~~~
drivers/display/../../kernel/include/types.h:133:9: note: this is the location of the previous definition
  133 | #define EFAULT          (-17)
      |         ^~~~~~
drivers/display/../../kernel/include/types.h:273:9: warning: ‘EACCES’ redefined
  273 | #define EACCES      (-13)
      |         ^~~~~~
drivers/display/../../kernel/include/types.h:122:9: note: this is the location of the previous definition
  122 | #define EACCES          (-6)
      |         ^~~~~~
drivers/display/../../kernel/include/types.h:274:9: warning: ‘EPERM’ redefined
  274 | #define EPERM       (-1)
      |         ^~~~~
drivers/display/../../kernel/include/types.h:130:9: note: this is the location of the previous definition
  130 | #define EPERM           (-14)
      |         ^~~~~
drivers/display/../../kernel/include/types.h:275:9: warning: ‘ESRCH’ redefined
  275 | #define ESRCH       (-3)
      |         ^~~~~
drivers/display/../../kernel/include/types.h:131:9: note: this is the location of the previous definition
  131 | #define ESRCH           (-15)
      |         ^~~~~
drivers/display/../../kernel/include/types.h:276:9: warning: ‘EINTR’ redefined
  276 | #define EINTR       (-4)
      |         ^~~~~
drivers/display/../../kernel/include/types.h:132:9: note: this is the location of the previous definition
  132 | #define EINTR           (-16)
      |         ^~~~~
drivers/display/../../kernel/include/types.h:277:9: warning: ‘EIO’ redefined
  277 | #define EIO         (-5)
      |         ^~~
drivers/display/../../kernel/include/types.h:123:9: note: this is the location of the previous definition
  123 | #define EIO             (-7)
      |         ^~~
drivers/display/../../kernel/include/types.h:280:9: warning: ‘ENODEV’ redefined
  280 | #define ENODEV      (-19)
      |         ^~~~~~
drivers/display/../../kernel/include/types.h:128:9: note: this is the location of the previous definition
  128 | #define ENODEV          (-12)
      |         ^~~~~~
drivers/display/../../kernel/include/types.h:285:9: warning: ‘EPIPE’ redefined
  285 | #define EPIPE       (-32)
      |         ^~~~~
drivers/display/../../kernel/include/types.h:136:9: note: this is the location of the previous definition
  136 | #define EPIPE           (-25)
      |         ^~~~~
drivers/display/../../kernel/include/types.h:286:9: warning: ‘ETIMEDOUT’ redefined
  286 | #define ETIMEDOUT   (-110)
      |         ^~~~~~~~~
drivers/display/../../kernel/include/types.h:124:9: note: this is the location of the previous definition
  124 | #define ETIMEDOUT       (-8)
      |         ^~~~~~~~~
drivers/display/../../kernel/include/types.h:287:9: warning: ‘ENOSYS’ redefined
  287 | #define ENOSYS      (-38)
      |         ^~~~~~
drivers/display/../../kernel/include/types.h:125:9: note: this is the location of the previous definition
  125 | #define ENOSYS          (-9)
      |         ^~~~~~
In file included from drivers/display/display.h:14:
drivers/display/../../kernel/include/kernel.h:33:9: warning: ‘PAGE_SIZE_4K’ redefined
   33 | #define PAGE_SIZE_4K            0x1000
      |         ^~~~~~~~~~~~
drivers/display/../../kernel/include/types.h:87:9: note: this is the location of the previous definition
   87 | #define PAGE_SIZE_4K    (1ULL << PAGE_SHIFT_4K)
      |         ^~~~~~~~~~~~
drivers/display/../../kernel/include/kernel.h:101:9: warning: ‘offsetof’ redefined
  101 | #define offsetof(type, member) ((size_t)&((type *)0)->member)
      |         ^~~~~~~~
In file included from drivers/display/../../kernel/include/types.h:10:
/usr/lib/gcc/x86_64-linux-gnu/15/include/stddef.h:431:9: note: this is the location of the previous definition
  431 | #define offsetof(TYPE, MEMBER) __builtin_offsetof (TYPE, MEMBER)
      |         ^~~~~~~~
  [CC]    drivers/display/display_manager.c
cc1: warning: command-line option ‘-fno-rtti’ is valid for C++/D/ObjC++ but not for C
In file included from drivers/display/display.h:13,
                 from drivers/display/display_manager.c:9:
drivers/display/../../kernel/include/types.h:270:9: warning: ‘ENOMEM’ redefined
  270 | #define ENOMEM      (-12)
      |         ^~~~~~
drivers/display/../../kernel/include/types.h:118:9: note: this is the location of the previous definition
  118 | #define ENOMEM          (-2)
      |         ^~~~~~
drivers/display/../../kernel/include/types.h:271:9: warning: ‘EINVAL’ redefined
  271 | #define EINVAL      (-22)
      |         ^~~~~~
drivers/display/../../kernel/include/types.h:119:9: note: this is the location of the previous definition
  119 | #define EINVAL          (-3)
      |         ^~~~~~
drivers/display/../../kernel/include/types.h:272:9: warning: ‘EFAULT’ redefined
  272 | #define EFAULT      (-14)
      |         ^~~~~~
drivers/display/../../kernel/include/types.h:133:9: note: this is the location of the previous definition
  133 | #define EFAULT          (-17)
      |         ^~~~~~
drivers/display/../../kernel/include/types.h:273:9: warning: ‘EACCES’ redefined
  273 | #define EACCES      (-13)
      |         ^~~~~~
drivers/display/../../kernel/include/types.h:122:9: note: this is the location of the previous definition
  122 | #define EACCES          (-6)
      |         ^~~~~~
drivers/display/../../kernel/include/types.h:274:9: warning: ‘EPERM’ redefined
  274 | #define EPERM       (-1)
      |         ^~~~~
drivers/display/../../kernel/include/types.h:130:9: note: this is the location of the previous definition
  130 | #define EPERM           (-14)
      |         ^~~~~
drivers/display/../../kernel/include/types.h:275:9: warning: ‘ESRCH’ redefined
  275 | #define ESRCH       (-3)
      |         ^~~~~
drivers/display/../../kernel/include/types.h:131:9: note: this is the location of the previous definition
  131 | #define ESRCH           (-15)
      |         ^~~~~
drivers/display/../../kernel/include/types.h:276:9: warning: ‘EINTR’ redefined
  276 | #define EINTR       (-4)
      |         ^~~~~
drivers/display/../../kernel/include/types.h:132:9: note: this is the location of the previous definition
  132 | #define EINTR           (-16)
      |         ^~~~~
drivers/display/../../kernel/include/types.h:277:9: warning: ‘EIO’ redefined
  277 | #define EIO         (-5)
      |         ^~~
drivers/display/../../kernel/include/types.h:123:9: note: this is the location of the previous definition
  123 | #define EIO             (-7)
      |         ^~~
drivers/display/../../kernel/include/types.h:280:9: warning: ‘ENODEV’ redefined
  280 | #define ENODEV      (-19)
      |         ^~~~~~
drivers/display/../../kernel/include/types.h:128:9: note: this is the location of the previous definition
  128 | #define ENODEV          (-12)
      |         ^~~~~~
drivers/display/../../kernel/include/types.h:285:9: warning: ‘EPIPE’ redefined
  285 | #define EPIPE       (-32)
      |         ^~~~~
drivers/display/../../kernel/include/types.h:136:9: note: this is the location of the previous definition
  136 | #define EPIPE           (-25)
      |         ^~~~~
drivers/display/../../kernel/include/types.h:286:9: warning: ‘ETIMEDOUT’ redefined
  286 | #define ETIMEDOUT   (-110)
      |         ^~~~~~~~~
drivers/display/../../kernel/include/types.h:124:9: note: this is the location of the previous definition
  124 | #define ETIMEDOUT       (-8)
      |         ^~~~~~~~~
drivers/display/../../kernel/include/types.h:287:9: warning: ‘ENOSYS’ redefined
  287 | #define ENOSYS      (-38)
      |         ^~~~~~
drivers/display/../../kernel/include/types.h:125:9: note: this is the location of the previous definition
  125 | #define ENOSYS          (-9)
      |         ^~~~~~
In file included from drivers/display/display.h:14:
drivers/display/../../kernel/include/kernel.h:33:9: warning: ‘PAGE_SIZE_4K’ redefined
   33 | #define PAGE_SIZE_4K            0x1000
      |         ^~~~~~~~~~~~
drivers/display/../../kernel/include/types.h:87:9: note: this is the location of the previous definition
   87 | #define PAGE_SIZE_4K    (1ULL << PAGE_SHIFT_4K)
      |         ^~~~~~~~~~~~
drivers/display/../../kernel/include/kernel.h:101:9: warning: ‘offsetof’ redefined
  101 | #define offsetof(type, member) ((size_t)&((type *)0)->member)
      |         ^~~~~~~~
In file included from drivers/display/../../kernel/include/types.h:10:
/usr/lib/gcc/x86_64-linux-gnu/15/include/stddef.h:431:9: note: this is the location of the previous definition
  431 | #define offsetof(TYPE, MEMBER) __builtin_offsetof (TYPE, MEMBER)
      |         ^~~~~~~~
drivers/display/display_manager.c:258:13: warning: ‘check_hotplug’ defined but not used [-Wunused-function]
  258 | static void check_hotplug(void)
      |             ^~~~~~~~~~~~~
In function ‘parse_edid’,
    inlined from ‘dm_parse_edid’ at drivers/display/display_manager.c:251:12:
drivers/display/display_manager.c:116:32: warning: ‘edid’ may be used uninitialized [-Wmaybe-uninitialized]
  116 |     if (edid[0] != 0x00 || edid[1] != 0xFF || edid[2] != 0xFF ||
      |                            ~~~~^~~
drivers/display/display_manager.c: In function ‘dm_parse_edid’:
drivers/display/display_manager.c:245:8: note: ‘edid’ declared here
  245 |     u8 edid[128];
      |        ^~~~
In function ‘parse_edid’,
    inlined from ‘dm_parse_edid’ at drivers/display/display_manager.c:251:12:
drivers/display/display_manager.c:116:51: warning: ‘edid’ may be used uninitialized [-Wmaybe-uninitialized]
  116 |     if (edid[0] != 0x00 || edid[1] != 0xFF || edid[2] != 0xFF ||
      |                                               ~~~~^~~
drivers/display/display_manager.c: In function ‘dm_parse_edid’:
drivers/display/display_manager.c:245:8: note: ‘edid’ declared here
  245 |     u8 edid[128];
      |        ^~~~
In function ‘parse_edid’,
    inlined from ‘dm_parse_edid’ at drivers/display/display_manager.c:251:12:
drivers/display/display_manager.c:117:13: warning: ‘edid’ may be used uninitialized [-Wmaybe-uninitialized]
  117 |         edid[3] != 0xFF || edid[4] != 0xFF || edid[5] != 0xFF ||
      |         ~~~~^~~
drivers/display/display_manager.c: In function ‘dm_parse_edid’:
drivers/display/display_manager.c:245:8: note: ‘edid’ declared here
  245 |     u8 edid[128];
      |        ^~~~
In function ‘parse_edid’,
    inlined from ‘dm_parse_edid’ at drivers/display/display_manager.c:251:12:
drivers/display/display_manager.c:117:32: warning: ‘edid’ may be used uninitialized [-Wmaybe-uninitialized]
  117 |         edid[3] != 0xFF || edid[4] != 0xFF || edid[5] != 0xFF ||
      |                            ~~~~^~~
drivers/display/display_manager.c: In function ‘dm_parse_edid’:
drivers/display/display_manager.c:245:8: note: ‘edid’ declared here
  245 |     u8 edid[128];
      |        ^~~~
In function ‘parse_edid’,
    inlined from ‘dm_parse_edid’ at drivers/display/display_manager.c:251:12:
drivers/display/display_manager.c:117:51: warning: ‘edid’ may be used uninitialized [-Wmaybe-uninitialized]
  117 |         edid[3] != 0xFF || edid[4] != 0xFF || edid[5] != 0xFF ||
      |                                               ~~~~^~~
drivers/display/display_manager.c: In function ‘dm_parse_edid’:
drivers/display/display_manager.c:245:8: note: ‘edid’ declared here
  245 |     u8 edid[128];
      |        ^~~~
In function ‘parse_edid’,
    inlined from ‘dm_parse_edid’ at drivers/display/display_manager.c:251:12:
drivers/display/display_manager.c:118:13: warning: ‘edid’ may be used uninitialized [-Wmaybe-uninitialized]
  118 |         edid[6] != 0xFF || edid[7] != 0x00) {
      |         ~~~~^~~
drivers/display/display_manager.c: In function ‘dm_parse_edid’:
drivers/display/display_manager.c:245:8: note: ‘edid’ declared here
  245 |     u8 edid[128];
      |        ^~~~
In function ‘parse_edid’,
    inlined from ‘dm_parse_edid’ at drivers/display/display_manager.c:251:12:
drivers/display/display_manager.c:116:13: warning: ‘edid’ may be used uninitialized [-Wmaybe-uninitialized]
  116 |     if (edid[0] != 0x00 || edid[1] != 0xFF || edid[2] != 0xFF ||
      |         ~~~~^~~
drivers/display/display_manager.c: In function ‘dm_parse_edid’:
drivers/display/display_manager.c:245:8: note: ‘edid’ declared here
  245 |     u8 edid[128];
      |        ^~~~
In function ‘parse_edid’,
    inlined from ‘dm_parse_edid’ at drivers/display/display_manager.c:251:12:
drivers/display/display_manager.c:118:32: warning: ‘edid’ may be used uninitialized [-Wmaybe-uninitialized]
  118 |         edid[6] != 0xFF || edid[7] != 0x00) {
      |                            ~~~~^~~
drivers/display/display_manager.c: In function ‘dm_parse_edid’:
drivers/display/display_manager.c:245:8: note: ‘edid’ declared here
  245 |     u8 edid[128];
      |        ^~~~
In function ‘parse_edid’,
    inlined from ‘dm_parse_edid’ at drivers/display/display_manager.c:251:12:
drivers/display/display_manager.c:126:35: warning: ‘edid’ may be used uninitialized [-Wmaybe-uninitialized]
  126 |     if (block->established_timings[0] & 0x80) {
      |         ~~~~~~~~~~~~~~~~~~~~~~~~~~^~~
drivers/display/display_manager.c: In function ‘dm_parse_edid’:
drivers/display/display_manager.c:245:8: note: ‘edid’ declared here
  245 |     u8 edid[128];
      |        ^~~~
In function ‘parse_edid’,
    inlined from ‘dm_parse_edid’ at drivers/display/display_manager.c:251:12:
drivers/display/display_manager.c:178:12: warning: ‘edid’ may be used uninitialized [-Wmaybe-uninitialized]
  178 |         u8 v = block->standard_timings[i * 2 + 1];
      |            ^
drivers/display/display_manager.c: In function ‘dm_parse_edid’:
drivers/display/display_manager.c:245:8: note: ‘edid’ declared here
  245 |     u8 edid[128];
      |        ^~~~
In function ‘parse_edid’,
    inlined from ‘dm_parse_edid’ at drivers/display/display_manager.c:251:12:
drivers/display/display_manager.c:176:53: warning: ‘edid’ may be used uninitialized [-Wmaybe-uninitialized]
  176 |     for (int i = 0; i < 8 && block->standard_timings[i * 2] != 0; i++) {
      |                              ~~~~~~~~~~~~~~~~~~~~~~~^~~~~~~
drivers/display/display_manager.c: In function ‘dm_parse_edid’:
drivers/display/display_manager.c:245:8: note: ‘edid’ declared here
  245 |     u8 edid[128];
      |        ^~~~
  [CC]    drivers/input/input.c
cc1: warning: command-line option ‘-fno-rtti’ is valid for C++/D/ObjC++ but not for C
In file included from drivers/input/input.h:13,
                 from drivers/input/input.c:9:
drivers/input/../../kernel/include/types.h:270:9: warning: ‘ENOMEM’ redefined
  270 | #define ENOMEM      (-12)
      |         ^~~~~~
drivers/input/../../kernel/include/types.h:118:9: note: this is the location of the previous definition
  118 | #define ENOMEM          (-2)
      |         ^~~~~~
drivers/input/../../kernel/include/types.h:271:9: warning: ‘EINVAL’ redefined
  271 | #define EINVAL      (-22)
      |         ^~~~~~
drivers/input/../../kernel/include/types.h:119:9: note: this is the location of the previous definition
  119 | #define EINVAL          (-3)
      |         ^~~~~~
drivers/input/../../kernel/include/types.h:272:9: warning: ‘EFAULT’ redefined
  272 | #define EFAULT      (-14)
      |         ^~~~~~
drivers/input/../../kernel/include/types.h:133:9: note: this is the location of the previous definition
  133 | #define EFAULT          (-17)
      |         ^~~~~~
drivers/input/../../kernel/include/types.h:273:9: warning: ‘EACCES’ redefined
  273 | #define EACCES      (-13)
      |         ^~~~~~
drivers/input/../../kernel/include/types.h:122:9: note: this is the location of the previous definition
  122 | #define EACCES          (-6)
      |         ^~~~~~
drivers/input/../../kernel/include/types.h:274:9: warning: ‘EPERM’ redefined
  274 | #define EPERM       (-1)
      |         ^~~~~
drivers/input/../../kernel/include/types.h:130:9: note: this is the location of the previous definition
  130 | #define EPERM           (-14)
      |         ^~~~~
drivers/input/../../kernel/include/types.h:275:9: warning: ‘ESRCH’ redefined
  275 | #define ESRCH       (-3)
      |         ^~~~~
drivers/input/../../kernel/include/types.h:131:9: note: this is the location of the previous definition
  131 | #define ESRCH           (-15)
      |         ^~~~~
drivers/input/../../kernel/include/types.h:276:9: warning: ‘EINTR’ redefined
  276 | #define EINTR       (-4)
      |         ^~~~~
drivers/input/../../kernel/include/types.h:132:9: note: this is the location of the previous definition
  132 | #define EINTR           (-16)
      |         ^~~~~
drivers/input/../../kernel/include/types.h:277:9: warning: ‘EIO’ redefined
  277 | #define EIO         (-5)
      |         ^~~
drivers/input/../../kernel/include/types.h:123:9: note: this is the location of the previous definition
  123 | #define EIO             (-7)
      |         ^~~
drivers/input/../../kernel/include/types.h:280:9: warning: ‘ENODEV’ redefined
  280 | #define ENODEV      (-19)
      |         ^~~~~~
drivers/input/../../kernel/include/types.h:128:9: note: this is the location of the previous definition
  128 | #define ENODEV          (-12)
      |         ^~~~~~
drivers/input/../../kernel/include/types.h:285:9: warning: ‘EPIPE’ redefined
  285 | #define EPIPE       (-32)
      |         ^~~~~
drivers/input/../../kernel/include/types.h:136:9: note: this is the location of the previous definition
  136 | #define EPIPE           (-25)
      |         ^~~~~
drivers/input/../../kernel/include/types.h:286:9: warning: ‘ETIMEDOUT’ redefined
  286 | #define ETIMEDOUT   (-110)
      |         ^~~~~~~~~
drivers/input/../../kernel/include/types.h:124:9: note: this is the location of the previous definition
  124 | #define ETIMEDOUT       (-8)
      |         ^~~~~~~~~
drivers/input/../../kernel/include/types.h:287:9: warning: ‘ENOSYS’ redefined
  287 | #define ENOSYS      (-38)
      |         ^~~~~~
drivers/input/../../kernel/include/types.h:125:9: note: this is the location of the previous definition
  125 | #define ENOSYS          (-9)
      |         ^~~~~~
In file included from drivers/input/input.h:14:
drivers/input/../../kernel/include/kernel.h:33:9: warning: ‘PAGE_SIZE_4K’ redefined
   33 | #define PAGE_SIZE_4K            0x1000
      |         ^~~~~~~~~~~~
drivers/input/../../kernel/include/types.h:87:9: note: this is the location of the previous definition
   87 | #define PAGE_SIZE_4K    (1ULL << PAGE_SHIFT_4K)
      |         ^~~~~~~~~~~~
drivers/input/../../kernel/include/kernel.h:101:9: warning: ‘offsetof’ redefined
  101 | #define offsetof(type, member) ((size_t)&((type *)0)->member)
      |         ^~~~~~~~
In file included from drivers/input/../../kernel/include/types.h:10:
/usr/lib/gcc/x86_64-linux-gnu/15/include/stddef.h:431:9: note: this is the location of the previous definition
  431 | #define offsetof(TYPE, MEMBER) __builtin_offsetof (TYPE, MEMBER)
      |         ^~~~~~~~
drivers/input/input.h:166:9: warning: ‘ABS_X’ redefined
  166 | #define ABS_X                       0x00
      |         ^~~~~
drivers/input/input.h:74:9: note: this is the location of the previous definition
   74 | #define ABS_X                       0
      |         ^~~~~
drivers/input/input.h:167:9: warning: ‘ABS_Y’ redefined
  167 | #define ABS_Y                       0x01
      |         ^~~~~
drivers/input/input.h:75:9: note: this is the location of the previous definition
   75 | #define ABS_Y                       1
      |         ^~~~~
drivers/input/input.h:168:9: warning: ‘ABS_Z’ redefined
  168 | #define ABS_Z                       0x02
      |         ^~~~~
drivers/input/input.h:76:9: note: this is the location of the previous definition
   76 | #define ABS_Z                       2
      |         ^~~~~
drivers/input/input.h:169:9: warning: ‘ABS_RX’ redefined
  169 | #define ABS_RX                      0x03
      |         ^~~~~~
drivers/input/input.h:77:9: note: this is the location of the previous definition
   77 | #define ABS_RX                      3
      |         ^~~~~~
drivers/input/input.h:170:9: warning: ‘ABS_RY’ redefined
  170 | #define ABS_RY                      0x04
      |         ^~~~~~
drivers/input/input.h:78:9: note: this is the location of the previous definition
   78 | #define ABS_RY                      4
      |         ^~~~~~
drivers/input/input.h:171:9: warning: ‘ABS_RZ’ redefined
  171 | #define ABS_RZ                      0x05
      |         ^~~~~~
drivers/input/input.h:79:9: note: this is the location of the previous definition
   79 | #define ABS_RZ                      5
      |         ^~~~~~
drivers/input/input.h:197:9: warning: ‘LED_NUML’ redefined
  197 | #define LED_NUML                    0x00
      |         ^~~~~~~~
drivers/input/input.h:92:9: note: this is the location of the previous definition
   92 | #define LED_NUML                    0
      |         ^~~~~~~~
drivers/input/input.h:198:9: warning: ‘LED_CAPSL’ redefined
  198 | #define LED_CAPSL                   0x01
      |         ^~~~~~~~~
drivers/input/input.h:93:9: note: this is the location of the previous definition
   93 | #define LED_CAPSL                   1
      |         ^~~~~~~~~
drivers/input/input.h:199:9: warning: ‘LED_SCROLLL’ redefined
  199 | #define LED_SCROLLL                 0x02
      |         ^~~~~~~~~~~
drivers/input/input.h:94:9: note: this is the location of the previous definition
   94 | #define LED_SCROLLL                 2
      |         ^~~~~~~~~~~
drivers/input/input.h:200:9: warning: ‘LED_COMPOSE’ redefined
  200 | #define LED_COMPOSE                 0x03
      |         ^~~~~~~~~~~
drivers/input/input.h:95:9: note: this is the location of the previous definition
   95 | #define LED_COMPOSE                 3
      |         ^~~~~~~~~~~
drivers/input/input.h:201:9: warning: ‘LED_KANA’ redefined
  201 | #define LED_KANA                    0x04
      |         ^~~~~~~~
drivers/input/input.h:96:9: note: this is the location of the previous definition
   96 | #define LED_KANA                    4
      |         ^~~~~~~~
drivers/input/input.h:202:9: warning: ‘LED_SLEEP’ redefined
  202 | #define LED_SLEEP                   0x05
      |         ^~~~~~~~~
drivers/input/input.h:97:9: note: this is the location of the previous definition
   97 | #define LED_SLEEP                 5
      |         ^~~~~~~~~
drivers/input/input.h:203:9: warning: ‘LED_SUSPEND’ redefined
  203 | #define LED_SUSPEND                 0x06
      |         ^~~~~~~~~~~
drivers/input/input.h:98:9: note: this is the location of the previous definition
   98 | #define LED_SUSPEND               6
      |         ^~~~~~~~~~~
drivers/input/input.h:204:9: warning: ‘LED_MUTE’ redefined
  204 | #define LED_MUTE                    0x07
      |         ^~~~~~~~
drivers/input/input.h:99:9: note: this is the location of the previous definition
   99 | #define LED_MUTE                  7
      |         ^~~~~~~~
drivers/input/input.h:205:9: warning: ‘LED_MISC’ redefined
  205 | #define LED_MISC                    0x08
      |         ^~~~~~~~
drivers/input/input.h:100:9: note: this is the location of the previous definition
  100 | #define LED_MISC                  8
      |         ^~~~~~~~
drivers/input/input.h:206:9: warning: ‘LED_MAIL’ redefined
  206 | #define LED_MAIL                    0x09
      |         ^~~~~~~~
drivers/input/input.h:101:9: note: this is the location of the previous definition
  101 | #define LED_MAIL                  9
      |         ^~~~~~~~
drivers/input/input.h:207:9: warning: ‘LED_CHARGING’ redefined
  207 | #define LED_CHARGING                0x0a
      |         ^~~~~~~~~~~~
drivers/input/input.h:102:9: note: this is the location of the previous definition
  102 | #define LED_CHARGING              10
      |         ^~~~~~~~~~~~
  [CC]    drivers/input/keyboard/ps2.c
cc1: warning: command-line option ‘-fno-rtti’ is valid for C++/D/ObjC++ but not for C
In file included from drivers/input/keyboard/../input.h:13,
                 from drivers/input/keyboard/ps2.c:9:
drivers/input/keyboard/../../../kernel/include/types.h:270:9: warning: ‘ENOMEM’ redefined
  270 | #define ENOMEM      (-12)
      |         ^~~~~~
drivers/input/keyboard/../../../kernel/include/types.h:118:9: note: this is the location of the previous definition
  118 | #define ENOMEM          (-2)
      |         ^~~~~~
drivers/input/keyboard/../../../kernel/include/types.h:271:9: warning: ‘EINVAL’ redefined
  271 | #define EINVAL      (-22)
      |         ^~~~~~
drivers/input/keyboard/../../../kernel/include/types.h:119:9: note: this is the location of the previous definition
  119 | #define EINVAL          (-3)
      |         ^~~~~~
drivers/input/keyboard/../../../kernel/include/types.h:272:9: warning: ‘EFAULT’ redefined
  272 | #define EFAULT      (-14)
      |         ^~~~~~
drivers/input/keyboard/../../../kernel/include/types.h:133:9: note: this is the location of the previous definition
  133 | #define EFAULT          (-17)
      |         ^~~~~~
drivers/input/keyboard/../../../kernel/include/types.h:273:9: warning: ‘EACCES’ redefined
  273 | #define EACCES      (-13)
      |         ^~~~~~
drivers/input/keyboard/../../../kernel/include/types.h:122:9: note: this is the location of the previous definition
  122 | #define EACCES          (-6)
      |         ^~~~~~
drivers/input/keyboard/../../../kernel/include/types.h:274:9: warning: ‘EPERM’ redefined
  274 | #define EPERM       (-1)
      |         ^~~~~
drivers/input/keyboard/../../../kernel/include/types.h:130:9: note: this is the location of the previous definition
  130 | #define EPERM           (-14)
      |         ^~~~~
drivers/input/keyboard/../../../kernel/include/types.h:275:9: warning: ‘ESRCH’ redefined
  275 | #define ESRCH       (-3)
      |         ^~~~~
drivers/input/keyboard/../../../kernel/include/types.h:131:9: note: this is the location of the previous definition
  131 | #define ESRCH           (-15)
      |         ^~~~~
drivers/input/keyboard/../../../kernel/include/types.h:276:9: warning: ‘EINTR’ redefined
  276 | #define EINTR       (-4)
      |         ^~~~~
drivers/input/keyboard/../../../kernel/include/types.h:132:9: note: this is the location of the previous definition
  132 | #define EINTR           (-16)
      |         ^~~~~
drivers/input/keyboard/../../../kernel/include/types.h:277:9: warning: ‘EIO’ redefined
  277 | #define EIO         (-5)
      |         ^~~
drivers/input/keyboard/../../../kernel/include/types.h:123:9: note: this is the location of the previous definition
  123 | #define EIO             (-7)
      |         ^~~
drivers/input/keyboard/../../../kernel/include/types.h:280:9: warning: ‘ENODEV’ redefined
  280 | #define ENODEV      (-19)
      |         ^~~~~~
drivers/input/keyboard/../../../kernel/include/types.h:128:9: note: this is the location of the previous definition
  128 | #define ENODEV          (-12)
      |         ^~~~~~
drivers/input/keyboard/../../../kernel/include/types.h:285:9: warning: ‘EPIPE’ redefined
  285 | #define EPIPE       (-32)
      |         ^~~~~
drivers/input/keyboard/../../../kernel/include/types.h:136:9: note: this is the location of the previous definition
  136 | #define EPIPE           (-25)
      |         ^~~~~
drivers/input/keyboard/../../../kernel/include/types.h:286:9: warning: ‘ETIMEDOUT’ redefined
  286 | #define ETIMEDOUT   (-110)
      |         ^~~~~~~~~
drivers/input/keyboard/../../../kernel/include/types.h:124:9: note: this is the location of the previous definition
  124 | #define ETIMEDOUT       (-8)
      |         ^~~~~~~~~
drivers/input/keyboard/../../../kernel/include/types.h:287:9: warning: ‘ENOSYS’ redefined
  287 | #define ENOSYS      (-38)
      |         ^~~~~~
drivers/input/keyboard/../../../kernel/include/types.h:125:9: note: this is the location of the previous definition
  125 | #define ENOSYS          (-9)
      |         ^~~~~~
In file included from drivers/input/keyboard/../input.h:14:
drivers/input/keyboard/../../../kernel/include/kernel.h:33:9: warning: ‘PAGE_SIZE_4K’ redefined
   33 | #define PAGE_SIZE_4K            0x1000
      |         ^~~~~~~~~~~~
drivers/input/keyboard/../../../kernel/include/types.h:87:9: note: this is the location of the previous definition
   87 | #define PAGE_SIZE_4K    (1ULL << PAGE_SHIFT_4K)
      |         ^~~~~~~~~~~~
drivers/input/keyboard/../../../kernel/include/kernel.h:101:9: warning: ‘offsetof’ redefined
  101 | #define offsetof(type, member) ((size_t)&((type *)0)->member)
      |         ^~~~~~~~
In file included from drivers/input/keyboard/../../../kernel/include/types.h:10:
/usr/lib/gcc/x86_64-linux-gnu/15/include/stddef.h:431:9: note: this is the location of the previous definition
  431 | #define offsetof(TYPE, MEMBER) __builtin_offsetof (TYPE, MEMBER)
      |         ^~~~~~~~
drivers/input/keyboard/../input.h:166:9: warning: ‘ABS_X’ redefined
  166 | #define ABS_X                       0x00
      |         ^~~~~
drivers/input/keyboard/../input.h:74:9: note: this is the location of the previous definition
   74 | #define ABS_X                       0
      |         ^~~~~
drivers/input/keyboard/../input.h:167:9: warning: ‘ABS_Y’ redefined
  167 | #define ABS_Y                       0x01
      |         ^~~~~
drivers/input/keyboard/../input.h:75:9: note: this is the location of the previous definition
   75 | #define ABS_Y                       1
      |         ^~~~~
drivers/input/keyboard/../input.h:168:9: warning: ‘ABS_Z’ redefined
  168 | #define ABS_Z                       0x02
      |         ^~~~~
drivers/input/keyboard/../input.h:76:9: note: this is the location of the previous definition
   76 | #define ABS_Z                       2
      |         ^~~~~
drivers/input/keyboard/../input.h:169:9: warning: ‘ABS_RX’ redefined
  169 | #define ABS_RX                      0x03
      |         ^~~~~~
drivers/input/keyboard/../input.h:77:9: note: this is the location of the previous definition
   77 | #define ABS_RX                      3
      |         ^~~~~~
drivers/input/keyboard/../input.h:170:9: warning: ‘ABS_RY’ redefined
  170 | #define ABS_RY                      0x04
      |         ^~~~~~
drivers/input/keyboard/../input.h:78:9: note: this is the location of the previous definition
   78 | #define ABS_RY                      4
      |         ^~~~~~
drivers/input/keyboard/../input.h:171:9: warning: ‘ABS_RZ’ redefined
  171 | #define ABS_RZ                      0x05
      |         ^~~~~~
drivers/input/keyboard/../input.h:79:9: note: this is the location of the previous definition
   79 | #define ABS_RZ                      5
      |         ^~~~~~
drivers/input/keyboard/../input.h:197:9: warning: ‘LED_NUML’ redefined
  197 | #define LED_NUML                    0x00
      |         ^~~~~~~~
drivers/input/keyboard/../input.h:92:9: note: this is the location of the previous definition
   92 | #define LED_NUML                    0
      |         ^~~~~~~~
drivers/input/keyboard/../input.h:198:9: warning: ‘LED_CAPSL’ redefined
  198 | #define LED_CAPSL                   0x01
      |         ^~~~~~~~~
drivers/input/keyboard/../input.h:93:9: note: this is the location of the previous definition
   93 | #define LED_CAPSL                   1
      |         ^~~~~~~~~
drivers/input/keyboard/../input.h:199:9: warning: ‘LED_SCROLLL’ redefined
  199 | #define LED_SCROLLL                 0x02
      |         ^~~~~~~~~~~
drivers/input/keyboard/../input.h:94:9: note: this is the location of the previous definition
   94 | #define LED_SCROLLL                 2
      |         ^~~~~~~~~~~
drivers/input/keyboard/../input.h:200:9: warning: ‘LED_COMPOSE’ redefined
  200 | #define LED_COMPOSE                 0x03
      |         ^~~~~~~~~~~
drivers/input/keyboard/../input.h:95:9: note: this is the location of the previous definition
   95 | #define LED_COMPOSE                 3
      |         ^~~~~~~~~~~
drivers/input/keyboard/../input.h:201:9: warning: ‘LED_KANA’ redefined
  201 | #define LED_KANA                    0x04
      |         ^~~~~~~~
drivers/input/keyboard/../input.h:96:9: note: this is the location of the previous definition
   96 | #define LED_KANA                    4
      |         ^~~~~~~~
drivers/input/keyboard/../input.h:202:9: warning: ‘LED_SLEEP’ redefined
  202 | #define LED_SLEEP                   0x05
      |         ^~~~~~~~~
drivers/input/keyboard/../input.h:97:9: note: this is the location of the previous definition
   97 | #define LED_SLEEP                 5
      |         ^~~~~~~~~
drivers/input/keyboard/../input.h:203:9: warning: ‘LED_SUSPEND’ redefined
  203 | #define LED_SUSPEND                 0x06
      |         ^~~~~~~~~~~
drivers/input/keyboard/../input.h:98:9: note: this is the location of the previous definition
   98 | #define LED_SUSPEND               6
      |         ^~~~~~~~~~~
drivers/input/keyboard/../input.h:204:9: warning: ‘LED_MUTE’ redefined
  204 | #define LED_MUTE                    0x07
      |         ^~~~~~~~
drivers/input/keyboard/../input.h:99:9: note: this is the location of the previous definition
   99 | #define LED_MUTE                  7
      |         ^~~~~~~~
drivers/input/keyboard/../input.h:205:9: warning: ‘LED_MISC’ redefined
  205 | #define LED_MISC                    0x08
      |         ^~~~~~~~
drivers/input/keyboard/../input.h:100:9: note: this is the location of the previous definition
  100 | #define LED_MISC                  8
      |         ^~~~~~~~
drivers/input/keyboard/../input.h:206:9: warning: ‘LED_MAIL’ redefined
  206 | #define LED_MAIL                    0x09
      |         ^~~~~~~~
drivers/input/keyboard/../input.h:101:9: note: this is the location of the previous definition
  101 | #define LED_MAIL                  9
      |         ^~~~~~~~
drivers/input/keyboard/../input.h:207:9: warning: ‘LED_CHARGING’ redefined
  207 | #define LED_CHARGING                0x0a
      |         ^~~~~~~~~~~~
drivers/input/keyboard/../input.h:102:9: note: this is the location of the previous definition
  102 | #define LED_CHARGING              10
      |         ^~~~~~~~~~~~
drivers/input/keyboard/ps2.c:204:5: warning: excess elements in array initializer
  204 |     0, 0, 0, 0, 0, 0, 0, 0, 0, 0, 0, 0, 0, 0, 0, 0, 0, 0, 0, 0, 0, 0, 0, 0
      |     ^
drivers/input/keyboard/ps2.c:204:5: note: (near initialization for ‘ps2_keymap’)
drivers/input/keyboard/ps2.c:204:8: warning: excess elements in array initializer
  204 |     0, 0, 0, 0, 0, 0, 0, 0, 0, 0, 0, 0, 0, 0, 0, 0, 0, 0, 0, 0, 0, 0, 0, 0
      |        ^
drivers/input/keyboard/ps2.c:204:8: note: (near initialization for ‘ps2_keymap’)
drivers/input/keyboard/ps2.c:204:11: warning: excess elements in array initializer
  204 |     0, 0, 0, 0, 0, 0, 0, 0, 0, 0, 0, 0, 0, 0, 0, 0, 0, 0, 0, 0, 0, 0, 0, 0
      |           ^
drivers/input/keyboard/ps2.c:204:11: note: (near initialization for ‘ps2_keymap’)
drivers/input/keyboard/ps2.c:204:14: warning: excess elements in array initializer
  204 |     0, 0, 0, 0, 0, 0, 0, 0, 0, 0, 0, 0, 0, 0, 0, 0, 0, 0, 0, 0, 0, 0, 0, 0
      |              ^
drivers/input/keyboard/ps2.c:204:14: note: (near initialization for ‘ps2_keymap’)
drivers/input/keyboard/ps2.c:204:17: warning: excess elements in array initializer
  204 |     0, 0, 0, 0, 0, 0, 0, 0, 0, 0, 0, 0, 0, 0, 0, 0, 0, 0, 0, 0, 0, 0, 0, 0
      |                 ^
drivers/input/keyboard/ps2.c:204:17: note: (near initialization for ‘ps2_keymap’)
drivers/input/keyboard/ps2.c:204:20: warning: excess elements in array initializer
  204 |     0, 0, 0, 0, 0, 0, 0, 0, 0, 0, 0, 0, 0, 0, 0, 0, 0, 0, 0, 0, 0, 0, 0, 0
      |                    ^
drivers/input/keyboard/ps2.c:204:20: note: (near initialization for ‘ps2_keymap’)
drivers/input/keyboard/ps2.c:204:23: warning: excess elements in array initializer
  204 |     0, 0, 0, 0, 0, 0, 0, 0, 0, 0, 0, 0, 0, 0, 0, 0, 0, 0, 0, 0, 0, 0, 0, 0
      |                       ^
drivers/input/keyboard/ps2.c:204:23: note: (near initialization for ‘ps2_keymap’)
drivers/input/keyboard/ps2.c:204:26: warning: excess elements in array initializer
  204 |     0, 0, 0, 0, 0, 0, 0, 0, 0, 0, 0, 0, 0, 0, 0, 0, 0, 0, 0, 0, 0, 0, 0, 0
      |                          ^
drivers/input/keyboard/ps2.c:204:26: note: (near initialization for ‘ps2_keymap’)
drivers/input/keyboard/ps2.c:204:29: warning: excess elements in array initializer
  204 |     0, 0, 0, 0, 0, 0, 0, 0, 0, 0, 0, 0, 0, 0, 0, 0, 0, 0, 0, 0, 0, 0, 0, 0
      |                             ^
drivers/input/keyboard/ps2.c:204:29: note: (near initialization for ‘ps2_keymap’)
drivers/input/keyboard/ps2.c:204:32: warning: excess elements in array initializer
  204 |     0, 0, 0, 0, 0, 0, 0, 0, 0, 0, 0, 0, 0, 0, 0, 0, 0, 0, 0, 0, 0, 0, 0, 0
      |                                ^
drivers/input/keyboard/ps2.c:204:32: note: (near initialization for ‘ps2_keymap’)
drivers/input/keyboard/ps2.c:204:35: warning: excess elements in array initializer
  204 |     0, 0, 0, 0, 0, 0, 0, 0, 0, 0, 0, 0, 0, 0, 0, 0, 0, 0, 0, 0, 0, 0, 0, 0
      |                                   ^
drivers/input/keyboard/ps2.c:204:35: note: (near initialization for ‘ps2_keymap’)
drivers/input/keyboard/ps2.c:204:38: warning: excess elements in array initializer
  204 |     0, 0, 0, 0, 0, 0, 0, 0, 0, 0, 0, 0, 0, 0, 0, 0, 0, 0, 0, 0, 0, 0, 0, 0
      |                                      ^
drivers/input/keyboard/ps2.c:204:38: note: (near initialization for ‘ps2_keymap’)
drivers/input/keyboard/ps2.c:204:41: warning: excess elements in array initializer
  204 |     0, 0, 0, 0, 0, 0, 0, 0, 0, 0, 0, 0, 0, 0, 0, 0, 0, 0, 0, 0, 0, 0, 0, 0
      |                                         ^
drivers/input/keyboard/ps2.c:204:41: note: (near initialization for ‘ps2_keymap’)
drivers/input/keyboard/ps2.c:204:44: warning: excess elements in array initializer
  204 |     0, 0, 0, 0, 0, 0, 0, 0, 0, 0, 0, 0, 0, 0, 0, 0, 0, 0, 0, 0, 0, 0, 0, 0
      |                                            ^
drivers/input/keyboard/ps2.c:204:44: note: (near initialization for ‘ps2_keymap’)
drivers/input/keyboard/ps2.c:204:47: warning: excess elements in array initializer
  204 |     0, 0, 0, 0, 0, 0, 0, 0, 0, 0, 0, 0, 0, 0, 0, 0, 0, 0, 0, 0, 0, 0, 0, 0
      |                                               ^
drivers/input/keyboard/ps2.c:204:47: note: (near initialization for ‘ps2_keymap’)
drivers/input/keyboard/ps2.c:204:50: warning: excess elements in array initializer
  204 |     0, 0, 0, 0, 0, 0, 0, 0, 0, 0, 0, 0, 0, 0, 0, 0, 0, 0, 0, 0, 0, 0, 0, 0
      |                                                  ^
drivers/input/keyboard/ps2.c:204:50: note: (near initialization for ‘ps2_keymap’)
drivers/input/keyboard/ps2.c:204:53: warning: excess elements in array initializer
  204 |     0, 0, 0, 0, 0, 0, 0, 0, 0, 0, 0, 0, 0, 0, 0, 0, 0, 0, 0, 0, 0, 0, 0, 0
      |                                                     ^
drivers/input/keyboard/ps2.c:204:53: note: (near initialization for ‘ps2_keymap’)
drivers/input/keyboard/ps2.c:204:56: warning: excess elements in array initializer
  204 |     0, 0, 0, 0, 0, 0, 0, 0, 0, 0, 0, 0, 0, 0, 0, 0, 0, 0, 0, 0, 0, 0, 0, 0
      |                                                        ^
drivers/input/keyboard/ps2.c:204:56: note: (near initialization for ‘ps2_keymap’)
drivers/input/keyboard/ps2.c:204:59: warning: excess elements in array initializer
  204 |     0, 0, 0, 0, 0, 0, 0, 0, 0, 0, 0, 0, 0, 0, 0, 0, 0, 0, 0, 0, 0, 0, 0, 0
      |                                                           ^
drivers/input/keyboard/ps2.c:204:59: note: (near initialization for ‘ps2_keymap’)
drivers/input/keyboard/ps2.c:204:62: warning: excess elements in array initializer
  204 |     0, 0, 0, 0, 0, 0, 0, 0, 0, 0, 0, 0, 0, 0, 0, 0, 0, 0, 0, 0, 0, 0, 0, 0
      |                                                              ^
drivers/input/keyboard/ps2.c:204:62: note: (near initialization for ‘ps2_keymap’)
drivers/input/keyboard/ps2.c:204:65: warning: excess elements in array initializer
  204 |     0, 0, 0, 0, 0, 0, 0, 0, 0, 0, 0, 0, 0, 0, 0, 0, 0, 0, 0, 0, 0, 0, 0, 0
      |                                                                 ^
drivers/input/keyboard/ps2.c:204:65: note: (near initialization for ‘ps2_keymap’)
drivers/input/keyboard/ps2.c:204:68: warning: excess elements in array initializer
  204 |     0, 0, 0, 0, 0, 0, 0, 0, 0, 0, 0, 0, 0, 0, 0, 0, 0, 0, 0, 0, 0, 0, 0, 0
      |                                                                    ^
drivers/input/keyboard/ps2.c:204:68: note: (near initialization for ‘ps2_keymap’)
drivers/input/keyboard/ps2.c:204:71: warning: excess elements in array initializer
  204 |     0, 0, 0, 0, 0, 0, 0, 0, 0, 0, 0, 0, 0, 0, 0, 0, 0, 0, 0, 0, 0, 0, 0, 0
      |                                                                       ^
drivers/input/keyboard/ps2.c:204:71: note: (near initialization for ‘ps2_keymap’)
drivers/input/keyboard/ps2.c:204:74: warning: excess elements in array initializer
  204 |     0, 0, 0, 0, 0, 0, 0, 0, 0, 0, 0, 0, 0, 0, 0, 0, 0, 0, 0, 0, 0, 0, 0, 0
      |                                                                          ^
drivers/input/keyboard/ps2.c:204:74: note: (near initialization for ‘ps2_keymap’)
  [CC]    drivers/input/touchscreen/touchscreen.c
cc1: warning: command-line option ‘-fno-rtti’ is valid for C++/D/ObjC++ but not for C
In file included from drivers/input/touchscreen/../input.h:13,
                 from drivers/input/touchscreen/touchscreen.c:9:
drivers/input/touchscreen/../../../kernel/include/types.h:270:9: warning: ‘ENOMEM’ redefined
  270 | #define ENOMEM      (-12)
      |         ^~~~~~
drivers/input/touchscreen/../../../kernel/include/types.h:118:9: note: this is the location of the previous definition
  118 | #define ENOMEM          (-2)
      |         ^~~~~~
drivers/input/touchscreen/../../../kernel/include/types.h:271:9: warning: ‘EINVAL’ redefined
  271 | #define EINVAL      (-22)
      |         ^~~~~~
drivers/input/touchscreen/../../../kernel/include/types.h:119:9: note: this is the location of the previous definition
  119 | #define EINVAL          (-3)
      |         ^~~~~~
drivers/input/touchscreen/../../../kernel/include/types.h:272:9: warning: ‘EFAULT’ redefined
  272 | #define EFAULT      (-14)
      |         ^~~~~~
drivers/input/touchscreen/../../../kernel/include/types.h:133:9: note: this is the location of the previous definition
  133 | #define EFAULT          (-17)
      |         ^~~~~~
drivers/input/touchscreen/../../../kernel/include/types.h:273:9: warning: ‘EACCES’ redefined
  273 | #define EACCES      (-13)
      |         ^~~~~~
drivers/input/touchscreen/../../../kernel/include/types.h:122:9: note: this is the location of the previous definition
  122 | #define EACCES          (-6)
      |         ^~~~~~
drivers/input/touchscreen/../../../kernel/include/types.h:274:9: warning: ‘EPERM’ redefined
  274 | #define EPERM       (-1)
      |         ^~~~~
drivers/input/touchscreen/../../../kernel/include/types.h:130:9: note: this is the location of the previous definition
  130 | #define EPERM           (-14)
      |         ^~~~~
drivers/input/touchscreen/../../../kernel/include/types.h:275:9: warning: ‘ESRCH’ redefined
  275 | #define ESRCH       (-3)
      |         ^~~~~
drivers/input/touchscreen/../../../kernel/include/types.h:131:9: note: this is the location of the previous definition
  131 | #define ESRCH           (-15)
      |         ^~~~~
drivers/input/touchscreen/../../../kernel/include/types.h:276:9: warning: ‘EINTR’ redefined
  276 | #define EINTR       (-4)
      |         ^~~~~
drivers/input/touchscreen/../../../kernel/include/types.h:132:9: note: this is the location of the previous definition
  132 | #define EINTR           (-16)
      |         ^~~~~
drivers/input/touchscreen/../../../kernel/include/types.h:277:9: warning: ‘EIO’ redefined
  277 | #define EIO         (-5)
      |         ^~~
drivers/input/touchscreen/../../../kernel/include/types.h:123:9: note: this is the location of the previous definition
  123 | #define EIO             (-7)
      |         ^~~
drivers/input/touchscreen/../../../kernel/include/types.h:280:9: warning: ‘ENODEV’ redefined
  280 | #define ENODEV      (-19)
      |         ^~~~~~
drivers/input/touchscreen/../../../kernel/include/types.h:128:9: note: this is the location of the previous definition
  128 | #define ENODEV          (-12)
      |         ^~~~~~
drivers/input/touchscreen/../../../kernel/include/types.h:285:9: warning: ‘EPIPE’ redefined
  285 | #define EPIPE       (-32)
      |         ^~~~~
drivers/input/touchscreen/../../../kernel/include/types.h:136:9: note: this is the location of the previous definition
  136 | #define EPIPE           (-25)
      |         ^~~~~
drivers/input/touchscreen/../../../kernel/include/types.h:286:9: warning: ‘ETIMEDOUT’ redefined
  286 | #define ETIMEDOUT   (-110)
      |         ^~~~~~~~~
drivers/input/touchscreen/../../../kernel/include/types.h:124:9: note: this is the location of the previous definition
  124 | #define ETIMEDOUT       (-8)
      |         ^~~~~~~~~
drivers/input/touchscreen/../../../kernel/include/types.h:287:9: warning: ‘ENOSYS’ redefined
  287 | #define ENOSYS      (-38)
      |         ^~~~~~
drivers/input/touchscreen/../../../kernel/include/types.h:125:9: note: this is the location of the previous definition
  125 | #define ENOSYS          (-9)
      |         ^~~~~~
In file included from drivers/input/touchscreen/../input.h:14:
drivers/input/touchscreen/../../../kernel/include/kernel.h:33:9: warning: ‘PAGE_SIZE_4K’ redefined
   33 | #define PAGE_SIZE_4K            0x1000
      |         ^~~~~~~~~~~~
drivers/input/touchscreen/../../../kernel/include/types.h:87:9: note: this is the location of the previous definition
   87 | #define PAGE_SIZE_4K    (1ULL << PAGE_SHIFT_4K)
      |         ^~~~~~~~~~~~
drivers/input/touchscreen/../../../kernel/include/kernel.h:101:9: warning: ‘offsetof’ redefined
  101 | #define offsetof(type, member) ((size_t)&((type *)0)->member)
      |         ^~~~~~~~
In file included from drivers/input/touchscreen/../../../kernel/include/types.h:10:
/usr/lib/gcc/x86_64-linux-gnu/15/include/stddef.h:431:9: note: this is the location of the previous definition
  431 | #define offsetof(TYPE, MEMBER) __builtin_offsetof (TYPE, MEMBER)
      |         ^~~~~~~~
drivers/input/touchscreen/../input.h:166:9: warning: ‘ABS_X’ redefined
  166 | #define ABS_X                       0x00
      |         ^~~~~
drivers/input/touchscreen/../input.h:74:9: note: this is the location of the previous definition
   74 | #define ABS_X                       0
      |         ^~~~~
drivers/input/touchscreen/../input.h:167:9: warning: ‘ABS_Y’ redefined
  167 | #define ABS_Y                       0x01
      |         ^~~~~
drivers/input/touchscreen/../input.h:75:9: note: this is the location of the previous definition
   75 | #define ABS_Y                       1
      |         ^~~~~
drivers/input/touchscreen/../input.h:168:9: warning: ‘ABS_Z’ redefined
  168 | #define ABS_Z                       0x02
      |         ^~~~~
drivers/input/touchscreen/../input.h:76:9: note: this is the location of the previous definition
   76 | #define ABS_Z                       2
      |         ^~~~~
drivers/input/touchscreen/../input.h:169:9: warning: ‘ABS_RX’ redefined
  169 | #define ABS_RX                      0x03
      |         ^~~~~~
drivers/input/touchscreen/../input.h:77:9: note: this is the location of the previous definition
   77 | #define ABS_RX                      3
      |         ^~~~~~
drivers/input/touchscreen/../input.h:170:9: warning: ‘ABS_RY’ redefined
  170 | #define ABS_RY                      0x04
      |         ^~~~~~
drivers/input/touchscreen/../input.h:78:9: note: this is the location of the previous definition
   78 | #define ABS_RY                      4
      |         ^~~~~~
drivers/input/touchscreen/../input.h:171:9: warning: ‘ABS_RZ’ redefined
  171 | #define ABS_RZ                      0x05
      |         ^~~~~~
drivers/input/touchscreen/../input.h:79:9: note: this is the location of the previous definition
   79 | #define ABS_RZ                      5
      |         ^~~~~~
drivers/input/touchscreen/../input.h:197:9: warning: ‘LED_NUML’ redefined
  197 | #define LED_NUML                    0x00
      |         ^~~~~~~~
drivers/input/touchscreen/../input.h:92:9: note: this is the location of the previous definition
   92 | #define LED_NUML                    0
      |         ^~~~~~~~
drivers/input/touchscreen/../input.h:198:9: warning: ‘LED_CAPSL’ redefined
  198 | #define LED_CAPSL                   0x01
      |         ^~~~~~~~~
drivers/input/touchscreen/../input.h:93:9: note: this is the location of the previous definition
   93 | #define LED_CAPSL                   1
      |         ^~~~~~~~~
drivers/input/touchscreen/../input.h:199:9: warning: ‘LED_SCROLLL’ redefined
  199 | #define LED_SCROLLL                 0x02
      |         ^~~~~~~~~~~
drivers/input/touchscreen/../input.h:94:9: note: this is the location of the previous definition
   94 | #define LED_SCROLLL                 2
      |         ^~~~~~~~~~~
drivers/input/touchscreen/../input.h:200:9: warning: ‘LED_COMPOSE’ redefined
  200 | #define LED_COMPOSE                 0x03
      |         ^~~~~~~~~~~
drivers/input/touchscreen/../input.h:95:9: note: this is the location of the previous definition
   95 | #define LED_COMPOSE                 3
      |         ^~~~~~~~~~~
drivers/input/touchscreen/../input.h:201:9: warning: ‘LED_KANA’ redefined
  201 | #define LED_KANA                    0x04
      |         ^~~~~~~~
drivers/input/touchscreen/../input.h:96:9: note: this is the location of the previous definition
   96 | #define LED_KANA                    4
      |         ^~~~~~~~
drivers/input/touchscreen/../input.h:202:9: warning: ‘LED_SLEEP’ redefined
  202 | #define LED_SLEEP                   0x05
      |         ^~~~~~~~~
drivers/input/touchscreen/../input.h:97:9: note: this is the location of the previous definition
   97 | #define LED_SLEEP                 5
      |         ^~~~~~~~~
drivers/input/touchscreen/../input.h:203:9: warning: ‘LED_SUSPEND’ redefined
  203 | #define LED_SUSPEND                 0x06
      |         ^~~~~~~~~~~
drivers/input/touchscreen/../input.h:98:9: note: this is the location of the previous definition
   98 | #define LED_SUSPEND               6
      |         ^~~~~~~~~~~
drivers/input/touchscreen/../input.h:204:9: warning: ‘LED_MUTE’ redefined
  204 | #define LED_MUTE                    0x07
      |         ^~~~~~~~
drivers/input/touchscreen/../input.h:99:9: note: this is the location of the previous definition
   99 | #define LED_MUTE                  7
      |         ^~~~~~~~
drivers/input/touchscreen/../input.h:205:9: warning: ‘LED_MISC’ redefined
  205 | #define LED_MISC                    0x08
      |         ^~~~~~~~
drivers/input/touchscreen/../input.h:100:9: note: this is the location of the previous definition
  100 | #define LED_MISC                  8
      |         ^~~~~~~~
drivers/input/touchscreen/../input.h:206:9: warning: ‘LED_MAIL’ redefined
  206 | #define LED_MAIL                    0x09
      |         ^~~~~~~~
drivers/input/touchscreen/../input.h:101:9: note: this is the location of the previous definition
  101 | #define LED_MAIL                  9
      |         ^~~~~~~~
drivers/input/touchscreen/../input.h:207:9: warning: ‘LED_CHARGING’ redefined
  207 | #define LED_CHARGING                0x0a
      |         ^~~~~~~~~~~~
drivers/input/touchscreen/../input.h:102:9: note: this is the location of the previous definition
  102 | #define LED_CHARGING              10
      |         ^~~~~~~~~~~~
drivers/input/touchscreen/touchscreen.c:237:12: warning: ‘apply_calibration’ defined but not used [-Wunused-function]
  237 | static s32 apply_calibration(touchscreen_t *ts, s32 x, s32 y, s32 *out_x, s32 *out_y)
      |            ^~~~~~~~~~~~~~~~~
drivers/input/touchscreen/touchscreen.c:171:13: warning: ‘detect_gestures’ defined but not used [-Wunused-function]
  171 | static void detect_gestures(touchscreen_t *ts)
      |             ^~~~~~~~~~~~~~~
drivers/input/touchscreen/touchscreen.c:134:13: warning: ‘process_touch_event’ defined but not used [-Wunused-function]
  134 | static void process_touch_event(touchscreen_t *ts, u32 id, s32 x, s32 y, s32 pressure)
      |             ^~~~~~~~~~~~~~~~~~~
  [CC]    drivers/audio/audio.c
cc1: warning: command-line option ‘-fno-rtti’ is valid for C++/D/ObjC++ but not for C
In file included from drivers/audio/audio.h:13,
                 from drivers/audio/audio.c:9:
drivers/audio/../../kernel/include/types.h:270:9: warning: ‘ENOMEM’ redefined
  270 | #define ENOMEM      (-12)
      |         ^~~~~~
drivers/audio/../../kernel/include/types.h:118:9: note: this is the location of the previous definition
  118 | #define ENOMEM          (-2)
      |         ^~~~~~
drivers/audio/../../kernel/include/types.h:271:9: warning: ‘EINVAL’ redefined
  271 | #define EINVAL      (-22)
      |         ^~~~~~
drivers/audio/../../kernel/include/types.h:119:9: note: this is the location of the previous definition
  119 | #define EINVAL          (-3)
      |         ^~~~~~
drivers/audio/../../kernel/include/types.h:272:9: warning: ‘EFAULT’ redefined
  272 | #define EFAULT      (-14)
      |         ^~~~~~
drivers/audio/../../kernel/include/types.h:133:9: note: this is the location of the previous definition
  133 | #define EFAULT          (-17)
      |         ^~~~~~
drivers/audio/../../kernel/include/types.h:273:9: warning: ‘EACCES’ redefined
  273 | #define EACCES      (-13)
      |         ^~~~~~
drivers/audio/../../kernel/include/types.h:122:9: note: this is the location of the previous definition
  122 | #define EACCES          (-6)
      |         ^~~~~~
drivers/audio/../../kernel/include/types.h:274:9: warning: ‘EPERM’ redefined
  274 | #define EPERM       (-1)
      |         ^~~~~
drivers/audio/../../kernel/include/types.h:130:9: note: this is the location of the previous definition
  130 | #define EPERM           (-14)
      |         ^~~~~
drivers/audio/../../kernel/include/types.h:275:9: warning: ‘ESRCH’ redefined
  275 | #define ESRCH       (-3)
      |         ^~~~~
drivers/audio/../../kernel/include/types.h:131:9: note: this is the location of the previous definition
  131 | #define ESRCH           (-15)
      |         ^~~~~
drivers/audio/../../kernel/include/types.h:276:9: warning: ‘EINTR’ redefined
  276 | #define EINTR       (-4)
      |         ^~~~~
drivers/audio/../../kernel/include/types.h:132:9: note: this is the location of the previous definition
  132 | #define EINTR           (-16)
      |         ^~~~~
drivers/audio/../../kernel/include/types.h:277:9: warning: ‘EIO’ redefined
  277 | #define EIO         (-5)
      |         ^~~
drivers/audio/../../kernel/include/types.h:123:9: note: this is the location of the previous definition
  123 | #define EIO             (-7)
      |         ^~~
drivers/audio/../../kernel/include/types.h:280:9: warning: ‘ENODEV’ redefined
  280 | #define ENODEV      (-19)
      |         ^~~~~~
drivers/audio/../../kernel/include/types.h:128:9: note: this is the location of the previous definition
  128 | #define ENODEV          (-12)
      |         ^~~~~~
drivers/audio/../../kernel/include/types.h:285:9: warning: ‘EPIPE’ redefined
  285 | #define EPIPE       (-32)
      |         ^~~~~
drivers/audio/../../kernel/include/types.h:136:9: note: this is the location of the previous definition
  136 | #define EPIPE           (-25)
      |         ^~~~~
drivers/audio/../../kernel/include/types.h:286:9: warning: ‘ETIMEDOUT’ redefined
  286 | #define ETIMEDOUT   (-110)
      |         ^~~~~~~~~
drivers/audio/../../kernel/include/types.h:124:9: note: this is the location of the previous definition
  124 | #define ETIMEDOUT       (-8)
      |         ^~~~~~~~~
drivers/audio/../../kernel/include/types.h:287:9: warning: ‘ENOSYS’ redefined
  287 | #define ENOSYS      (-38)
      |         ^~~~~~
drivers/audio/../../kernel/include/types.h:125:9: note: this is the location of the previous definition
  125 | #define ENOSYS          (-9)
      |         ^~~~~~
In file included from drivers/audio/audio.h:14:
drivers/audio/../../kernel/include/kernel.h:33:9: warning: ‘PAGE_SIZE_4K’ redefined
   33 | #define PAGE_SIZE_4K            0x1000
      |         ^~~~~~~~~~~~
drivers/audio/../../kernel/include/types.h:87:9: note: this is the location of the previous definition
   87 | #define PAGE_SIZE_4K    (1ULL << PAGE_SHIFT_4K)
      |         ^~~~~~~~~~~~
drivers/audio/../../kernel/include/kernel.h:101:9: warning: ‘offsetof’ redefined
  101 | #define offsetof(type, member) ((size_t)&((type *)0)->member)
      |         ^~~~~~~~
In file included from drivers/audio/../../kernel/include/types.h:10:
/usr/lib/gcc/x86_64-linux-gnu/15/include/stddef.h:431:9: note: this is the location of the previous definition
  431 | #define offsetof(TYPE, MEMBER) __builtin_offsetof (TYPE, MEMBER)
      |         ^~~~~~~~
  [CC]    drivers/audio/mixer.c
cc1: warning: command-line option ‘-fno-rtti’ is valid for C++/D/ObjC++ but not for C
In file included from drivers/audio/audio.h:13,
                 from drivers/audio/mixer.c:9:
drivers/audio/../../kernel/include/types.h:270:9: warning: ‘ENOMEM’ redefined
  270 | #define ENOMEM      (-12)
      |         ^~~~~~
drivers/audio/../../kernel/include/types.h:118:9: note: this is the location of the previous definition
  118 | #define ENOMEM          (-2)
      |         ^~~~~~
drivers/audio/../../kernel/include/types.h:271:9: warning: ‘EINVAL’ redefined
  271 | #define EINVAL      (-22)
      |         ^~~~~~
drivers/audio/../../kernel/include/types.h:119:9: note: this is the location of the previous definition
  119 | #define EINVAL          (-3)
      |         ^~~~~~
drivers/audio/../../kernel/include/types.h:272:9: warning: ‘EFAULT’ redefined
  272 | #define EFAULT      (-14)
      |         ^~~~~~
drivers/audio/../../kernel/include/types.h:133:9: note: this is the location of the previous definition
  133 | #define EFAULT          (-17)
      |         ^~~~~~
drivers/audio/../../kernel/include/types.h:273:9: warning: ‘EACCES’ redefined
  273 | #define EACCES      (-13)
      |         ^~~~~~
drivers/audio/../../kernel/include/types.h:122:9: note: this is the location of the previous definition
  122 | #define EACCES          (-6)
      |         ^~~~~~
drivers/audio/../../kernel/include/types.h:274:9: warning: ‘EPERM’ redefined
  274 | #define EPERM       (-1)
      |         ^~~~~
drivers/audio/../../kernel/include/types.h:130:9: note: this is the location of the previous definition
  130 | #define EPERM           (-14)
      |         ^~~~~
drivers/audio/../../kernel/include/types.h:275:9: warning: ‘ESRCH’ redefined
  275 | #define ESRCH       (-3)
      |         ^~~~~
drivers/audio/../../kernel/include/types.h:131:9: note: this is the location of the previous definition
  131 | #define ESRCH           (-15)
      |         ^~~~~
drivers/audio/../../kernel/include/types.h:276:9: warning: ‘EINTR’ redefined
  276 | #define EINTR       (-4)
      |         ^~~~~
drivers/audio/../../kernel/include/types.h:132:9: note: this is the location of the previous definition
  132 | #define EINTR           (-16)
      |         ^~~~~
drivers/audio/../../kernel/include/types.h:277:9: warning: ‘EIO’ redefined
  277 | #define EIO         (-5)
      |         ^~~
drivers/audio/../../kernel/include/types.h:123:9: note: this is the location of the previous definition
  123 | #define EIO             (-7)
      |         ^~~
drivers/audio/../../kernel/include/types.h:280:9: warning: ‘ENODEV’ redefined
  280 | #define ENODEV      (-19)
      |         ^~~~~~
drivers/audio/../../kernel/include/types.h:128:9: note: this is the location of the previous definition
  128 | #define ENODEV          (-12)
      |         ^~~~~~
drivers/audio/../../kernel/include/types.h:285:9: warning: ‘EPIPE’ redefined
  285 | #define EPIPE       (-32)
      |         ^~~~~
drivers/audio/../../kernel/include/types.h:136:9: note: this is the location of the previous definition
  136 | #define EPIPE           (-25)
      |         ^~~~~
drivers/audio/../../kernel/include/types.h:286:9: warning: ‘ETIMEDOUT’ redefined
  286 | #define ETIMEDOUT   (-110)
      |         ^~~~~~~~~
drivers/audio/../../kernel/include/types.h:124:9: note: this is the location of the previous definition
  124 | #define ETIMEDOUT       (-8)
      |         ^~~~~~~~~
drivers/audio/../../kernel/include/types.h:287:9: warning: ‘ENOSYS’ redefined
  287 | #define ENOSYS      (-38)
      |         ^~~~~~
drivers/audio/../../kernel/include/types.h:125:9: note: this is the location of the previous definition
  125 | #define ENOSYS          (-9)
      |         ^~~~~~
In file included from drivers/audio/audio.h:14:
drivers/audio/../../kernel/include/kernel.h:33:9: warning: ‘PAGE_SIZE_4K’ redefined
   33 | #define PAGE_SIZE_4K            0x1000
      |         ^~~~~~~~~~~~
drivers/audio/../../kernel/include/types.h:87:9: note: this is the location of the previous definition
   87 | #define PAGE_SIZE_4K    (1ULL << PAGE_SHIFT_4K)
      |         ^~~~~~~~~~~~
drivers/audio/../../kernel/include/kernel.h:101:9: warning: ‘offsetof’ redefined
  101 | #define offsetof(type, member) ((size_t)&((type *)0)->member)
      |         ^~~~~~~~
In file included from drivers/audio/../../kernel/include/types.h:10:
/usr/lib/gcc/x86_64-linux-gnu/15/include/stddef.h:431:9: note: this is the location of the previous definition
  431 | #define offsetof(TYPE, MEMBER) __builtin_offsetof (TYPE, MEMBER)
      |         ^~~~~~~~
  [CC]    drivers/audio/bluetooth_audio.c
cc1: warning: command-line option ‘-fno-rtti’ is valid for C++/D/ObjC++ but not for C
In file included from drivers/audio/audio.h:13,
                 from drivers/audio/bluetooth_audio.c:9:
drivers/audio/../../kernel/include/types.h:270:9: warning: ‘ENOMEM’ redefined
  270 | #define ENOMEM      (-12)
      |         ^~~~~~
drivers/audio/../../kernel/include/types.h:118:9: note: this is the location of the previous definition
  118 | #define ENOMEM          (-2)
      |         ^~~~~~
drivers/audio/../../kernel/include/types.h:271:9: warning: ‘EINVAL’ redefined
  271 | #define EINVAL      (-22)
      |         ^~~~~~
drivers/audio/../../kernel/include/types.h:119:9: note: this is the location of the previous definition
  119 | #define EINVAL          (-3)
      |         ^~~~~~
drivers/audio/../../kernel/include/types.h:272:9: warning: ‘EFAULT’ redefined
  272 | #define EFAULT      (-14)
      |         ^~~~~~
drivers/audio/../../kernel/include/types.h:133:9: note: this is the location of the previous definition
  133 | #define EFAULT          (-17)
      |         ^~~~~~
drivers/audio/../../kernel/include/types.h:273:9: warning: ‘EACCES’ redefined
  273 | #define EACCES      (-13)
      |         ^~~~~~
drivers/audio/../../kernel/include/types.h:122:9: note: this is the location of the previous definition
  122 | #define EACCES          (-6)
      |         ^~~~~~
drivers/audio/../../kernel/include/types.h:274:9: warning: ‘EPERM’ redefined
  274 | #define EPERM       (-1)
      |         ^~~~~
drivers/audio/../../kernel/include/types.h:130:9: note: this is the location of the previous definition
  130 | #define EPERM           (-14)
      |         ^~~~~
drivers/audio/../../kernel/include/types.h:275:9: warning: ‘ESRCH’ redefined
  275 | #define ESRCH       (-3)
      |         ^~~~~
drivers/audio/../../kernel/include/types.h:131:9: note: this is the location of the previous definition
  131 | #define ESRCH           (-15)
      |         ^~~~~
drivers/audio/../../kernel/include/types.h:276:9: warning: ‘EINTR’ redefined
  276 | #define EINTR       (-4)
      |         ^~~~~
drivers/audio/../../kernel/include/types.h:132:9: note: this is the location of the previous definition
  132 | #define EINTR           (-16)
      |         ^~~~~
drivers/audio/../../kernel/include/types.h:277:9: warning: ‘EIO’ redefined
  277 | #define EIO         (-5)
      |         ^~~
drivers/audio/../../kernel/include/types.h:123:9: note: this is the location of the previous definition
  123 | #define EIO             (-7)
      |         ^~~
drivers/audio/../../kernel/include/types.h:280:9: warning: ‘ENODEV’ redefined
  280 | #define ENODEV      (-19)
      |         ^~~~~~
drivers/audio/../../kernel/include/types.h:128:9: note: this is the location of the previous definition
  128 | #define ENODEV          (-12)
      |         ^~~~~~
drivers/audio/../../kernel/include/types.h:285:9: warning: ‘EPIPE’ redefined
  285 | #define EPIPE       (-32)
      |         ^~~~~
drivers/audio/../../kernel/include/types.h:136:9: note: this is the location of the previous definition
  136 | #define EPIPE           (-25)
      |         ^~~~~
drivers/audio/../../kernel/include/types.h:286:9: warning: ‘ETIMEDOUT’ redefined
  286 | #define ETIMEDOUT   (-110)
      |         ^~~~~~~~~
drivers/audio/../../kernel/include/types.h:124:9: note: this is the location of the previous definition
  124 | #define ETIMEDOUT       (-8)
      |         ^~~~~~~~~
drivers/audio/../../kernel/include/types.h:287:9: warning: ‘ENOSYS’ redefined
  287 | #define ENOSYS      (-38)
      |         ^~~~~~
drivers/audio/../../kernel/include/types.h:125:9: note: this is the location of the previous definition
  125 | #define ENOSYS          (-9)
      |         ^~~~~~
In file included from drivers/audio/audio.h:14:
drivers/audio/../../kernel/include/kernel.h:33:9: warning: ‘PAGE_SIZE_4K’ redefined
   33 | #define PAGE_SIZE_4K            0x1000
      |         ^~~~~~~~~~~~
drivers/audio/../../kernel/include/types.h:87:9: note: this is the location of the previous definition
   87 | #define PAGE_SIZE_4K    (1ULL << PAGE_SHIFT_4K)
      |         ^~~~~~~~~~~~
drivers/audio/../../kernel/include/kernel.h:101:9: warning: ‘offsetof’ redefined
  101 | #define offsetof(type, member) ((size_t)&((type *)0)->member)
      |         ^~~~~~~~
In file included from drivers/audio/../../kernel/include/types.h:10:
/usr/lib/gcc/x86_64-linux-gnu/15/include/stddef.h:431:9: note: this is the location of the previous definition
  431 | #define offsetof(TYPE, MEMBER) __builtin_offsetof (TYPE, MEMBER)
      |         ^~~~~~~~
  [CC]    drivers/gpu/gpu.c
cc1: warning: command-line option ‘-fno-rtti’ is valid for C++/D/ObjC++ but not for C
In file included from drivers/gpu/gpu.h:12,
                 from drivers/gpu/gpu.c:9:
drivers/gpu/../../kernel/include/types.h:270:9: warning: ‘ENOMEM’ redefined
  270 | #define ENOMEM      (-12)
      |         ^~~~~~
drivers/gpu/../../kernel/include/types.h:118:9: note: this is the location of the previous definition
  118 | #define ENOMEM          (-2)
      |         ^~~~~~
drivers/gpu/../../kernel/include/types.h:271:9: warning: ‘EINVAL’ redefined
  271 | #define EINVAL      (-22)
      |         ^~~~~~
drivers/gpu/../../kernel/include/types.h:119:9: note: this is the location of the previous definition
  119 | #define EINVAL          (-3)
      |         ^~~~~~
drivers/gpu/../../kernel/include/types.h:272:9: warning: ‘EFAULT’ redefined
  272 | #define EFAULT      (-14)
      |         ^~~~~~
drivers/gpu/../../kernel/include/types.h:133:9: note: this is the location of the previous definition
  133 | #define EFAULT          (-17)
      |         ^~~~~~
drivers/gpu/../../kernel/include/types.h:273:9: warning: ‘EACCES’ redefined
  273 | #define EACCES      (-13)
      |         ^~~~~~
drivers/gpu/../../kernel/include/types.h:122:9: note: this is the location of the previous definition
  122 | #define EACCES          (-6)
      |         ^~~~~~
drivers/gpu/../../kernel/include/types.h:274:9: warning: ‘EPERM’ redefined
  274 | #define EPERM       (-1)
      |         ^~~~~
drivers/gpu/../../kernel/include/types.h:130:9: note: this is the location of the previous definition
  130 | #define EPERM           (-14)
      |         ^~~~~
drivers/gpu/../../kernel/include/types.h:275:9: warning: ‘ESRCH’ redefined
  275 | #define ESRCH       (-3)
      |         ^~~~~
drivers/gpu/../../kernel/include/types.h:131:9: note: this is the location of the previous definition
  131 | #define ESRCH           (-15)
      |         ^~~~~
drivers/gpu/../../kernel/include/types.h:276:9: warning: ‘EINTR’ redefined
  276 | #define EINTR       (-4)
      |         ^~~~~
drivers/gpu/../../kernel/include/types.h:132:9: note: this is the location of the previous definition
  132 | #define EINTR           (-16)
      |         ^~~~~
drivers/gpu/../../kernel/include/types.h:277:9: warning: ‘EIO’ redefined
  277 | #define EIO         (-5)
      |         ^~~
drivers/gpu/../../kernel/include/types.h:123:9: note: this is the location of the previous definition
  123 | #define EIO             (-7)
      |         ^~~
drivers/gpu/../../kernel/include/types.h:280:9: warning: ‘ENODEV’ redefined
  280 | #define ENODEV      (-19)
      |         ^~~~~~
drivers/gpu/../../kernel/include/types.h:128:9: note: this is the location of the previous definition
  128 | #define ENODEV          (-12)
      |         ^~~~~~
drivers/gpu/../../kernel/include/types.h:285:9: warning: ‘EPIPE’ redefined
  285 | #define EPIPE       (-32)
      |         ^~~~~
drivers/gpu/../../kernel/include/types.h:136:9: note: this is the location of the previous definition
  136 | #define EPIPE           (-25)
      |         ^~~~~
drivers/gpu/../../kernel/include/types.h:286:9: warning: ‘ETIMEDOUT’ redefined
  286 | #define ETIMEDOUT   (-110)
      |         ^~~~~~~~~
drivers/gpu/../../kernel/include/types.h:124:9: note: this is the location of the previous definition
  124 | #define ETIMEDOUT       (-8)
      |         ^~~~~~~~~
drivers/gpu/../../kernel/include/types.h:287:9: warning: ‘ENOSYS’ redefined
  287 | #define ENOSYS      (-38)
      |         ^~~~~~
drivers/gpu/../../kernel/include/types.h:125:9: note: this is the location of the previous definition
  125 | #define ENOSYS          (-9)
      |         ^~~~~~
In file included from drivers/gpu/gpu.h:13:
drivers/gpu/../../kernel/include/kernel.h:33:9: warning: ‘PAGE_SIZE_4K’ redefined
   33 | #define PAGE_SIZE_4K            0x1000
      |         ^~~~~~~~~~~~
drivers/gpu/../../kernel/include/types.h:87:9: note: this is the location of the previous definition
   87 | #define PAGE_SIZE_4K    (1ULL << PAGE_SHIFT_4K)
      |         ^~~~~~~~~~~~
drivers/gpu/../../kernel/include/kernel.h:101:9: warning: ‘offsetof’ redefined
  101 | #define offsetof(type, member) ((size_t)&((type *)0)->member)
      |         ^~~~~~~~
In file included from drivers/gpu/../../kernel/include/types.h:10:
/usr/lib/gcc/x86_64-linux-gnu/15/include/stddef.h:431:9: note: this is the location of the previous definition
  431 | #define offsetof(TYPE, MEMBER) __builtin_offsetof (TYPE, MEMBER)
      |         ^~~~~~~~
  [CC]    drivers/gpu/gpu_scheduler.c
cc1: warning: command-line option ‘-fno-rtti’ is valid for C++/D/ObjC++ but not for C
In file included from drivers/gpu/gpu.h:12,
                 from drivers/gpu/gpu_scheduler.c:9:
drivers/gpu/../../kernel/include/types.h:270:9: warning: ‘ENOMEM’ redefined
  270 | #define ENOMEM      (-12)
      |         ^~~~~~
drivers/gpu/../../kernel/include/types.h:118:9: note: this is the location of the previous definition
  118 | #define ENOMEM          (-2)
      |         ^~~~~~
drivers/gpu/../../kernel/include/types.h:271:9: warning: ‘EINVAL’ redefined
  271 | #define EINVAL      (-22)
      |         ^~~~~~
drivers/gpu/../../kernel/include/types.h:119:9: note: this is the location of the previous definition
  119 | #define EINVAL          (-3)
      |         ^~~~~~
drivers/gpu/../../kernel/include/types.h:272:9: warning: ‘EFAULT’ redefined
  272 | #define EFAULT      (-14)
      |         ^~~~~~
drivers/gpu/../../kernel/include/types.h:133:9: note: this is the location of the previous definition
  133 | #define EFAULT          (-17)
      |         ^~~~~~
drivers/gpu/../../kernel/include/types.h:273:9: warning: ‘EACCES’ redefined
  273 | #define EACCES      (-13)
      |         ^~~~~~
drivers/gpu/../../kernel/include/types.h:122:9: note: this is the location of the previous definition
  122 | #define EACCES          (-6)
      |         ^~~~~~
drivers/gpu/../../kernel/include/types.h:274:9: warning: ‘EPERM’ redefined
  274 | #define EPERM       (-1)
      |         ^~~~~
drivers/gpu/../../kernel/include/types.h:130:9: note: this is the location of the previous definition
  130 | #define EPERM           (-14)
      |         ^~~~~
drivers/gpu/../../kernel/include/types.h:275:9: warning: ‘ESRCH’ redefined
  275 | #define ESRCH       (-3)
      |         ^~~~~
drivers/gpu/../../kernel/include/types.h:131:9: note: this is the location of the previous definition
  131 | #define ESRCH           (-15)
      |         ^~~~~
drivers/gpu/../../kernel/include/types.h:276:9: warning: ‘EINTR’ redefined
  276 | #define EINTR       (-4)
      |         ^~~~~
drivers/gpu/../../kernel/include/types.h:132:9: note: this is the location of the previous definition
  132 | #define EINTR           (-16)
      |         ^~~~~
drivers/gpu/../../kernel/include/types.h:277:9: warning: ‘EIO’ redefined
  277 | #define EIO         (-5)
      |         ^~~
drivers/gpu/../../kernel/include/types.h:123:9: note: this is the location of the previous definition
  123 | #define EIO             (-7)
      |         ^~~
drivers/gpu/../../kernel/include/types.h:280:9: warning: ‘ENODEV’ redefined
  280 | #define ENODEV      (-19)
      |         ^~~~~~
drivers/gpu/../../kernel/include/types.h:128:9: note: this is the location of the previous definition
  128 | #define ENODEV          (-12)
      |         ^~~~~~
drivers/gpu/../../kernel/include/types.h:285:9: warning: ‘EPIPE’ redefined
  285 | #define EPIPE       (-32)
      |         ^~~~~
drivers/gpu/../../kernel/include/types.h:136:9: note: this is the location of the previous definition
  136 | #define EPIPE           (-25)
      |         ^~~~~
drivers/gpu/../../kernel/include/types.h:286:9: warning: ‘ETIMEDOUT’ redefined
  286 | #define ETIMEDOUT   (-110)
      |         ^~~~~~~~~
drivers/gpu/../../kernel/include/types.h:124:9: note: this is the location of the previous definition
  124 | #define ETIMEDOUT       (-8)
      |         ^~~~~~~~~
drivers/gpu/../../kernel/include/types.h:287:9: warning: ‘ENOSYS’ redefined
  287 | #define ENOSYS      (-38)
      |         ^~~~~~
drivers/gpu/../../kernel/include/types.h:125:9: note: this is the location of the previous definition
  125 | #define ENOSYS          (-9)
      |         ^~~~~~
In file included from drivers/gpu/gpu.h:13:
drivers/gpu/../../kernel/include/kernel.h:33:9: warning: ‘PAGE_SIZE_4K’ redefined
   33 | #define PAGE_SIZE_4K            0x1000
      |         ^~~~~~~~~~~~
drivers/gpu/../../kernel/include/types.h:87:9: note: this is the location of the previous definition
   87 | #define PAGE_SIZE_4K    (1ULL << PAGE_SHIFT_4K)
      |         ^~~~~~~~~~~~
drivers/gpu/../../kernel/include/kernel.h:101:9: warning: ‘offsetof’ redefined
  101 | #define offsetof(type, member) ((size_t)&((type *)0)->member)
      |         ^~~~~~~~
In file included from drivers/gpu/../../kernel/include/types.h:10:
/usr/lib/gcc/x86_64-linux-gnu/15/include/stddef.h:431:9: note: this is the location of the previous definition
  431 | #define offsetof(TYPE, MEMBER) __builtin_offsetof (TYPE, MEMBER)
      |         ^~~~~~~~
drivers/gpu/gpu_scheduler.c:592:13: warning: ‘gpu_sched_run’ defined but not used [-Wunused-function]
  592 | static void gpu_sched_run(void *arg)
      |             ^~~~~~~~~~~~~
  [CC]    drivers/gpu/opengl.c
cc1: warning: command-line option ‘-fno-rtti’ is valid for C++/D/ObjC++ but not for C
In file included from drivers/gpu/gpu.h:12,
                 from drivers/gpu/opengl.c:9:
drivers/gpu/../../kernel/include/types.h:270:9: warning: ‘ENOMEM’ redefined
  270 | #define ENOMEM      (-12)
      |         ^~~~~~
drivers/gpu/../../kernel/include/types.h:118:9: note: this is the location of the previous definition
  118 | #define ENOMEM          (-2)
      |         ^~~~~~
drivers/gpu/../../kernel/include/types.h:271:9: warning: ‘EINVAL’ redefined
  271 | #define EINVAL      (-22)
      |         ^~~~~~
drivers/gpu/../../kernel/include/types.h:119:9: note: this is the location of the previous definition
  119 | #define EINVAL          (-3)
      |         ^~~~~~
drivers/gpu/../../kernel/include/types.h:272:9: warning: ‘EFAULT’ redefined
  272 | #define EFAULT      (-14)
      |         ^~~~~~
drivers/gpu/../../kernel/include/types.h:133:9: note: this is the location of the previous definition
  133 | #define EFAULT          (-17)
      |         ^~~~~~
drivers/gpu/../../kernel/include/types.h:273:9: warning: ‘EACCES’ redefined
  273 | #define EACCES      (-13)
      |         ^~~~~~
drivers/gpu/../../kernel/include/types.h:122:9: note: this is the location of the previous definition
  122 | #define EACCES          (-6)
      |         ^~~~~~
drivers/gpu/../../kernel/include/types.h:274:9: warning: ‘EPERM’ redefined
  274 | #define EPERM       (-1)
      |         ^~~~~
drivers/gpu/../../kernel/include/types.h:130:9: note: this is the location of the previous definition
  130 | #define EPERM           (-14)
      |         ^~~~~
drivers/gpu/../../kernel/include/types.h:275:9: warning: ‘ESRCH’ redefined
  275 | #define ESRCH       (-3)
      |         ^~~~~
drivers/gpu/../../kernel/include/types.h:131:9: note: this is the location of the previous definition
  131 | #define ESRCH           (-15)
      |         ^~~~~
drivers/gpu/../../kernel/include/types.h:276:9: warning: ‘EINTR’ redefined
  276 | #define EINTR       (-4)
      |         ^~~~~
drivers/gpu/../../kernel/include/types.h:132:9: note: this is the location of the previous definition
  132 | #define EINTR           (-16)
      |         ^~~~~
drivers/gpu/../../kernel/include/types.h:277:9: warning: ‘EIO’ redefined
  277 | #define EIO         (-5)
      |         ^~~
drivers/gpu/../../kernel/include/types.h:123:9: note: this is the location of the previous definition
  123 | #define EIO             (-7)
      |         ^~~
drivers/gpu/../../kernel/include/types.h:280:9: warning: ‘ENODEV’ redefined
  280 | #define ENODEV      (-19)
      |         ^~~~~~
drivers/gpu/../../kernel/include/types.h:128:9: note: this is the location of the previous definition
  128 | #define ENODEV          (-12)
      |         ^~~~~~
drivers/gpu/../../kernel/include/types.h:285:9: warning: ‘EPIPE’ redefined
  285 | #define EPIPE       (-32)
      |         ^~~~~
drivers/gpu/../../kernel/include/types.h:136:9: note: this is the location of the previous definition
  136 | #define EPIPE           (-25)
      |         ^~~~~
drivers/gpu/../../kernel/include/types.h:286:9: warning: ‘ETIMEDOUT’ redefined
  286 | #define ETIMEDOUT   (-110)
      |         ^~~~~~~~~
drivers/gpu/../../kernel/include/types.h:124:9: note: this is the location of the previous definition
  124 | #define ETIMEDOUT       (-8)
      |         ^~~~~~~~~
drivers/gpu/../../kernel/include/types.h:287:9: warning: ‘ENOSYS’ redefined
  287 | #define ENOSYS      (-38)
      |         ^~~~~~
drivers/gpu/../../kernel/include/types.h:125:9: note: this is the location of the previous definition
  125 | #define ENOSYS          (-9)
      |         ^~~~~~
In file included from drivers/gpu/gpu.h:13:
drivers/gpu/../../kernel/include/kernel.h:33:9: warning: ‘PAGE_SIZE_4K’ redefined
   33 | #define PAGE_SIZE_4K            0x1000
      |         ^~~~~~~~~~~~
drivers/gpu/../../kernel/include/types.h:87:9: note: this is the location of the previous definition
   87 | #define PAGE_SIZE_4K    (1ULL << PAGE_SHIFT_4K)
      |         ^~~~~~~~~~~~
drivers/gpu/../../kernel/include/kernel.h:101:9: warning: ‘offsetof’ redefined
  101 | #define offsetof(type, member) ((size_t)&((type *)0)->member)
      |         ^~~~~~~~
In file included from drivers/gpu/../../kernel/include/types.h:10:
/usr/lib/gcc/x86_64-linux-gnu/15/include/stddef.h:431:9: note: this is the location of the previous definition
  431 | #define offsetof(TYPE, MEMBER) __builtin_offsetof (TYPE, MEMBER)
      |         ^~~~~~~~
drivers/gpu/opengl.c: In function ‘glShaderSource’:
drivers/gpu/opengl.c:359:36: warning: operand of ‘?:’ changes signedness from ‘s32’ {aka ‘int’} to ‘size_t’ {aka ‘long unsigned int’} due to unsignedness of other operand [-Wsign-compare]
  359 |                 u32 len = length ? length[j] : strlen(string[j]);
      |                                    ^~~~~~~~~
  [CC]    drivers/gpu/virtio_gpu.c
cc1: warning: command-line option ‘-fno-rtti’ is valid for C++/D/ObjC++ but not for C
In file included from drivers/gpu/virtio_gpu.c:9:
drivers/gpu/../../kernel/include/types.h:270:9: warning: ‘ENOMEM’ redefined
  270 | #define ENOMEM      (-12)
      |         ^~~~~~
drivers/gpu/../../kernel/include/types.h:118:9: note: this is the location of the previous definition
  118 | #define ENOMEM          (-2)
      |         ^~~~~~
drivers/gpu/../../kernel/include/types.h:271:9: warning: ‘EINVAL’ redefined
  271 | #define EINVAL      (-22)
      |         ^~~~~~
drivers/gpu/../../kernel/include/types.h:119:9: note: this is the location of the previous definition
  119 | #define EINVAL          (-3)
      |         ^~~~~~
drivers/gpu/../../kernel/include/types.h:272:9: warning: ‘EFAULT’ redefined
  272 | #define EFAULT      (-14)
      |         ^~~~~~
drivers/gpu/../../kernel/include/types.h:133:9: note: this is the location of the previous definition
  133 | #define EFAULT          (-17)
      |         ^~~~~~
drivers/gpu/../../kernel/include/types.h:273:9: warning: ‘EACCES’ redefined
  273 | #define EACCES      (-13)
      |         ^~~~~~
drivers/gpu/../../kernel/include/types.h:122:9: note: this is the location of the previous definition
  122 | #define EACCES          (-6)
      |         ^~~~~~
drivers/gpu/../../kernel/include/types.h:274:9: warning: ‘EPERM’ redefined
  274 | #define EPERM       (-1)
      |         ^~~~~
drivers/gpu/../../kernel/include/types.h:130:9: note: this is the location of the previous definition
  130 | #define EPERM           (-14)
      |         ^~~~~
drivers/gpu/../../kernel/include/types.h:275:9: warning: ‘ESRCH’ redefined
  275 | #define ESRCH       (-3)
      |         ^~~~~
drivers/gpu/../../kernel/include/types.h:131:9: note: this is the location of the previous definition
  131 | #define ESRCH           (-15)
      |         ^~~~~
drivers/gpu/../../kernel/include/types.h:276:9: warning: ‘EINTR’ redefined
  276 | #define EINTR       (-4)
      |         ^~~~~
drivers/gpu/../../kernel/include/types.h:132:9: note: this is the location of the previous definition
  132 | #define EINTR           (-16)
      |         ^~~~~
drivers/gpu/../../kernel/include/types.h:277:9: warning: ‘EIO’ redefined
  277 | #define EIO         (-5)
      |         ^~~
drivers/gpu/../../kernel/include/types.h:123:9: note: this is the location of the previous definition
  123 | #define EIO             (-7)
      |         ^~~
drivers/gpu/../../kernel/include/types.h:280:9: warning: ‘ENODEV’ redefined
  280 | #define ENODEV      (-19)
      |         ^~~~~~
drivers/gpu/../../kernel/include/types.h:128:9: note: this is the location of the previous definition
  128 | #define ENODEV          (-12)
      |         ^~~~~~
drivers/gpu/../../kernel/include/types.h:285:9: warning: ‘EPIPE’ redefined
  285 | #define EPIPE       (-32)
      |         ^~~~~
drivers/gpu/../../kernel/include/types.h:136:9: note: this is the location of the previous definition
  136 | #define EPIPE           (-25)
      |         ^~~~~
drivers/gpu/../../kernel/include/types.h:286:9: warning: ‘ETIMEDOUT’ redefined
  286 | #define ETIMEDOUT   (-110)
      |         ^~~~~~~~~
drivers/gpu/../../kernel/include/types.h:124:9: note: this is the location of the previous definition
  124 | #define ETIMEDOUT       (-8)
      |         ^~~~~~~~~
drivers/gpu/../../kernel/include/types.h:287:9: warning: ‘ENOSYS’ redefined
  287 | #define ENOSYS      (-38)
      |         ^~~~~~
drivers/gpu/../../kernel/include/types.h:125:9: note: this is the location of the previous definition
  125 | #define ENOSYS          (-9)
      |         ^~~~~~
In file included from drivers/gpu/virtio_gpu.c:10:
drivers/gpu/../../kernel/include/kernel.h:33:9: warning: ‘PAGE_SIZE_4K’ redefined
   33 | #define PAGE_SIZE_4K            0x1000
      |         ^~~~~~~~~~~~
drivers/gpu/../../kernel/include/types.h:87:9: note: this is the location of the previous definition
   87 | #define PAGE_SIZE_4K    (1ULL << PAGE_SHIFT_4K)
      |         ^~~~~~~~~~~~
drivers/gpu/../../kernel/include/kernel.h:101:9: warning: ‘offsetof’ redefined
  101 | #define offsetof(type, member) ((size_t)&((type *)0)->member)
      |         ^~~~~~~~
In file included from drivers/gpu/../../kernel/include/types.h:10:
/usr/lib/gcc/x86_64-linux-gnu/15/include/stddef.h:431:9: note: this is the location of the previous definition
  431 | #define offsetof(TYPE, MEMBER) __builtin_offsetof (TYPE, MEMBER)
      |         ^~~~~~~~
drivers/gpu/virtio_gpu.c:189:12: warning: ‘virtio_gpu_query_display_info’ defined but not used [-Wunused-function]
  189 | static int virtio_gpu_query_display_info(void)
      |            ^~~~~~~~~~~~~~~~~~~~~~~~~~~~~
drivers/gpu/virtio_gpu.c:179:13: warning: ‘virtio_gpu_add_descriptor’ defined but not used [-Wunused-function]
  179 | static void virtio_gpu_add_descriptor(void *buf, u32 len, u32 flags)
      |             ^~~~~~~~~~~~~~~~~~~~~~~~~
drivers/gpu/virtio_gpu.c:173:13: warning: ‘virtio_gpu_notify_queue’ defined but not used [-Wunused-function]
  173 | static void virtio_gpu_notify_queue(u32 queue)
      |             ^~~~~~~~~~~~~~~~~~~~~~~
In function ‘virtio_gpu_get_display_info’,
    inlined from ‘virtio_gpu_init’ at drivers/gpu/virtio_gpu.c:375:5:
drivers/gpu/virtio_gpu.c:478:8: warning: ‘info’ is used uninitialized [-Wuninitialized]
  478 |     if (!info || index >= g_virtio_gpu.display_count) {
      |        ^
drivers/gpu/virtio_gpu.c: In function ‘virtio_gpu_init’:
drivers/gpu/virtio_gpu.c:350:5: note: ‘info’ was declared here
  350 | int virtio_gpu_init(void)
      |     ^~~~~~~~~~~~~~~
In function ‘virtio_gpu_get_display_info’,
    inlined from ‘virtio_gpu_init’ at drivers/gpu/virtio_gpu.c:375:5:
drivers/gpu/virtio_gpu.c:478:15: warning: ‘index’ may be used uninitialized [-Wmaybe-uninitialized]
  478 |     if (!info || index >= g_virtio_gpu.display_count) {
      |         ~~~~~~^~~~~~~~~~~~~~~~~~~~~~~~~~~~~~~~~~~~~~
drivers/gpu/virtio_gpu.c: In function ‘virtio_gpu_init’:
drivers/gpu/virtio_gpu.c:350:5: note: ‘index’ was declared here
  350 | int virtio_gpu_init(void)
      |     ^~~~~~~~~~~~~~~
  [CC]    drivers/graphics/framebuffer/fb.c
cc1: warning: command-line option ‘-fno-rtti’ is valid for C++/D/ObjC++ but not for C
In file included from drivers/graphics/framebuffer/fb.c:9:
drivers/graphics/framebuffer/../../../kernel/include/types.h:270:9: warning: ‘ENOMEM’ redefined
  270 | #define ENOMEM      (-12)
      |         ^~~~~~
drivers/graphics/framebuffer/../../../kernel/include/types.h:118:9: note: this is the location of the previous definition
  118 | #define ENOMEM          (-2)
      |         ^~~~~~
drivers/graphics/framebuffer/../../../kernel/include/types.h:271:9: warning: ‘EINVAL’ redefined
  271 | #define EINVAL      (-22)
      |         ^~~~~~
drivers/graphics/framebuffer/../../../kernel/include/types.h:119:9: note: this is the location of the previous definition
  119 | #define EINVAL          (-3)
      |         ^~~~~~
drivers/graphics/framebuffer/../../../kernel/include/types.h:272:9: warning: ‘EFAULT’ redefined
  272 | #define EFAULT      (-14)
      |         ^~~~~~
drivers/graphics/framebuffer/../../../kernel/include/types.h:133:9: note: this is the location of the previous definition
  133 | #define EFAULT          (-17)
      |         ^~~~~~
drivers/graphics/framebuffer/../../../kernel/include/types.h:273:9: warning: ‘EACCES’ redefined
  273 | #define EACCES      (-13)
      |         ^~~~~~
drivers/graphics/framebuffer/../../../kernel/include/types.h:122:9: note: this is the location of the previous definition
  122 | #define EACCES          (-6)
      |         ^~~~~~
drivers/graphics/framebuffer/../../../kernel/include/types.h:274:9: warning: ‘EPERM’ redefined
  274 | #define EPERM       (-1)
      |         ^~~~~
drivers/graphics/framebuffer/../../../kernel/include/types.h:130:9: note: this is the location of the previous definition
  130 | #define EPERM           (-14)
      |         ^~~~~
drivers/graphics/framebuffer/../../../kernel/include/types.h:275:9: warning: ‘ESRCH’ redefined
  275 | #define ESRCH       (-3)
      |         ^~~~~
drivers/graphics/framebuffer/../../../kernel/include/types.h:131:9: note: this is the location of the previous definition
  131 | #define ESRCH           (-15)
      |         ^~~~~
drivers/graphics/framebuffer/../../../kernel/include/types.h:276:9: warning: ‘EINTR’ redefined
  276 | #define EINTR       (-4)
      |         ^~~~~
drivers/graphics/framebuffer/../../../kernel/include/types.h:132:9: note: this is the location of the previous definition
  132 | #define EINTR           (-16)
      |         ^~~~~
drivers/graphics/framebuffer/../../../kernel/include/types.h:277:9: warning: ‘EIO’ redefined
  277 | #define EIO         (-5)
      |         ^~~
drivers/graphics/framebuffer/../../../kernel/include/types.h:123:9: note: this is the location of the previous definition
  123 | #define EIO             (-7)
      |         ^~~
drivers/graphics/framebuffer/../../../kernel/include/types.h:280:9: warning: ‘ENODEV’ redefined
  280 | #define ENODEV      (-19)
      |         ^~~~~~
drivers/graphics/framebuffer/../../../kernel/include/types.h:128:9: note: this is the location of the previous definition
  128 | #define ENODEV          (-12)
      |         ^~~~~~
drivers/graphics/framebuffer/../../../kernel/include/types.h:285:9: warning: ‘EPIPE’ redefined
  285 | #define EPIPE       (-32)
      |         ^~~~~
drivers/graphics/framebuffer/../../../kernel/include/types.h:136:9: note: this is the location of the previous definition
  136 | #define EPIPE           (-25)
      |         ^~~~~
drivers/graphics/framebuffer/../../../kernel/include/types.h:286:9: warning: ‘ETIMEDOUT’ redefined
  286 | #define ETIMEDOUT   (-110)
      |         ^~~~~~~~~
drivers/graphics/framebuffer/../../../kernel/include/types.h:124:9: note: this is the location of the previous definition
  124 | #define ETIMEDOUT       (-8)
      |         ^~~~~~~~~
drivers/graphics/framebuffer/../../../kernel/include/types.h:287:9: warning: ‘ENOSYS’ redefined
  287 | #define ENOSYS      (-38)
      |         ^~~~~~
drivers/graphics/framebuffer/../../../kernel/include/types.h:125:9: note: this is the location of the previous definition
  125 | #define ENOSYS          (-9)
      |         ^~~~~~
In file included from drivers/graphics/framebuffer/fb.c:10:
drivers/graphics/framebuffer/../../../kernel/include/kernel.h:33:9: warning: ‘PAGE_SIZE_4K’ redefined
   33 | #define PAGE_SIZE_4K            0x1000
      |         ^~~~~~~~~~~~
drivers/graphics/framebuffer/../../../kernel/include/types.h:87:9: note: this is the location of the previous definition
   87 | #define PAGE_SIZE_4K    (1ULL << PAGE_SHIFT_4K)
      |         ^~~~~~~~~~~~
drivers/graphics/framebuffer/../../../kernel/include/kernel.h:101:9: warning: ‘offsetof’ redefined
  101 | #define offsetof(type, member) ((size_t)&((type *)0)->member)
      |         ^~~~~~~~
In file included from drivers/graphics/framebuffer/../../../kernel/include/types.h:10:
/usr/lib/gcc/x86_64-linux-gnu/15/include/stddef.h:431:9: note: this is the location of the previous definition
  431 | #define offsetof(TYPE, MEMBER) __builtin_offsetof (TYPE, MEMBER)
      |         ^~~~~~~~
  [CC]    drivers/usb/usb_manager.c
cc1: warning: command-line option ‘-fno-rtti’ is valid for C++/D/ObjC++ but not for C
In file included from drivers/usb/usb_manager.c:9:
drivers/usb/../../kernel/include/types.h:270:9: warning: ‘ENOMEM’ redefined
  270 | #define ENOMEM      (-12)
      |         ^~~~~~
drivers/usb/../../kernel/include/types.h:118:9: note: this is the location of the previous definition
  118 | #define ENOMEM          (-2)
      |         ^~~~~~
drivers/usb/../../kernel/include/types.h:271:9: warning: ‘EINVAL’ redefined
  271 | #define EINVAL      (-22)
      |         ^~~~~~
drivers/usb/../../kernel/include/types.h:119:9: note: this is the location of the previous definition
  119 | #define EINVAL          (-3)
      |         ^~~~~~
drivers/usb/../../kernel/include/types.h:272:9: warning: ‘EFAULT’ redefined
  272 | #define EFAULT      (-14)
      |         ^~~~~~
drivers/usb/../../kernel/include/types.h:133:9: note: this is the location of the previous definition
  133 | #define EFAULT          (-17)
      |         ^~~~~~
drivers/usb/../../kernel/include/types.h:273:9: warning: ‘EACCES’ redefined
  273 | #define EACCES      (-13)
      |         ^~~~~~
drivers/usb/../../kernel/include/types.h:122:9: note: this is the location of the previous definition
  122 | #define EACCES          (-6)
      |         ^~~~~~
drivers/usb/../../kernel/include/types.h:274:9: warning: ‘EPERM’ redefined
  274 | #define EPERM       (-1)
      |         ^~~~~
drivers/usb/../../kernel/include/types.h:130:9: note: this is the location of the previous definition
  130 | #define EPERM           (-14)
      |         ^~~~~
drivers/usb/../../kernel/include/types.h:275:9: warning: ‘ESRCH’ redefined
  275 | #define ESRCH       (-3)
      |         ^~~~~
drivers/usb/../../kernel/include/types.h:131:9: note: this is the location of the previous definition
  131 | #define ESRCH           (-15)
      |         ^~~~~
drivers/usb/../../kernel/include/types.h:276:9: warning: ‘EINTR’ redefined
  276 | #define EINTR       (-4)
      |         ^~~~~
drivers/usb/../../kernel/include/types.h:132:9: note: this is the location of the previous definition
  132 | #define EINTR           (-16)
      |         ^~~~~
drivers/usb/../../kernel/include/types.h:277:9: warning: ‘EIO’ redefined
  277 | #define EIO         (-5)
      |         ^~~
drivers/usb/../../kernel/include/types.h:123:9: note: this is the location of the previous definition
  123 | #define EIO             (-7)
      |         ^~~
drivers/usb/../../kernel/include/types.h:280:9: warning: ‘ENODEV’ redefined
  280 | #define ENODEV      (-19)
      |         ^~~~~~
drivers/usb/../../kernel/include/types.h:128:9: note: this is the location of the previous definition
  128 | #define ENODEV          (-12)
      |         ^~~~~~
drivers/usb/../../kernel/include/types.h:285:9: warning: ‘EPIPE’ redefined
  285 | #define EPIPE       (-32)
      |         ^~~~~
drivers/usb/../../kernel/include/types.h:136:9: note: this is the location of the previous definition
  136 | #define EPIPE           (-25)
      |         ^~~~~
drivers/usb/../../kernel/include/types.h:286:9: warning: ‘ETIMEDOUT’ redefined
  286 | #define ETIMEDOUT   (-110)
      |         ^~~~~~~~~
drivers/usb/../../kernel/include/types.h:124:9: note: this is the location of the previous definition
  124 | #define ETIMEDOUT       (-8)
      |         ^~~~~~~~~
drivers/usb/../../kernel/include/types.h:287:9: warning: ‘ENOSYS’ redefined
  287 | #define ENOSYS      (-38)
      |         ^~~~~~
drivers/usb/../../kernel/include/types.h:125:9: note: this is the location of the previous definition
  125 | #define ENOSYS          (-9)
      |         ^~~~~~
In file included from drivers/usb/usb_manager.c:10:
drivers/usb/../../kernel/include/kernel.h:33:9: warning: ‘PAGE_SIZE_4K’ redefined
   33 | #define PAGE_SIZE_4K            0x1000
      |         ^~~~~~~~~~~~
drivers/usb/../../kernel/include/types.h:87:9: note: this is the location of the previous definition
   87 | #define PAGE_SIZE_4K    (1ULL << PAGE_SHIFT_4K)
      |         ^~~~~~~~~~~~
drivers/usb/../../kernel/include/kernel.h:101:9: warning: ‘offsetof’ redefined
  101 | #define offsetof(type, member) ((size_t)&((type *)0)->member)
      |         ^~~~~~~~
In file included from drivers/usb/../../kernel/include/types.h:10:
/usr/lib/gcc/x86_64-linux-gnu/15/include/stddef.h:431:9: note: this is the location of the previous definition
  431 | #define offsetof(TYPE, MEMBER) __builtin_offsetof (TYPE, MEMBER)
      |         ^~~~~~~~
drivers/usb/usb_manager.c:470:13: warning: ‘usb_check_hotplug’ defined but not used [-Wunused-function]
  470 | static void usb_check_hotplug(void)
      |             ^~~~~~~~~~~~~~~~~
drivers/usb/usb_manager.c:213:12: warning: ‘usb_get_config_descriptor’ defined but not used [-Wunused-function]
  213 | static int usb_get_config_descriptor(usb_device_t *dev)
      |            ^~~~~~~~~~~~~~~~~~~~~~~~~
drivers/usb/usb_manager.c:197:12: warning: ‘usb_get_device_descriptor’ defined but not used [-Wunused-function]
  197 | static int usb_get_device_descriptor(usb_device_t *dev)
      |            ^~~~~~~~~~~~~~~~~~~~~~~~~
  [CC]    drivers/network/ethernet.c
cc1: warning: command-line option ‘-fno-rtti’ is valid for C++/D/ObjC++ but not for C
In file included from drivers/network/ethernet.c:9:
drivers/network/../../kernel/include/types.h:270:9: warning: ‘ENOMEM’ redefined
  270 | #define ENOMEM      (-12)
      |         ^~~~~~
drivers/network/../../kernel/include/types.h:118:9: note: this is the location of the previous definition
  118 | #define ENOMEM          (-2)
      |         ^~~~~~
drivers/network/../../kernel/include/types.h:271:9: warning: ‘EINVAL’ redefined
  271 | #define EINVAL      (-22)
      |         ^~~~~~
drivers/network/../../kernel/include/types.h:119:9: note: this is the location of the previous definition
  119 | #define EINVAL          (-3)
      |         ^~~~~~
drivers/network/../../kernel/include/types.h:272:9: warning: ‘EFAULT’ redefined
  272 | #define EFAULT      (-14)
      |         ^~~~~~
drivers/network/../../kernel/include/types.h:133:9: note: this is the location of the previous definition
  133 | #define EFAULT          (-17)
      |         ^~~~~~
drivers/network/../../kernel/include/types.h:273:9: warning: ‘EACCES’ redefined
  273 | #define EACCES      (-13)
      |         ^~~~~~
drivers/network/../../kernel/include/types.h:122:9: note: this is the location of the previous definition
  122 | #define EACCES          (-6)
      |         ^~~~~~
drivers/network/../../kernel/include/types.h:274:9: warning: ‘EPERM’ redefined
  274 | #define EPERM       (-1)
      |         ^~~~~
drivers/network/../../kernel/include/types.h:130:9: note: this is the location of the previous definition
  130 | #define EPERM           (-14)
      |         ^~~~~
drivers/network/../../kernel/include/types.h:275:9: warning: ‘ESRCH’ redefined
  275 | #define ESRCH       (-3)
      |         ^~~~~
drivers/network/../../kernel/include/types.h:131:9: note: this is the location of the previous definition
  131 | #define ESRCH           (-15)
      |         ^~~~~
drivers/network/../../kernel/include/types.h:276:9: warning: ‘EINTR’ redefined
  276 | #define EINTR       (-4)
      |         ^~~~~
drivers/network/../../kernel/include/types.h:132:9: note: this is the location of the previous definition
  132 | #define EINTR           (-16)
      |         ^~~~~
drivers/network/../../kernel/include/types.h:277:9: warning: ‘EIO’ redefined
  277 | #define EIO         (-5)
      |         ^~~
drivers/network/../../kernel/include/types.h:123:9: note: this is the location of the previous definition
  123 | #define EIO             (-7)
      |         ^~~
drivers/network/../../kernel/include/types.h:280:9: warning: ‘ENODEV’ redefined
  280 | #define ENODEV      (-19)
      |         ^~~~~~
drivers/network/../../kernel/include/types.h:128:9: note: this is the location of the previous definition
  128 | #define ENODEV          (-12)
      |         ^~~~~~
drivers/network/../../kernel/include/types.h:285:9: warning: ‘EPIPE’ redefined
  285 | #define EPIPE       (-32)
      |         ^~~~~
drivers/network/../../kernel/include/types.h:136:9: note: this is the location of the previous definition
  136 | #define EPIPE           (-25)
      |         ^~~~~
drivers/network/../../kernel/include/types.h:286:9: warning: ‘ETIMEDOUT’ redefined
  286 | #define ETIMEDOUT   (-110)
      |         ^~~~~~~~~
drivers/network/../../kernel/include/types.h:124:9: note: this is the location of the previous definition
  124 | #define ETIMEDOUT       (-8)
      |         ^~~~~~~~~
drivers/network/../../kernel/include/types.h:287:9: warning: ‘ENOSYS’ redefined
  287 | #define ENOSYS      (-38)
      |         ^~~~~~
drivers/network/../../kernel/include/types.h:125:9: note: this is the location of the previous definition
  125 | #define ENOSYS          (-9)
      |         ^~~~~~
In file included from drivers/network/ethernet.c:10:
drivers/network/../../kernel/include/kernel.h:33:9: warning: ‘PAGE_SIZE_4K’ redefined
   33 | #define PAGE_SIZE_4K            0x1000
      |         ^~~~~~~~~~~~
drivers/network/../../kernel/include/types.h:87:9: note: this is the location of the previous definition
   87 | #define PAGE_SIZE_4K    (1ULL << PAGE_SHIFT_4K)
      |         ^~~~~~~~~~~~
drivers/network/../../kernel/include/kernel.h:101:9: warning: ‘offsetof’ redefined
  101 | #define offsetof(type, member) ((size_t)&((type *)0)->member)
      |         ^~~~~~~~
In file included from drivers/network/../../kernel/include/types.h:10:
/usr/lib/gcc/x86_64-linux-gnu/15/include/stddef.h:431:9: note: this is the location of the previous definition
  431 | #define offsetof(TYPE, MEMBER) __builtin_offsetof (TYPE, MEMBER)
      |         ^~~~~~~~
drivers/network/ethernet.c: In function ‘e1000_probe’:
drivers/network/ethernet.c:374:16: warning: comparison of unsigned expression in ‘< 0’ is always false [-Wtype-limits]
  374 |     if (dev_id < 0) {
      |                ^
drivers/network/ethernet.c: In function ‘rtl8139_probe’:
drivers/network/ethernet.c:492:16: warning: comparison of unsigned expression in ‘< 0’ is always false [-Wtype-limits]
  492 |     if (dev_id < 0) {
      |                ^
  [CC]    drivers/network/wifi.c
cc1: warning: command-line option ‘-fno-rtti’ is valid for C++/D/ObjC++ but not for C
In file included from drivers/network/wifi.c:9:
drivers/network/../../kernel/include/types.h:270:9: warning: ‘ENOMEM’ redefined
  270 | #define ENOMEM      (-12)
      |         ^~~~~~
drivers/network/../../kernel/include/types.h:118:9: note: this is the location of the previous definition
  118 | #define ENOMEM          (-2)
      |         ^~~~~~
drivers/network/../../kernel/include/types.h:271:9: warning: ‘EINVAL’ redefined
  271 | #define EINVAL      (-22)
      |         ^~~~~~
drivers/network/../../kernel/include/types.h:119:9: note: this is the location of the previous definition
  119 | #define EINVAL          (-3)
      |         ^~~~~~
drivers/network/../../kernel/include/types.h:272:9: warning: ‘EFAULT’ redefined
  272 | #define EFAULT      (-14)
      |         ^~~~~~
drivers/network/../../kernel/include/types.h:133:9: note: this is the location of the previous definition
  133 | #define EFAULT          (-17)
      |         ^~~~~~
drivers/network/../../kernel/include/types.h:273:9: warning: ‘EACCES’ redefined
  273 | #define EACCES      (-13)
      |         ^~~~~~
drivers/network/../../kernel/include/types.h:122:9: note: this is the location of the previous definition
  122 | #define EACCES          (-6)
      |         ^~~~~~
drivers/network/../../kernel/include/types.h:274:9: warning: ‘EPERM’ redefined
  274 | #define EPERM       (-1)
      |         ^~~~~
drivers/network/../../kernel/include/types.h:130:9: note: this is the location of the previous definition
  130 | #define EPERM           (-14)
      |         ^~~~~
drivers/network/../../kernel/include/types.h:275:9: warning: ‘ESRCH’ redefined
  275 | #define ESRCH       (-3)
      |         ^~~~~
drivers/network/../../kernel/include/types.h:131:9: note: this is the location of the previous definition
  131 | #define ESRCH           (-15)
      |         ^~~~~
drivers/network/../../kernel/include/types.h:276:9: warning: ‘EINTR’ redefined
  276 | #define EINTR       (-4)
      |         ^~~~~
drivers/network/../../kernel/include/types.h:132:9: note: this is the location of the previous definition
  132 | #define EINTR           (-16)
      |         ^~~~~
drivers/network/../../kernel/include/types.h:277:9: warning: ‘EIO’ redefined
  277 | #define EIO         (-5)
      |         ^~~
drivers/network/../../kernel/include/types.h:123:9: note: this is the location of the previous definition
  123 | #define EIO             (-7)
      |         ^~~
drivers/network/../../kernel/include/types.h:280:9: warning: ‘ENODEV’ redefined
  280 | #define ENODEV      (-19)
      |         ^~~~~~
drivers/network/../../kernel/include/types.h:128:9: note: this is the location of the previous definition
  128 | #define ENODEV          (-12)
      |         ^~~~~~
drivers/network/../../kernel/include/types.h:285:9: warning: ‘EPIPE’ redefined
  285 | #define EPIPE       (-32)
      |         ^~~~~
drivers/network/../../kernel/include/types.h:136:9: note: this is the location of the previous definition
  136 | #define EPIPE           (-25)
      |         ^~~~~
drivers/network/../../kernel/include/types.h:286:9: warning: ‘ETIMEDOUT’ redefined
  286 | #define ETIMEDOUT   (-110)
      |         ^~~~~~~~~
drivers/network/../../kernel/include/types.h:124:9: note: this is the location of the previous definition
  124 | #define ETIMEDOUT       (-8)
      |         ^~~~~~~~~
drivers/network/../../kernel/include/types.h:287:9: warning: ‘ENOSYS’ redefined
  287 | #define ENOSYS      (-38)
      |         ^~~~~~
drivers/network/../../kernel/include/types.h:125:9: note: this is the location of the previous definition
  125 | #define ENOSYS          (-9)
      |         ^~~~~~
In file included from drivers/network/wifi.c:10:
drivers/network/../../kernel/include/kernel.h:33:9: warning: ‘PAGE_SIZE_4K’ redefined
   33 | #define PAGE_SIZE_4K            0x1000
      |         ^~~~~~~~~~~~
drivers/network/../../kernel/include/types.h:87:9: note: this is the location of the previous definition
   87 | #define PAGE_SIZE_4K    (1ULL << PAGE_SHIFT_4K)
      |         ^~~~~~~~~~~~
drivers/network/../../kernel/include/kernel.h:101:9: warning: ‘offsetof’ redefined
  101 | #define offsetof(type, member) ((size_t)&((type *)0)->member)
      |         ^~~~~~~~
In file included from drivers/network/../../kernel/include/types.h:10:
/usr/lib/gcc/x86_64-linux-gnu/15/include/stddef.h:431:9: note: this is the location of the previous definition
  431 | #define offsetof(TYPE, MEMBER) __builtin_offsetof (TYPE, MEMBER)
      |         ^~~~~~~~
drivers/network/wifi.c: In function ‘iwlwifi_probe’:
drivers/network/wifi.c:319:16: warning: comparison of unsigned expression in ‘< 0’ is always false [-Wtype-limits]
  319 |     if (dev_id < 0) {
      |                ^
drivers/network/wifi.c: In function ‘rtwifi_probe’:
drivers/network/wifi.c:359:16: warning: comparison of unsigned expression in ‘< 0’ is always false [-Wtype-limits]
  359 |     if (dev_id < 0) {
      |                ^
  [CC]    drivers/bluetooth/bluetooth.c
cc1: warning: command-line option ‘-fno-rtti’ is valid for C++/D/ObjC++ but not for C
In file included from drivers/bluetooth/bluetooth.c:9:
drivers/bluetooth/../../kernel/include/types.h:270:9: warning: ‘ENOMEM’ redefined
  270 | #define ENOMEM      (-12)
      |         ^~~~~~
drivers/bluetooth/../../kernel/include/types.h:118:9: note: this is the location of the previous definition
  118 | #define ENOMEM          (-2)
      |         ^~~~~~
drivers/bluetooth/../../kernel/include/types.h:271:9: warning: ‘EINVAL’ redefined
  271 | #define EINVAL      (-22)
      |         ^~~~~~
drivers/bluetooth/../../kernel/include/types.h:119:9: note: this is the location of the previous definition
  119 | #define EINVAL          (-3)
      |         ^~~~~~
drivers/bluetooth/../../kernel/include/types.h:272:9: warning: ‘EFAULT’ redefined
  272 | #define EFAULT      (-14)
      |         ^~~~~~
drivers/bluetooth/../../kernel/include/types.h:133:9: note: this is the location of the previous definition
  133 | #define EFAULT          (-17)
      |         ^~~~~~
drivers/bluetooth/../../kernel/include/types.h:273:9: warning: ‘EACCES’ redefined
  273 | #define EACCES      (-13)
      |         ^~~~~~
drivers/bluetooth/../../kernel/include/types.h:122:9: note: this is the location of the previous definition
  122 | #define EACCES          (-6)
      |         ^~~~~~
drivers/bluetooth/../../kernel/include/types.h:274:9: warning: ‘EPERM’ redefined
  274 | #define EPERM       (-1)
      |         ^~~~~
drivers/bluetooth/../../kernel/include/types.h:130:9: note: this is the location of the previous definition
  130 | #define EPERM           (-14)
      |         ^~~~~
drivers/bluetooth/../../kernel/include/types.h:275:9: warning: ‘ESRCH’ redefined
  275 | #define ESRCH       (-3)
      |         ^~~~~
drivers/bluetooth/../../kernel/include/types.h:131:9: note: this is the location of the previous definition
  131 | #define ESRCH           (-15)
      |         ^~~~~
drivers/bluetooth/../../kernel/include/types.h:276:9: warning: ‘EINTR’ redefined
  276 | #define EINTR       (-4)
      |         ^~~~~
drivers/bluetooth/../../kernel/include/types.h:132:9: note: this is the location of the previous definition
  132 | #define EINTR           (-16)
      |         ^~~~~
drivers/bluetooth/../../kernel/include/types.h:277:9: warning: ‘EIO’ redefined
  277 | #define EIO         (-5)
      |         ^~~
drivers/bluetooth/../../kernel/include/types.h:123:9: note: this is the location of the previous definition
  123 | #define EIO             (-7)
      |         ^~~
drivers/bluetooth/../../kernel/include/types.h:280:9: warning: ‘ENODEV’ redefined
  280 | #define ENODEV      (-19)
      |         ^~~~~~
drivers/bluetooth/../../kernel/include/types.h:128:9: note: this is the location of the previous definition
  128 | #define ENODEV          (-12)
      |         ^~~~~~
drivers/bluetooth/../../kernel/include/types.h:285:9: warning: ‘EPIPE’ redefined
  285 | #define EPIPE       (-32)
      |         ^~~~~
drivers/bluetooth/../../kernel/include/types.h:136:9: note: this is the location of the previous definition
  136 | #define EPIPE           (-25)
      |         ^~~~~
drivers/bluetooth/../../kernel/include/types.h:286:9: warning: ‘ETIMEDOUT’ redefined
  286 | #define ETIMEDOUT   (-110)
      |         ^~~~~~~~~
drivers/bluetooth/../../kernel/include/types.h:124:9: note: this is the location of the previous definition
  124 | #define ETIMEDOUT       (-8)
      |         ^~~~~~~~~
drivers/bluetooth/../../kernel/include/types.h:287:9: warning: ‘ENOSYS’ redefined
  287 | #define ENOSYS      (-38)
      |         ^~~~~~
drivers/bluetooth/../../kernel/include/types.h:125:9: note: this is the location of the previous definition
  125 | #define ENOSYS          (-9)
      |         ^~~~~~
In file included from drivers/bluetooth/bluetooth.c:10:
drivers/bluetooth/../../kernel/include/kernel.h:33:9: warning: ‘PAGE_SIZE_4K’ redefined
   33 | #define PAGE_SIZE_4K            0x1000
      |         ^~~~~~~~~~~~
drivers/bluetooth/../../kernel/include/types.h:87:9: note: this is the location of the previous definition
   87 | #define PAGE_SIZE_4K    (1ULL << PAGE_SHIFT_4K)
      |         ^~~~~~~~~~~~
drivers/bluetooth/../../kernel/include/kernel.h:101:9: warning: ‘offsetof’ redefined
  101 | #define offsetof(type, member) ((size_t)&((type *)0)->member)
      |         ^~~~~~~~
In file included from drivers/bluetooth/../../kernel/include/types.h:10:
/usr/lib/gcc/x86_64-linux-gnu/15/include/stddef.h:431:9: note: this is the location of the previous definition
  431 | #define offsetof(TYPE, MEMBER) __builtin_offsetof (TYPE, MEMBER)
      |         ^~~~~~~~
drivers/bluetooth/bluetooth.c: In function ‘btusb_probe’:
drivers/bluetooth/bluetooth.c:336:16: warning: comparison of unsigned expression in ‘< 0’ is always false [-Wtype-limits]
  336 |     if (dev_id < 0) {
      |                ^
  [CC]    drivers/biometrics/biometrics.c
cc1: warning: command-line option ‘-fno-rtti’ is valid for C++/D/ObjC++ but not for C
In file included from drivers/biometrics/biometrics.c:9:
drivers/biometrics/../../kernel/include/types.h:270:9: warning: ‘ENOMEM’ redefined
  270 | #define ENOMEM      (-12)
      |         ^~~~~~
drivers/biometrics/../../kernel/include/types.h:118:9: note: this is the location of the previous definition
  118 | #define ENOMEM          (-2)
      |         ^~~~~~
drivers/biometrics/../../kernel/include/types.h:271:9: warning: ‘EINVAL’ redefined
  271 | #define EINVAL      (-22)
      |         ^~~~~~
drivers/biometrics/../../kernel/include/types.h:119:9: note: this is the location of the previous definition
  119 | #define EINVAL          (-3)
      |         ^~~~~~
drivers/biometrics/../../kernel/include/types.h:272:9: warning: ‘EFAULT’ redefined
  272 | #define EFAULT      (-14)
      |         ^~~~~~
drivers/biometrics/../../kernel/include/types.h:133:9: note: this is the location of the previous definition
  133 | #define EFAULT          (-17)
      |         ^~~~~~
drivers/biometrics/../../kernel/include/types.h:273:9: warning: ‘EACCES’ redefined
  273 | #define EACCES      (-13)
      |         ^~~~~~
drivers/biometrics/../../kernel/include/types.h:122:9: note: this is the location of the previous definition
  122 | #define EACCES          (-6)
      |         ^~~~~~
drivers/biometrics/../../kernel/include/types.h:274:9: warning: ‘EPERM’ redefined
  274 | #define EPERM       (-1)
      |         ^~~~~
drivers/biometrics/../../kernel/include/types.h:130:9: note: this is the location of the previous definition
  130 | #define EPERM           (-14)
      |         ^~~~~
drivers/biometrics/../../kernel/include/types.h:275:9: warning: ‘ESRCH’ redefined
  275 | #define ESRCH       (-3)
      |         ^~~~~
drivers/biometrics/../../kernel/include/types.h:131:9: note: this is the location of the previous definition
  131 | #define ESRCH           (-15)
      |         ^~~~~
drivers/biometrics/../../kernel/include/types.h:276:9: warning: ‘EINTR’ redefined
  276 | #define EINTR       (-4)
      |         ^~~~~
drivers/biometrics/../../kernel/include/types.h:132:9: note: this is the location of the previous definition
  132 | #define EINTR           (-16)
      |         ^~~~~
drivers/biometrics/../../kernel/include/types.h:277:9: warning: ‘EIO’ redefined
  277 | #define EIO         (-5)
      |         ^~~
drivers/biometrics/../../kernel/include/types.h:123:9: note: this is the location of the previous definition
  123 | #define EIO             (-7)
      |         ^~~
drivers/biometrics/../../kernel/include/types.h:280:9: warning: ‘ENODEV’ redefined
  280 | #define ENODEV      (-19)
      |         ^~~~~~
drivers/biometrics/../../kernel/include/types.h:128:9: note: this is the location of the previous definition
  128 | #define ENODEV          (-12)
      |         ^~~~~~
drivers/biometrics/../../kernel/include/types.h:285:9: warning: ‘EPIPE’ redefined
  285 | #define EPIPE       (-32)
      |         ^~~~~
drivers/biometrics/../../kernel/include/types.h:136:9: note: this is the location of the previous definition
  136 | #define EPIPE           (-25)
      |         ^~~~~
drivers/biometrics/../../kernel/include/types.h:286:9: warning: ‘ETIMEDOUT’ redefined
  286 | #define ETIMEDOUT   (-110)
      |         ^~~~~~~~~
drivers/biometrics/../../kernel/include/types.h:124:9: note: this is the location of the previous definition
  124 | #define ETIMEDOUT       (-8)
      |         ^~~~~~~~~
drivers/biometrics/../../kernel/include/types.h:287:9: warning: ‘ENOSYS’ redefined
  287 | #define ENOSYS      (-38)
      |         ^~~~~~
drivers/biometrics/../../kernel/include/types.h:125:9: note: this is the location of the previous definition
  125 | #define ENOSYS          (-9)
      |         ^~~~~~
In file included from drivers/biometrics/biometrics.c:10:
drivers/biometrics/../../kernel/include/kernel.h:33:9: warning: ‘PAGE_SIZE_4K’ redefined
   33 | #define PAGE_SIZE_4K            0x1000
      |         ^~~~~~~~~~~~
drivers/biometrics/../../kernel/include/types.h:87:9: note: this is the location of the previous definition
   87 | #define PAGE_SIZE_4K    (1ULL << PAGE_SHIFT_4K)
      |         ^~~~~~~~~~~~
drivers/biometrics/../../kernel/include/kernel.h:101:9: warning: ‘offsetof’ redefined
  101 | #define offsetof(type, member) ((size_t)&((type *)0)->member)
      |         ^~~~~~~~
In file included from drivers/biometrics/../../kernel/include/types.h:10:
/usr/lib/gcc/x86_64-linux-gnu/15/include/stddef.h:431:9: note: this is the location of the previous definition
  431 | #define offsetof(TYPE, MEMBER) __builtin_offsetof (TYPE, MEMBER)
      |         ^~~~~~~~
drivers/biometrics/biometrics.c: In function ‘fingerprint_probe’:
drivers/biometrics/biometrics.c:358:16: warning: comparison of unsigned expression in ‘< 0’ is always false [-Wtype-limits]
  358 |     if (dev_id < 0) {
      |                ^
drivers/biometrics/biometrics.c: In function ‘face_probe’:
drivers/biometrics/biometrics.c:417:16: warning: comparison of unsigned expression in ‘< 0’ is always false [-Wtype-limits]
  417 |     if (dev_id < 0) {
      |                ^
drivers/biometrics/biometrics.c: In function ‘iris_probe’:
drivers/biometrics/biometrics.c:469:16: warning: comparison of unsigned expression in ‘< 0’ is always false [-Wtype-limits]
  469 |     if (dev_id < 0) {
      |                ^
  [CC]    drivers/media/camera.c
cc1: warning: command-line option ‘-fno-rtti’ is valid for C++/D/ObjC++ but not for C
In file included from drivers/media/camera.c:9:
drivers/media/../../kernel/include/types.h:270:9: warning: ‘ENOMEM’ redefined
  270 | #define ENOMEM      (-12)
      |         ^~~~~~
drivers/media/../../kernel/include/types.h:118:9: note: this is the location of the previous definition
  118 | #define ENOMEM          (-2)
      |         ^~~~~~
drivers/media/../../kernel/include/types.h:271:9: warning: ‘EINVAL’ redefined
  271 | #define EINVAL      (-22)
      |         ^~~~~~
drivers/media/../../kernel/include/types.h:119:9: note: this is the location of the previous definition
  119 | #define EINVAL          (-3)
      |         ^~~~~~
drivers/media/../../kernel/include/types.h:272:9: warning: ‘EFAULT’ redefined
  272 | #define EFAULT      (-14)
      |         ^~~~~~
drivers/media/../../kernel/include/types.h:133:9: note: this is the location of the previous definition
  133 | #define EFAULT          (-17)
      |         ^~~~~~
drivers/media/../../kernel/include/types.h:273:9: warning: ‘EACCES’ redefined
  273 | #define EACCES      (-13)
      |         ^~~~~~
drivers/media/../../kernel/include/types.h:122:9: note: this is the location of the previous definition
  122 | #define EACCES          (-6)
      |         ^~~~~~
drivers/media/../../kernel/include/types.h:274:9: warning: ‘EPERM’ redefined
  274 | #define EPERM       (-1)
      |         ^~~~~
drivers/media/../../kernel/include/types.h:130:9: note: this is the location of the previous definition
  130 | #define EPERM           (-14)
      |         ^~~~~
drivers/media/../../kernel/include/types.h:275:9: warning: ‘ESRCH’ redefined
  275 | #define ESRCH       (-3)
      |         ^~~~~
drivers/media/../../kernel/include/types.h:131:9: note: this is the location of the previous definition
  131 | #define ESRCH           (-15)
      |         ^~~~~
drivers/media/../../kernel/include/types.h:276:9: warning: ‘EINTR’ redefined
  276 | #define EINTR       (-4)
      |         ^~~~~
drivers/media/../../kernel/include/types.h:132:9: note: this is the location of the previous definition
  132 | #define EINTR           (-16)
      |         ^~~~~
drivers/media/../../kernel/include/types.h:277:9: warning: ‘EIO’ redefined
  277 | #define EIO         (-5)
      |         ^~~
drivers/media/../../kernel/include/types.h:123:9: note: this is the location of the previous definition
  123 | #define EIO             (-7)
      |         ^~~
drivers/media/../../kernel/include/types.h:280:9: warning: ‘ENODEV’ redefined
  280 | #define ENODEV      (-19)
      |         ^~~~~~
drivers/media/../../kernel/include/types.h:128:9: note: this is the location of the previous definition
  128 | #define ENODEV          (-12)
      |         ^~~~~~
drivers/media/../../kernel/include/types.h:285:9: warning: ‘EPIPE’ redefined
  285 | #define EPIPE       (-32)
      |         ^~~~~
drivers/media/../../kernel/include/types.h:136:9: note: this is the location of the previous definition
  136 | #define EPIPE           (-25)
      |         ^~~~~
drivers/media/../../kernel/include/types.h:286:9: warning: ‘ETIMEDOUT’ redefined
  286 | #define ETIMEDOUT   (-110)
      |         ^~~~~~~~~
drivers/media/../../kernel/include/types.h:124:9: note: this is the location of the previous definition
  124 | #define ETIMEDOUT       (-8)
      |         ^~~~~~~~~
drivers/media/../../kernel/include/types.h:287:9: warning: ‘ENOSYS’ redefined
  287 | #define ENOSYS      (-38)
      |         ^~~~~~
drivers/media/../../kernel/include/types.h:125:9: note: this is the location of the previous definition
  125 | #define ENOSYS          (-9)
      |         ^~~~~~
In file included from drivers/media/camera.c:10:
drivers/media/../../kernel/include/kernel.h:33:9: warning: ‘PAGE_SIZE_4K’ redefined
   33 | #define PAGE_SIZE_4K            0x1000
      |         ^~~~~~~~~~~~
drivers/media/../../kernel/include/types.h:87:9: note: this is the location of the previous definition
   87 | #define PAGE_SIZE_4K    (1ULL << PAGE_SHIFT_4K)
      |         ^~~~~~~~~~~~
drivers/media/../../kernel/include/kernel.h:101:9: warning: ‘offsetof’ redefined
  101 | #define offsetof(type, member) ((size_t)&((type *)0)->member)
      |         ^~~~~~~~
In file included from drivers/media/../../kernel/include/types.h:10:
/usr/lib/gcc/x86_64-linux-gnu/15/include/stddef.h:431:9: note: this is the location of the previous definition
  431 | #define offsetof(TYPE, MEMBER) __builtin_offsetof (TYPE, MEMBER)
      |         ^~~~~~~~
drivers/media/camera.c: In function ‘uvc_probe’:
drivers/media/camera.c:222:16: warning: comparison of unsigned expression in ‘< 0’ is always false [-Wtype-limits]
  222 |     if (dev_id < 0) {
      |                ^
  [CC]    drivers/serial/serial.c
cc1: warning: command-line option ‘-fno-rtti’ is valid for C++/D/ObjC++ but not for C
In file included from drivers/serial/serial.c:9:
drivers/serial/../../kernel/include/types.h:270:9: warning: ‘ENOMEM’ redefined
  270 | #define ENOMEM      (-12)
      |         ^~~~~~
drivers/serial/../../kernel/include/types.h:118:9: note: this is the location of the previous definition
  118 | #define ENOMEM          (-2)
      |         ^~~~~~
drivers/serial/../../kernel/include/types.h:271:9: warning: ‘EINVAL’ redefined
  271 | #define EINVAL      (-22)
      |         ^~~~~~
drivers/serial/../../kernel/include/types.h:119:9: note: this is the location of the previous definition
  119 | #define EINVAL          (-3)
      |         ^~~~~~
drivers/serial/../../kernel/include/types.h:272:9: warning: ‘EFAULT’ redefined
  272 | #define EFAULT      (-14)
      |         ^~~~~~
drivers/serial/../../kernel/include/types.h:133:9: note: this is the location of the previous definition
  133 | #define EFAULT          (-17)
      |         ^~~~~~
drivers/serial/../../kernel/include/types.h:273:9: warning: ‘EACCES’ redefined
  273 | #define EACCES      (-13)
      |         ^~~~~~
drivers/serial/../../kernel/include/types.h:122:9: note: this is the location of the previous definition
  122 | #define EACCES          (-6)
      |         ^~~~~~
drivers/serial/../../kernel/include/types.h:274:9: warning: ‘EPERM’ redefined
  274 | #define EPERM       (-1)
      |         ^~~~~
drivers/serial/../../kernel/include/types.h:130:9: note: this is the location of the previous definition
  130 | #define EPERM           (-14)
      |         ^~~~~
drivers/serial/../../kernel/include/types.h:275:9: warning: ‘ESRCH’ redefined
  275 | #define ESRCH       (-3)
      |         ^~~~~
drivers/serial/../../kernel/include/types.h:131:9: note: this is the location of the previous definition
  131 | #define ESRCH           (-15)
      |         ^~~~~
drivers/serial/../../kernel/include/types.h:276:9: warning: ‘EINTR’ redefined
  276 | #define EINTR       (-4)
      |         ^~~~~
drivers/serial/../../kernel/include/types.h:132:9: note: this is the location of the previous definition
  132 | #define EINTR           (-16)
      |         ^~~~~
drivers/serial/../../kernel/include/types.h:277:9: warning: ‘EIO’ redefined
  277 | #define EIO         (-5)
      |         ^~~
drivers/serial/../../kernel/include/types.h:123:9: note: this is the location of the previous definition
  123 | #define EIO             (-7)
      |         ^~~
drivers/serial/../../kernel/include/types.h:280:9: warning: ‘ENODEV’ redefined
  280 | #define ENODEV      (-19)
      |         ^~~~~~
drivers/serial/../../kernel/include/types.h:128:9: note: this is the location of the previous definition
  128 | #define ENODEV          (-12)
      |         ^~~~~~
drivers/serial/../../kernel/include/types.h:285:9: warning: ‘EPIPE’ redefined
  285 | #define EPIPE       (-32)
      |         ^~~~~
drivers/serial/../../kernel/include/types.h:136:9: note: this is the location of the previous definition
  136 | #define EPIPE           (-25)
      |         ^~~~~
drivers/serial/../../kernel/include/types.h:286:9: warning: ‘ETIMEDOUT’ redefined
  286 | #define ETIMEDOUT   (-110)
      |         ^~~~~~~~~
drivers/serial/../../kernel/include/types.h:124:9: note: this is the location of the previous definition
  124 | #define ETIMEDOUT       (-8)
      |         ^~~~~~~~~
drivers/serial/../../kernel/include/types.h:287:9: warning: ‘ENOSYS’ redefined
  287 | #define ENOSYS      (-38)
      |         ^~~~~~
drivers/serial/../../kernel/include/types.h:125:9: note: this is the location of the previous definition
  125 | #define ENOSYS          (-9)
      |         ^~~~~~
In file included from drivers/serial/serial.c:10:
drivers/serial/../../kernel/include/kernel.h:33:9: warning: ‘PAGE_SIZE_4K’ redefined
   33 | #define PAGE_SIZE_4K            0x1000
      |         ^~~~~~~~~~~~
drivers/serial/../../kernel/include/types.h:87:9: note: this is the location of the previous definition
   87 | #define PAGE_SIZE_4K    (1ULL << PAGE_SHIFT_4K)
      |         ^~~~~~~~~~~~
drivers/serial/../../kernel/include/kernel.h:101:9: warning: ‘offsetof’ redefined
  101 | #define offsetof(type, member) ((size_t)&((type *)0)->member)
      |         ^~~~~~~~
In file included from drivers/serial/../../kernel/include/types.h:10:
/usr/lib/gcc/x86_64-linux-gnu/15/include/stddef.h:431:9: note: this is the location of the previous definition
  431 | #define offsetof(TYPE, MEMBER) __builtin_offsetof (TYPE, MEMBER)
      |         ^~~~~~~~
drivers/serial/serial.c: In function ‘serial_read’:
drivers/serial/serial.c:223:34: warning: pointer targets in passing argument 2 of ‘serial_getc’ differ in signedness [-Wpointer-sign]
  223 |         if (serial_getc(port_id, &buf[i], timeout_ms) == 0) {
      |                                  ^~~~~~~
      |                                  |
      |                                  u8 * {aka unsigned char *}
drivers/serial/serial.c:184:36: note: expected ‘char *’ but argument is of type ‘u8 *’ {aka ‘unsigned char *’}
  184 | int serial_getc(u32 port_id, char *c, u32 timeout_ms)
      |                              ~~~~~~^
  [CC]    drivers/watchdog/watchdog.c
cc1: warning: command-line option ‘-fno-rtti’ is valid for C++/D/ObjC++ but not for C
In file included from drivers/watchdog/watchdog.c:9:
drivers/watchdog/../../kernel/include/types.h:270:9: warning: ‘ENOMEM’ redefined
  270 | #define ENOMEM      (-12)
      |         ^~~~~~
drivers/watchdog/../../kernel/include/types.h:118:9: note: this is the location of the previous definition
  118 | #define ENOMEM          (-2)
      |         ^~~~~~
drivers/watchdog/../../kernel/include/types.h:271:9: warning: ‘EINVAL’ redefined
  271 | #define EINVAL      (-22)
      |         ^~~~~~
drivers/watchdog/../../kernel/include/types.h:119:9: note: this is the location of the previous definition
  119 | #define EINVAL          (-3)
      |         ^~~~~~
drivers/watchdog/../../kernel/include/types.h:272:9: warning: ‘EFAULT’ redefined
  272 | #define EFAULT      (-14)
      |         ^~~~~~
drivers/watchdog/../../kernel/include/types.h:133:9: note: this is the location of the previous definition
  133 | #define EFAULT          (-17)
      |         ^~~~~~
drivers/watchdog/../../kernel/include/types.h:273:9: warning: ‘EACCES’ redefined
  273 | #define EACCES      (-13)
      |         ^~~~~~
drivers/watchdog/../../kernel/include/types.h:122:9: note: this is the location of the previous definition
  122 | #define EACCES          (-6)
      |         ^~~~~~
drivers/watchdog/../../kernel/include/types.h:274:9: warning: ‘EPERM’ redefined
  274 | #define EPERM       (-1)
      |         ^~~~~
drivers/watchdog/../../kernel/include/types.h:130:9: note: this is the location of the previous definition
  130 | #define EPERM           (-14)
      |         ^~~~~
drivers/watchdog/../../kernel/include/types.h:275:9: warning: ‘ESRCH’ redefined
  275 | #define ESRCH       (-3)
      |         ^~~~~
drivers/watchdog/../../kernel/include/types.h:131:9: note: this is the location of the previous definition
  131 | #define ESRCH           (-15)
      |         ^~~~~
drivers/watchdog/../../kernel/include/types.h:276:9: warning: ‘EINTR’ redefined
  276 | #define EINTR       (-4)
      |         ^~~~~
drivers/watchdog/../../kernel/include/types.h:132:9: note: this is the location of the previous definition
  132 | #define EINTR           (-16)
      |         ^~~~~
drivers/watchdog/../../kernel/include/types.h:277:9: warning: ‘EIO’ redefined
  277 | #define EIO         (-5)
      |         ^~~
drivers/watchdog/../../kernel/include/types.h:123:9: note: this is the location of the previous definition
  123 | #define EIO             (-7)
      |         ^~~
drivers/watchdog/../../kernel/include/types.h:280:9: warning: ‘ENODEV’ redefined
  280 | #define ENODEV      (-19)
      |         ^~~~~~
drivers/watchdog/../../kernel/include/types.h:128:9: note: this is the location of the previous definition
  128 | #define ENODEV          (-12)
      |         ^~~~~~
drivers/watchdog/../../kernel/include/types.h:285:9: warning: ‘EPIPE’ redefined
  285 | #define EPIPE       (-32)
      |         ^~~~~
drivers/watchdog/../../kernel/include/types.h:136:9: note: this is the location of the previous definition
  136 | #define EPIPE           (-25)
      |         ^~~~~
drivers/watchdog/../../kernel/include/types.h:286:9: warning: ‘ETIMEDOUT’ redefined
  286 | #define ETIMEDOUT   (-110)
      |         ^~~~~~~~~
drivers/watchdog/../../kernel/include/types.h:124:9: note: this is the location of the previous definition
  124 | #define ETIMEDOUT       (-8)
      |         ^~~~~~~~~
drivers/watchdog/../../kernel/include/types.h:287:9: warning: ‘ENOSYS’ redefined
  287 | #define ENOSYS      (-38)
      |         ^~~~~~
drivers/watchdog/../../kernel/include/types.h:125:9: note: this is the location of the previous definition
  125 | #define ENOSYS          (-9)
      |         ^~~~~~
In file included from drivers/watchdog/watchdog.c:10:
drivers/watchdog/../../kernel/include/kernel.h:33:9: warning: ‘PAGE_SIZE_4K’ redefined
   33 | #define PAGE_SIZE_4K            0x1000
      |         ^~~~~~~~~~~~
drivers/watchdog/../../kernel/include/types.h:87:9: note: this is the location of the previous definition
   87 | #define PAGE_SIZE_4K    (1ULL << PAGE_SHIFT_4K)
      |         ^~~~~~~~~~~~
drivers/watchdog/../../kernel/include/kernel.h:101:9: warning: ‘offsetof’ redefined
  101 | #define offsetof(type, member) ((size_t)&((type *)0)->member)
      |         ^~~~~~~~
In file included from drivers/watchdog/../../kernel/include/types.h:10:
/usr/lib/gcc/x86_64-linux-gnu/15/include/stddef.h:431:9: note: this is the location of the previous definition
  431 | #define offsetof(TYPE, MEMBER) __builtin_offsetof (TYPE, MEMBER)
      |         ^~~~~~~~
drivers/watchdog/watchdog.c: In function ‘i801_wdt_probe’:
drivers/watchdog/watchdog.c:271:16: warning: comparison of unsigned expression in ‘< 0’ is always false [-Wtype-limits]
  271 |     if (dev_id < 0) {
      |                ^
  [CC]    drivers/rtc/rtc.c
cc1: warning: command-line option ‘-fno-rtti’ is valid for C++/D/ObjC++ but not for C
In file included from drivers/rtc/rtc.c:9:
drivers/rtc/../../kernel/include/types.h:270:9: warning: ‘ENOMEM’ redefined
  270 | #define ENOMEM      (-12)
      |         ^~~~~~
drivers/rtc/../../kernel/include/types.h:118:9: note: this is the location of the previous definition
  118 | #define ENOMEM          (-2)
      |         ^~~~~~
drivers/rtc/../../kernel/include/types.h:271:9: warning: ‘EINVAL’ redefined
  271 | #define EINVAL      (-22)
      |         ^~~~~~
drivers/rtc/../../kernel/include/types.h:119:9: note: this is the location of the previous definition
  119 | #define EINVAL          (-3)
      |         ^~~~~~
drivers/rtc/../../kernel/include/types.h:272:9: warning: ‘EFAULT’ redefined
  272 | #define EFAULT      (-14)
      |         ^~~~~~
drivers/rtc/../../kernel/include/types.h:133:9: note: this is the location of the previous definition
  133 | #define EFAULT          (-17)
      |         ^~~~~~
drivers/rtc/../../kernel/include/types.h:273:9: warning: ‘EACCES’ redefined
  273 | #define EACCES      (-13)
      |         ^~~~~~
drivers/rtc/../../kernel/include/types.h:122:9: note: this is the location of the previous definition
  122 | #define EACCES          (-6)
      |         ^~~~~~
drivers/rtc/../../kernel/include/types.h:274:9: warning: ‘EPERM’ redefined
  274 | #define EPERM       (-1)
      |         ^~~~~
drivers/rtc/../../kernel/include/types.h:130:9: note: this is the location of the previous definition
  130 | #define EPERM           (-14)
      |         ^~~~~
drivers/rtc/../../kernel/include/types.h:275:9: warning: ‘ESRCH’ redefined
  275 | #define ESRCH       (-3)
      |         ^~~~~
drivers/rtc/../../kernel/include/types.h:131:9: note: this is the location of the previous definition
  131 | #define ESRCH           (-15)
      |         ^~~~~
drivers/rtc/../../kernel/include/types.h:276:9: warning: ‘EINTR’ redefined
  276 | #define EINTR       (-4)
      |         ^~~~~
drivers/rtc/../../kernel/include/types.h:132:9: note: this is the location of the previous definition
  132 | #define EINTR           (-16)
      |         ^~~~~
drivers/rtc/../../kernel/include/types.h:277:9: warning: ‘EIO’ redefined
  277 | #define EIO         (-5)
      |         ^~~
drivers/rtc/../../kernel/include/types.h:123:9: note: this is the location of the previous definition
  123 | #define EIO             (-7)
      |         ^~~
drivers/rtc/../../kernel/include/types.h:280:9: warning: ‘ENODEV’ redefined
  280 | #define ENODEV      (-19)
      |         ^~~~~~
drivers/rtc/../../kernel/include/types.h:128:9: note: this is the location of the previous definition
  128 | #define ENODEV          (-12)
      |         ^~~~~~
drivers/rtc/../../kernel/include/types.h:285:9: warning: ‘EPIPE’ redefined
  285 | #define EPIPE       (-32)
      |         ^~~~~
drivers/rtc/../../kernel/include/types.h:136:9: note: this is the location of the previous definition
  136 | #define EPIPE           (-25)
      |         ^~~~~
drivers/rtc/../../kernel/include/types.h:286:9: warning: ‘ETIMEDOUT’ redefined
  286 | #define ETIMEDOUT   (-110)
      |         ^~~~~~~~~
drivers/rtc/../../kernel/include/types.h:124:9: note: this is the location of the previous definition
  124 | #define ETIMEDOUT       (-8)
      |         ^~~~~~~~~
drivers/rtc/../../kernel/include/types.h:287:9: warning: ‘ENOSYS’ redefined
  287 | #define ENOSYS      (-38)
      |         ^~~~~~
drivers/rtc/../../kernel/include/types.h:125:9: note: this is the location of the previous definition
  125 | #define ENOSYS          (-9)
      |         ^~~~~~
In file included from drivers/rtc/rtc.c:10:
drivers/rtc/../../kernel/include/kernel.h:33:9: warning: ‘PAGE_SIZE_4K’ redefined
   33 | #define PAGE_SIZE_4K            0x1000
      |         ^~~~~~~~~~~~
drivers/rtc/../../kernel/include/types.h:87:9: note: this is the location of the previous definition
   87 | #define PAGE_SIZE_4K    (1ULL << PAGE_SHIFT_4K)
      |         ^~~~~~~~~~~~
drivers/rtc/../../kernel/include/kernel.h:101:9: warning: ‘offsetof’ redefined
  101 | #define offsetof(type, member) ((size_t)&((type *)0)->member)
      |         ^~~~~~~~
In file included from drivers/rtc/../../kernel/include/types.h:10:
/usr/lib/gcc/x86_64-linux-gnu/15/include/stddef.h:431:9: note: this is the location of the previous definition
  431 | #define offsetof(TYPE, MEMBER) __builtin_offsetof (TYPE, MEMBER)
      |         ^~~~~~~~
  [CC]    drivers/pci/pci.c
cc1: warning: command-line option ‘-fno-rtti’ is valid for C++/D/ObjC++ but not for C
In file included from drivers/pci/pci.c:9:
drivers/pci/../../kernel/include/types.h:270:9: warning: ‘ENOMEM’ redefined
  270 | #define ENOMEM      (-12)
      |         ^~~~~~
drivers/pci/../../kernel/include/types.h:118:9: note: this is the location of the previous definition
  118 | #define ENOMEM          (-2)
      |         ^~~~~~
drivers/pci/../../kernel/include/types.h:271:9: warning: ‘EINVAL’ redefined
  271 | #define EINVAL      (-22)
      |         ^~~~~~
drivers/pci/../../kernel/include/types.h:119:9: note: this is the location of the previous definition
  119 | #define EINVAL          (-3)
      |         ^~~~~~
drivers/pci/../../kernel/include/types.h:272:9: warning: ‘EFAULT’ redefined
  272 | #define EFAULT      (-14)
      |         ^~~~~~
drivers/pci/../../kernel/include/types.h:133:9: note: this is the location of the previous definition
  133 | #define EFAULT          (-17)
      |         ^~~~~~
drivers/pci/../../kernel/include/types.h:273:9: warning: ‘EACCES’ redefined
  273 | #define EACCES      (-13)
      |         ^~~~~~
drivers/pci/../../kernel/include/types.h:122:9: note: this is the location of the previous definition
  122 | #define EACCES          (-6)
      |         ^~~~~~
drivers/pci/../../kernel/include/types.h:274:9: warning: ‘EPERM’ redefined
  274 | #define EPERM       (-1)
      |         ^~~~~
drivers/pci/../../kernel/include/types.h:130:9: note: this is the location of the previous definition
  130 | #define EPERM           (-14)
      |         ^~~~~
drivers/pci/../../kernel/include/types.h:275:9: warning: ‘ESRCH’ redefined
  275 | #define ESRCH       (-3)
      |         ^~~~~
drivers/pci/../../kernel/include/types.h:131:9: note: this is the location of the previous definition
  131 | #define ESRCH           (-15)
      |         ^~~~~
drivers/pci/../../kernel/include/types.h:276:9: warning: ‘EINTR’ redefined
  276 | #define EINTR       (-4)
      |         ^~~~~
drivers/pci/../../kernel/include/types.h:132:9: note: this is the location of the previous definition
  132 | #define EINTR           (-16)
      |         ^~~~~
drivers/pci/../../kernel/include/types.h:277:9: warning: ‘EIO’ redefined
  277 | #define EIO         (-5)
      |         ^~~
drivers/pci/../../kernel/include/types.h:123:9: note: this is the location of the previous definition
  123 | #define EIO             (-7)
      |         ^~~
drivers/pci/../../kernel/include/types.h:280:9: warning: ‘ENODEV’ redefined
  280 | #define ENODEV      (-19)
      |         ^~~~~~
drivers/pci/../../kernel/include/types.h:128:9: note: this is the location of the previous definition
  128 | #define ENODEV          (-12)
      |         ^~~~~~
drivers/pci/../../kernel/include/types.h:285:9: warning: ‘EPIPE’ redefined
  285 | #define EPIPE       (-32)
      |         ^~~~~
drivers/pci/../../kernel/include/types.h:136:9: note: this is the location of the previous definition
  136 | #define EPIPE           (-25)
      |         ^~~~~
drivers/pci/../../kernel/include/types.h:286:9: warning: ‘ETIMEDOUT’ redefined
  286 | #define ETIMEDOUT   (-110)
      |         ^~~~~~~~~
drivers/pci/../../kernel/include/types.h:124:9: note: this is the location of the previous definition
  124 | #define ETIMEDOUT       (-8)
      |         ^~~~~~~~~
drivers/pci/../../kernel/include/types.h:287:9: warning: ‘ENOSYS’ redefined
  287 | #define ENOSYS      (-38)
      |         ^~~~~~
drivers/pci/../../kernel/include/types.h:125:9: note: this is the location of the previous definition
  125 | #define ENOSYS          (-9)
      |         ^~~~~~
In file included from drivers/pci/pci.c:10:
drivers/pci/../../kernel/include/kernel.h:33:9: warning: ‘PAGE_SIZE_4K’ redefined
   33 | #define PAGE_SIZE_4K            0x1000
      |         ^~~~~~~~~~~~
drivers/pci/../../kernel/include/types.h:87:9: note: this is the location of the previous definition
   87 | #define PAGE_SIZE_4K    (1ULL << PAGE_SHIFT_4K)
      |         ^~~~~~~~~~~~
drivers/pci/../../kernel/include/kernel.h:101:9: warning: ‘offsetof’ redefined
  101 | #define offsetof(type, member) ((size_t)&((type *)0)->member)
      |         ^~~~~~~~
In file included from drivers/pci/../../kernel/include/types.h:10:
/usr/lib/gcc/x86_64-linux-gnu/15/include/stddef.h:431:9: note: this is the location of the previous definition
  431 | #define offsetof(TYPE, MEMBER) __builtin_offsetof (TYPE, MEMBER)
      |         ^~~~~~~~
drivers/pci/pci.c: In function ‘pci_match_drivers’:
drivers/pci/pci.c:255:33: warning: comparison is always false due to limited range of data type [-Wtype-limits]
  255 |             if ((drv->vendor_id == PCI_ANY_ID || drv->vendor_id == dev->vendor_id) &&
      |                                 ^~
drivers/pci/pci.c:256:33: warning: comparison is always false due to limited range of data type [-Wtype-limits]
  256 |                 (drv->device_id == PCI_ANY_ID || drv->device_id == dev->device_id)) {
      |                                 ^~
  [CC]    drivers/sensors/sensor_hub.c
cc1: warning: command-line option ‘-fno-rtti’ is valid for C++/D/ObjC++ but not for C
In file included from drivers/sensors/sensor_hub.c:9:
drivers/sensors/../../kernel/include/types.h:270:9: warning: ‘ENOMEM’ redefined
  270 | #define ENOMEM      (-12)
      |         ^~~~~~
drivers/sensors/../../kernel/include/types.h:118:9: note: this is the location of the previous definition
  118 | #define ENOMEM          (-2)
      |         ^~~~~~
drivers/sensors/../../kernel/include/types.h:271:9: warning: ‘EINVAL’ redefined
  271 | #define EINVAL      (-22)
      |         ^~~~~~
drivers/sensors/../../kernel/include/types.h:119:9: note: this is the location of the previous definition
  119 | #define EINVAL          (-3)
      |         ^~~~~~
drivers/sensors/../../kernel/include/types.h:272:9: warning: ‘EFAULT’ redefined
  272 | #define EFAULT      (-14)
      |         ^~~~~~
drivers/sensors/../../kernel/include/types.h:133:9: note: this is the location of the previous definition
  133 | #define EFAULT          (-17)
      |         ^~~~~~
drivers/sensors/../../kernel/include/types.h:273:9: warning: ‘EACCES’ redefined
  273 | #define EACCES      (-13)
      |         ^~~~~~
drivers/sensors/../../kernel/include/types.h:122:9: note: this is the location of the previous definition
  122 | #define EACCES          (-6)
      |         ^~~~~~
drivers/sensors/../../kernel/include/types.h:274:9: warning: ‘EPERM’ redefined
  274 | #define EPERM       (-1)
      |         ^~~~~
drivers/sensors/../../kernel/include/types.h:130:9: note: this is the location of the previous definition
  130 | #define EPERM           (-14)
      |         ^~~~~
drivers/sensors/../../kernel/include/types.h:275:9: warning: ‘ESRCH’ redefined
  275 | #define ESRCH       (-3)
      |         ^~~~~
drivers/sensors/../../kernel/include/types.h:131:9: note: this is the location of the previous definition
  131 | #define ESRCH           (-15)
      |         ^~~~~
drivers/sensors/../../kernel/include/types.h:276:9: warning: ‘EINTR’ redefined
  276 | #define EINTR       (-4)
      |         ^~~~~
drivers/sensors/../../kernel/include/types.h:132:9: note: this is the location of the previous definition
  132 | #define EINTR           (-16)
      |         ^~~~~
drivers/sensors/../../kernel/include/types.h:277:9: warning: ‘EIO’ redefined
  277 | #define EIO         (-5)
      |         ^~~
drivers/sensors/../../kernel/include/types.h:123:9: note: this is the location of the previous definition
  123 | #define EIO             (-7)
      |         ^~~
drivers/sensors/../../kernel/include/types.h:280:9: warning: ‘ENODEV’ redefined
  280 | #define ENODEV      (-19)
      |         ^~~~~~
drivers/sensors/../../kernel/include/types.h:128:9: note: this is the location of the previous definition
  128 | #define ENODEV          (-12)
      |         ^~~~~~
drivers/sensors/../../kernel/include/types.h:285:9: warning: ‘EPIPE’ redefined
  285 | #define EPIPE       (-32)
      |         ^~~~~
drivers/sensors/../../kernel/include/types.h:136:9: note: this is the location of the previous definition
  136 | #define EPIPE           (-25)
      |         ^~~~~
drivers/sensors/../../kernel/include/types.h:286:9: warning: ‘ETIMEDOUT’ redefined
  286 | #define ETIMEDOUT   (-110)
      |         ^~~~~~~~~
drivers/sensors/../../kernel/include/types.h:124:9: note: this is the location of the previous definition
  124 | #define ETIMEDOUT       (-8)
      |         ^~~~~~~~~
drivers/sensors/../../kernel/include/types.h:287:9: warning: ‘ENOSYS’ redefined
  287 | #define ENOSYS      (-38)
      |         ^~~~~~
drivers/sensors/../../kernel/include/types.h:125:9: note: this is the location of the previous definition
  125 | #define ENOSYS          (-9)
      |         ^~~~~~
In file included from drivers/sensors/sensor_hub.c:10:
drivers/sensors/../../kernel/include/kernel.h:33:9: warning: ‘PAGE_SIZE_4K’ redefined
   33 | #define PAGE_SIZE_4K            0x1000
      |         ^~~~~~~~~~~~
drivers/sensors/../../kernel/include/types.h:87:9: note: this is the location of the previous definition
   87 | #define PAGE_SIZE_4K    (1ULL << PAGE_SHIFT_4K)
      |         ^~~~~~~~~~~~
drivers/sensors/../../kernel/include/kernel.h:101:9: warning: ‘offsetof’ redefined
  101 | #define offsetof(type, member) ((size_t)&((type *)0)->member)
      |         ^~~~~~~~
In file included from drivers/sensors/../../kernel/include/types.h:10:
/usr/lib/gcc/x86_64-linux-gnu/15/include/stddef.h:431:9: note: this is the location of the previous definition
  431 | #define offsetof(TYPE, MEMBER) __builtin_offsetof (TYPE, MEMBER)
      |         ^~~~~~~~
  [CC]    drivers/video/vga.c
cc1: warning: command-line option ‘-fno-rtti’ is valid for C++/D/ObjC++ but not for C
In file included from drivers/video/vga.c:9:
drivers/video/../../kernel/include/types.h:270:9: warning: ‘ENOMEM’ redefined
  270 | #define ENOMEM      (-12)
      |         ^~~~~~
drivers/video/../../kernel/include/types.h:118:9: note: this is the location of the previous definition
  118 | #define ENOMEM          (-2)
      |         ^~~~~~
drivers/video/../../kernel/include/types.h:271:9: warning: ‘EINVAL’ redefined
  271 | #define EINVAL      (-22)
      |         ^~~~~~
drivers/video/../../kernel/include/types.h:119:9: note: this is the location of the previous definition
  119 | #define EINVAL          (-3)
      |         ^~~~~~
drivers/video/../../kernel/include/types.h:272:9: warning: ‘EFAULT’ redefined
  272 | #define EFAULT      (-14)
      |         ^~~~~~
drivers/video/../../kernel/include/types.h:133:9: note: this is the location of the previous definition
  133 | #define EFAULT          (-17)
      |         ^~~~~~
drivers/video/../../kernel/include/types.h:273:9: warning: ‘EACCES’ redefined
  273 | #define EACCES      (-13)
      |         ^~~~~~
drivers/video/../../kernel/include/types.h:122:9: note: this is the location of the previous definition
  122 | #define EACCES          (-6)
      |         ^~~~~~
drivers/video/../../kernel/include/types.h:274:9: warning: ‘EPERM’ redefined
  274 | #define EPERM       (-1)
      |         ^~~~~
drivers/video/../../kernel/include/types.h:130:9: note: this is the location of the previous definition
  130 | #define EPERM           (-14)
      |         ^~~~~
drivers/video/../../kernel/include/types.h:275:9: warning: ‘ESRCH’ redefined
  275 | #define ESRCH       (-3)
      |         ^~~~~
drivers/video/../../kernel/include/types.h:131:9: note: this is the location of the previous definition
  131 | #define ESRCH           (-15)
      |         ^~~~~
drivers/video/../../kernel/include/types.h:276:9: warning: ‘EINTR’ redefined
  276 | #define EINTR       (-4)
      |         ^~~~~
drivers/video/../../kernel/include/types.h:132:9: note: this is the location of the previous definition
  132 | #define EINTR           (-16)
      |         ^~~~~
drivers/video/../../kernel/include/types.h:277:9: warning: ‘EIO’ redefined
  277 | #define EIO         (-5)
      |         ^~~
drivers/video/../../kernel/include/types.h:123:9: note: this is the location of the previous definition
  123 | #define EIO             (-7)
      |         ^~~
drivers/video/../../kernel/include/types.h:280:9: warning: ‘ENODEV’ redefined
  280 | #define ENODEV      (-19)
      |         ^~~~~~
drivers/video/../../kernel/include/types.h:128:9: note: this is the location of the previous definition
  128 | #define ENODEV          (-12)
      |         ^~~~~~
drivers/video/../../kernel/include/types.h:285:9: warning: ‘EPIPE’ redefined
  285 | #define EPIPE       (-32)
      |         ^~~~~
drivers/video/../../kernel/include/types.h:136:9: note: this is the location of the previous definition
  136 | #define EPIPE           (-25)
      |         ^~~~~
drivers/video/../../kernel/include/types.h:286:9: warning: ‘ETIMEDOUT’ redefined
  286 | #define ETIMEDOUT   (-110)
      |         ^~~~~~~~~
drivers/video/../../kernel/include/types.h:124:9: note: this is the location of the previous definition
  124 | #define ETIMEDOUT       (-8)
      |         ^~~~~~~~~
drivers/video/../../kernel/include/types.h:287:9: warning: ‘ENOSYS’ redefined
  287 | #define ENOSYS      (-38)
      |         ^~~~~~
drivers/video/../../kernel/include/types.h:125:9: note: this is the location of the previous definition
  125 | #define ENOSYS          (-9)
      |         ^~~~~~
In file included from drivers/video/vga.c:10:
drivers/video/../../kernel/include/kernel.h:33:9: warning: ‘PAGE_SIZE_4K’ redefined
   33 | #define PAGE_SIZE_4K            0x1000
      |         ^~~~~~~~~~~~
drivers/video/../../kernel/include/types.h:87:9: note: this is the location of the previous definition
   87 | #define PAGE_SIZE_4K    (1ULL << PAGE_SHIFT_4K)
      |         ^~~~~~~~~~~~
drivers/video/../../kernel/include/kernel.h:101:9: warning: ‘offsetof’ redefined
  101 | #define offsetof(type, member) ((size_t)&((type *)0)->member)
      |         ^~~~~~~~
In file included from drivers/video/../../kernel/include/types.h:10:
/usr/lib/gcc/x86_64-linux-gnu/15/include/stddef.h:431:9: note: this is the location of the previous definition
  431 | #define offsetof(TYPE, MEMBER) __builtin_offsetof (TYPE, MEMBER)
      |         ^~~~~~~~
drivers/video/vga.c:226:12: warning: ‘vga_set_mode_svga’ defined but not used [-Wunused-function]
  226 | static int vga_set_mode_svga(u32 width, u32 height, u32 bpp)
      |            ^~~~~~~~~~~~~~~~~
drivers/video/vga.c:130:13: warning: ‘vga_set_palette’ defined but not used [-Wunused-function]
  130 | static void vga_set_palette(u8 index, u8 r, u8 g, u8 b)
      |             ^~~~~~~~~~~~~~~
drivers/video/vga.c:120:11: warning: ‘vga_read_crtc’ defined but not used [-Wunused-function]
  120 | static u8 vga_read_crtc(u8 index)
      |           ^~~~~~~~~~~~~
  [CC]    drivers/video/interface.c
cc1: warning: command-line option ‘-fno-rtti’ is valid for C++/D/ObjC++ but not for C
In file included from drivers/video/interface.c:9:
drivers/video/../../kernel/include/types.h:270:9: warning: ‘ENOMEM’ redefined
  270 | #define ENOMEM      (-12)
      |         ^~~~~~
drivers/video/../../kernel/include/types.h:118:9: note: this is the location of the previous definition
  118 | #define ENOMEM          (-2)
      |         ^~~~~~
drivers/video/../../kernel/include/types.h:271:9: warning: ‘EINVAL’ redefined
  271 | #define EINVAL      (-22)
      |         ^~~~~~
drivers/video/../../kernel/include/types.h:119:9: note: this is the location of the previous definition
  119 | #define EINVAL          (-3)
      |         ^~~~~~
drivers/video/../../kernel/include/types.h:272:9: warning: ‘EFAULT’ redefined
  272 | #define EFAULT      (-14)
      |         ^~~~~~
drivers/video/../../kernel/include/types.h:133:9: note: this is the location of the previous definition
  133 | #define EFAULT          (-17)
      |         ^~~~~~
drivers/video/../../kernel/include/types.h:273:9: warning: ‘EACCES’ redefined
  273 | #define EACCES      (-13)
      |         ^~~~~~
drivers/video/../../kernel/include/types.h:122:9: note: this is the location of the previous definition
  122 | #define EACCES          (-6)
      |         ^~~~~~
drivers/video/../../kernel/include/types.h:274:9: warning: ‘EPERM’ redefined
  274 | #define EPERM       (-1)
      |         ^~~~~
drivers/video/../../kernel/include/types.h:130:9: note: this is the location of the previous definition
  130 | #define EPERM           (-14)
      |         ^~~~~
drivers/video/../../kernel/include/types.h:275:9: warning: ‘ESRCH’ redefined
  275 | #define ESRCH       (-3)
      |         ^~~~~
drivers/video/../../kernel/include/types.h:131:9: note: this is the location of the previous definition
  131 | #define ESRCH           (-15)
      |         ^~~~~
drivers/video/../../kernel/include/types.h:276:9: warning: ‘EINTR’ redefined
  276 | #define EINTR       (-4)
      |         ^~~~~
drivers/video/../../kernel/include/types.h:132:9: note: this is the location of the previous definition
  132 | #define EINTR           (-16)
      |         ^~~~~
drivers/video/../../kernel/include/types.h:277:9: warning: ‘EIO’ redefined
  277 | #define EIO         (-5)
      |         ^~~
drivers/video/../../kernel/include/types.h:123:9: note: this is the location of the previous definition
  123 | #define EIO             (-7)
      |         ^~~
drivers/video/../../kernel/include/types.h:280:9: warning: ‘ENODEV’ redefined
  280 | #define ENODEV      (-19)
      |         ^~~~~~
drivers/video/../../kernel/include/types.h:128:9: note: this is the location of the previous definition
  128 | #define ENODEV          (-12)
      |         ^~~~~~
drivers/video/../../kernel/include/types.h:285:9: warning: ‘EPIPE’ redefined
  285 | #define EPIPE       (-32)
      |         ^~~~~
drivers/video/../../kernel/include/types.h:136:9: note: this is the location of the previous definition
  136 | #define EPIPE           (-25)
      |         ^~~~~
drivers/video/../../kernel/include/types.h:286:9: warning: ‘ETIMEDOUT’ redefined
  286 | #define ETIMEDOUT   (-110)
      |         ^~~~~~~~~
drivers/video/../../kernel/include/types.h:124:9: note: this is the location of the previous definition
  124 | #define ETIMEDOUT       (-8)
      |         ^~~~~~~~~
drivers/video/../../kernel/include/types.h:287:9: warning: ‘ENOSYS’ redefined
  287 | #define ENOSYS      (-38)
      |         ^~~~~~
drivers/video/../../kernel/include/types.h:125:9: note: this is the location of the previous definition
  125 | #define ENOSYS          (-9)
      |         ^~~~~~
In file included from drivers/video/interface.c:10:
drivers/video/../../kernel/include/kernel.h:33:9: warning: ‘PAGE_SIZE_4K’ redefined
   33 | #define PAGE_SIZE_4K            0x1000
      |         ^~~~~~~~~~~~
drivers/video/../../kernel/include/types.h:87:9: note: this is the location of the previous definition
   87 | #define PAGE_SIZE_4K    (1ULL << PAGE_SHIFT_4K)
      |         ^~~~~~~~~~~~
drivers/video/../../kernel/include/kernel.h:101:9: warning: ‘offsetof’ redefined
  101 | #define offsetof(type, member) ((size_t)&((type *)0)->member)
      |         ^~~~~~~~
In file included from drivers/video/../../kernel/include/types.h:10:
/usr/lib/gcc/x86_64-linux-gnu/15/include/stddef.h:431:9: note: this is the location of the previous definition
  431 | #define offsetof(TYPE, MEMBER) __builtin_offsetof (TYPE, MEMBER)
      |         ^~~~~~~~
drivers/video/interface.c:263:11: warning: ‘i2c_read’ defined but not used [-Wunused-function]
  263 | static u8 i2c_read(u32 bus, u32 addr, u8 reg)
      |           ^~~~~~~~
  [CC]    drivers/video/dsi.c
cc1: warning: command-line option ‘-fno-rtti’ is valid for C++/D/ObjC++ but not for C
In file included from drivers/video/dsi.c:9:
drivers/video/../../kernel/include/types.h:270:9: warning: ‘ENOMEM’ redefined
  270 | #define ENOMEM      (-12)
      |         ^~~~~~
drivers/video/../../kernel/include/types.h:118:9: note: this is the location of the previous definition
  118 | #define ENOMEM          (-2)
      |         ^~~~~~
drivers/video/../../kernel/include/types.h:271:9: warning: ‘EINVAL’ redefined
  271 | #define EINVAL      (-22)
      |         ^~~~~~
drivers/video/../../kernel/include/types.h:119:9: note: this is the location of the previous definition
  119 | #define EINVAL          (-3)
      |         ^~~~~~
drivers/video/../../kernel/include/types.h:272:9: warning: ‘EFAULT’ redefined
  272 | #define EFAULT      (-14)
      |         ^~~~~~
drivers/video/../../kernel/include/types.h:133:9: note: this is the location of the previous definition
  133 | #define EFAULT          (-17)
      |         ^~~~~~
drivers/video/../../kernel/include/types.h:273:9: warning: ‘EACCES’ redefined
  273 | #define EACCES      (-13)
      |         ^~~~~~
drivers/video/../../kernel/include/types.h:122:9: note: this is the location of the previous definition
  122 | #define EACCES          (-6)
      |         ^~~~~~
drivers/video/../../kernel/include/types.h:274:9: warning: ‘EPERM’ redefined
  274 | #define EPERM       (-1)
      |         ^~~~~
drivers/video/../../kernel/include/types.h:130:9: note: this is the location of the previous definition
  130 | #define EPERM           (-14)
      |         ^~~~~
drivers/video/../../kernel/include/types.h:275:9: warning: ‘ESRCH’ redefined
  275 | #define ESRCH       (-3)
      |         ^~~~~
drivers/video/../../kernel/include/types.h:131:9: note: this is the location of the previous definition
  131 | #define ESRCH           (-15)
      |         ^~~~~
drivers/video/../../kernel/include/types.h:276:9: warning: ‘EINTR’ redefined
  276 | #define EINTR       (-4)
      |         ^~~~~
drivers/video/../../kernel/include/types.h:132:9: note: this is the location of the previous definition
  132 | #define EINTR           (-16)
      |         ^~~~~
drivers/video/../../kernel/include/types.h:277:9: warning: ‘EIO’ redefined
  277 | #define EIO         (-5)
      |         ^~~
drivers/video/../../kernel/include/types.h:123:9: note: this is the location of the previous definition
  123 | #define EIO             (-7)
      |         ^~~
drivers/video/../../kernel/include/types.h:280:9: warning: ‘ENODEV’ redefined
  280 | #define ENODEV      (-19)
      |         ^~~~~~
drivers/video/../../kernel/include/types.h:128:9: note: this is the location of the previous definition
  128 | #define ENODEV          (-12)
      |         ^~~~~~
drivers/video/../../kernel/include/types.h:285:9: warning: ‘EPIPE’ redefined
  285 | #define EPIPE       (-32)
      |         ^~~~~
drivers/video/../../kernel/include/types.h:136:9: note: this is the location of the previous definition
  136 | #define EPIPE           (-25)
      |         ^~~~~
drivers/video/../../kernel/include/types.h:286:9: warning: ‘ETIMEDOUT’ redefined
  286 | #define ETIMEDOUT   (-110)
      |         ^~~~~~~~~
drivers/video/../../kernel/include/types.h:124:9: note: this is the location of the previous definition
  124 | #define ETIMEDOUT       (-8)
      |         ^~~~~~~~~
drivers/video/../../kernel/include/types.h:287:9: warning: ‘ENOSYS’ redefined
  287 | #define ENOSYS      (-38)
      |         ^~~~~~
drivers/video/../../kernel/include/types.h:125:9: note: this is the location of the previous definition
  125 | #define ENOSYS          (-9)
      |         ^~~~~~
In file included from drivers/video/dsi.c:10:
drivers/video/../../kernel/include/kernel.h:33:9: warning: ‘PAGE_SIZE_4K’ redefined
   33 | #define PAGE_SIZE_4K            0x1000
      |         ^~~~~~~~~~~~
drivers/video/../../kernel/include/types.h:87:9: note: this is the location of the previous definition
   87 | #define PAGE_SIZE_4K    (1ULL << PAGE_SHIFT_4K)
      |         ^~~~~~~~~~~~
drivers/video/../../kernel/include/kernel.h:101:9: warning: ‘offsetof’ redefined
  101 | #define offsetof(type, member) ((size_t)&((type *)0)->member)
      |         ^~~~~~~~
In file included from drivers/video/../../kernel/include/types.h:10:
/usr/lib/gcc/x86_64-linux-gnu/15/include/stddef.h:431:9: note: this is the location of the previous definition
  431 | #define offsetof(TYPE, MEMBER) __builtin_offsetof (TYPE, MEMBER)
      |         ^~~~~~~~
drivers/video/dsi.c:190:12: warning: ‘dsi_cmd_nop’ defined but not used [-Wunused-function]
  190 | static int dsi_cmd_nop(void)
      |            ^~~~~~~~~~~
drivers/video/dsi.c:125:12: warning: ‘dsi_read_reg’ defined but not used [-Wunused-function]
  125 | static u32 dsi_read_reg(u32 reg)
      |            ^~~~~~~~~~~~
drivers/video/dsi.c:119:13: warning: ‘dsi_write_reg’ defined but not used [-Wunused-function]
  119 | static void dsi_write_reg(u32 reg, u32 value)
      |             ^~~~~~~~~~~~~
  [CC]    security/encryption/disk_encryption.c
cc1: warning: command-line option ‘-fno-rtti’ is valid for C++/D/ObjC++ but not for C
In file included from security/encryption/../../kernel/include/kernel.h:11,
                 from security/encryption/../security.h:12,
                 from security/encryption/disk_encryption.c:9:
security/encryption/../../kernel/include/types.h:270:9: warning: ‘ENOMEM’ redefined
  270 | #define ENOMEM      (-12)
      |         ^~~~~~
security/encryption/../../kernel/include/types.h:118:9: note: this is the location of the previous definition
  118 | #define ENOMEM          (-2)
      |         ^~~~~~
security/encryption/../../kernel/include/types.h:271:9: warning: ‘EINVAL’ redefined
  271 | #define EINVAL      (-22)
      |         ^~~~~~
security/encryption/../../kernel/include/types.h:119:9: note: this is the location of the previous definition
  119 | #define EINVAL          (-3)
      |         ^~~~~~
security/encryption/../../kernel/include/types.h:272:9: warning: ‘EFAULT’ redefined
  272 | #define EFAULT      (-14)
      |         ^~~~~~
security/encryption/../../kernel/include/types.h:133:9: note: this is the location of the previous definition
  133 | #define EFAULT          (-17)
      |         ^~~~~~
security/encryption/../../kernel/include/types.h:273:9: warning: ‘EACCES’ redefined
  273 | #define EACCES      (-13)
      |         ^~~~~~
security/encryption/../../kernel/include/types.h:122:9: note: this is the location of the previous definition
  122 | #define EACCES          (-6)
      |         ^~~~~~
security/encryption/../../kernel/include/types.h:274:9: warning: ‘EPERM’ redefined
  274 | #define EPERM       (-1)
      |         ^~~~~
security/encryption/../../kernel/include/types.h:130:9: note: this is the location of the previous definition
  130 | #define EPERM           (-14)
      |         ^~~~~
security/encryption/../../kernel/include/types.h:275:9: warning: ‘ESRCH’ redefined
  275 | #define ESRCH       (-3)
      |         ^~~~~
security/encryption/../../kernel/include/types.h:131:9: note: this is the location of the previous definition
  131 | #define ESRCH           (-15)
      |         ^~~~~
security/encryption/../../kernel/include/types.h:276:9: warning: ‘EINTR’ redefined
  276 | #define EINTR       (-4)
      |         ^~~~~
security/encryption/../../kernel/include/types.h:132:9: note: this is the location of the previous definition
  132 | #define EINTR           (-16)
      |         ^~~~~
security/encryption/../../kernel/include/types.h:277:9: warning: ‘EIO’ redefined
  277 | #define EIO         (-5)
      |         ^~~
security/encryption/../../kernel/include/types.h:123:9: note: this is the location of the previous definition
  123 | #define EIO             (-7)
      |         ^~~
security/encryption/../../kernel/include/types.h:280:9: warning: ‘ENODEV’ redefined
  280 | #define ENODEV      (-19)
      |         ^~~~~~
security/encryption/../../kernel/include/types.h:128:9: note: this is the location of the previous definition
  128 | #define ENODEV          (-12)
      |         ^~~~~~
security/encryption/../../kernel/include/types.h:285:9: warning: ‘EPIPE’ redefined
  285 | #define EPIPE       (-32)
      |         ^~~~~
security/encryption/../../kernel/include/types.h:136:9: note: this is the location of the previous definition
  136 | #define EPIPE           (-25)
      |         ^~~~~
security/encryption/../../kernel/include/types.h:286:9: warning: ‘ETIMEDOUT’ redefined
  286 | #define ETIMEDOUT   (-110)
      |         ^~~~~~~~~
security/encryption/../../kernel/include/types.h:124:9: note: this is the location of the previous definition
  124 | #define ETIMEDOUT       (-8)
      |         ^~~~~~~~~
security/encryption/../../kernel/include/types.h:287:9: warning: ‘ENOSYS’ redefined
  287 | #define ENOSYS      (-38)
      |         ^~~~~~
security/encryption/../../kernel/include/types.h:125:9: note: this is the location of the previous definition
  125 | #define ENOSYS          (-9)
      |         ^~~~~~
security/encryption/../../kernel/include/kernel.h:33:9: warning: ‘PAGE_SIZE_4K’ redefined
   33 | #define PAGE_SIZE_4K            0x1000
      |         ^~~~~~~~~~~~
security/encryption/../../kernel/include/types.h:87:9: note: this is the location of the previous definition
   87 | #define PAGE_SIZE_4K    (1ULL << PAGE_SHIFT_4K)
      |         ^~~~~~~~~~~~
security/encryption/../../kernel/include/kernel.h:101:9: warning: ‘offsetof’ redefined
  101 | #define offsetof(type, member) ((size_t)&((type *)0)->member)
      |         ^~~~~~~~
In file included from security/encryption/../../kernel/include/types.h:10:
/usr/lib/gcc/x86_64-linux-gnu/15/include/stddef.h:431:9: note: this is the location of the previous definition
  431 | #define offsetof(TYPE, MEMBER) __builtin_offsetof (TYPE, MEMBER)
      |         ^~~~~~~~
In file included from security/encryption/../security.h:13:
security/encryption/../../kernel/sync/sync.h:440:9: warning: ‘barrier’ redefined
  440 | #define barrier() __asm__ __volatile__ ("" ::: "memory")
      |         ^~~~~~~
security/encryption/../../kernel/include/kernel.h:91:9: note: this is the location of the previous definition
   91 | #define barrier()               __asm__ __volatile__("" ::: "memory")
      |         ^~~~~~~
security/encryption/disk_encryption.c: In function ‘pbkdf2’:
security/encryption/disk_encryption.c:149:12: warning: variable ‘block_num_be’ set but not used [-Wunused-but-set-variable]
  149 |         u8 block_num_be[4];
      |            ^~~~~~~~~~~~
  [CC]    ai_ml/inference/inference_engine.c
cc1: warning: command-line option ‘-fno-rtti’ is valid for C++/D/ObjC++ but not for C
In file included from ai_ml/inference/inference_engine.c:9:
ai_ml/inference/../../kernel/include/types.h:270:9: warning: ‘ENOMEM’ redefined
  270 | #define ENOMEM      (-12)
      |         ^~~~~~
ai_ml/inference/../../kernel/include/types.h:118:9: note: this is the location of the previous definition
  118 | #define ENOMEM          (-2)
      |         ^~~~~~
ai_ml/inference/../../kernel/include/types.h:271:9: warning: ‘EINVAL’ redefined
  271 | #define EINVAL      (-22)
      |         ^~~~~~
ai_ml/inference/../../kernel/include/types.h:119:9: note: this is the location of the previous definition
  119 | #define EINVAL          (-3)
      |         ^~~~~~
ai_ml/inference/../../kernel/include/types.h:272:9: warning: ‘EFAULT’ redefined
  272 | #define EFAULT      (-14)
      |         ^~~~~~
ai_ml/inference/../../kernel/include/types.h:133:9: note: this is the location of the previous definition
  133 | #define EFAULT          (-17)
      |         ^~~~~~
ai_ml/inference/../../kernel/include/types.h:273:9: warning: ‘EACCES’ redefined
  273 | #define EACCES      (-13)
      |         ^~~~~~
ai_ml/inference/../../kernel/include/types.h:122:9: note: this is the location of the previous definition
  122 | #define EACCES          (-6)
      |         ^~~~~~
ai_ml/inference/../../kernel/include/types.h:274:9: warning: ‘EPERM’ redefined
  274 | #define EPERM       (-1)
      |         ^~~~~
ai_ml/inference/../../kernel/include/types.h:130:9: note: this is the location of the previous definition
  130 | #define EPERM           (-14)
      |         ^~~~~
ai_ml/inference/../../kernel/include/types.h:275:9: warning: ‘ESRCH’ redefined
  275 | #define ESRCH       (-3)
      |         ^~~~~
ai_ml/inference/../../kernel/include/types.h:131:9: note: this is the location of the previous definition
  131 | #define ESRCH           (-15)
      |         ^~~~~
ai_ml/inference/../../kernel/include/types.h:276:9: warning: ‘EINTR’ redefined
  276 | #define EINTR       (-4)
      |         ^~~~~
ai_ml/inference/../../kernel/include/types.h:132:9: note: this is the location of the previous definition
  132 | #define EINTR           (-16)
      |         ^~~~~
ai_ml/inference/../../kernel/include/types.h:277:9: warning: ‘EIO’ redefined
  277 | #define EIO         (-5)
      |         ^~~
ai_ml/inference/../../kernel/include/types.h:123:9: note: this is the location of the previous definition
  123 | #define EIO             (-7)
      |         ^~~
ai_ml/inference/../../kernel/include/types.h:280:9: warning: ‘ENODEV’ redefined
  280 | #define ENODEV      (-19)
      |         ^~~~~~
ai_ml/inference/../../kernel/include/types.h:128:9: note: this is the location of the previous definition
  128 | #define ENODEV          (-12)
      |         ^~~~~~
ai_ml/inference/../../kernel/include/types.h:285:9: warning: ‘EPIPE’ redefined
  285 | #define EPIPE       (-32)
      |         ^~~~~
ai_ml/inference/../../kernel/include/types.h:136:9: note: this is the location of the previous definition
  136 | #define EPIPE           (-25)
      |         ^~~~~
ai_ml/inference/../../kernel/include/types.h:286:9: warning: ‘ETIMEDOUT’ redefined
  286 | #define ETIMEDOUT   (-110)
      |         ^~~~~~~~~
ai_ml/inference/../../kernel/include/types.h:124:9: note: this is the location of the previous definition
  124 | #define ETIMEDOUT       (-8)
      |         ^~~~~~~~~
ai_ml/inference/../../kernel/include/types.h:287:9: warning: ‘ENOSYS’ redefined
  287 | #define ENOSYS      (-38)
      |         ^~~~~~
ai_ml/inference/../../kernel/include/types.h:125:9: note: this is the location of the previous definition
  125 | #define ENOSYS          (-9)
      |         ^~~~~~
In file included from ai_ml/inference/inference_engine.c:10:
ai_ml/inference/../../kernel/include/kernel.h:33:9: warning: ‘PAGE_SIZE_4K’ redefined
   33 | #define PAGE_SIZE_4K            0x1000
      |         ^~~~~~~~~~~~
ai_ml/inference/../../kernel/include/types.h:87:9: note: this is the location of the previous definition
   87 | #define PAGE_SIZE_4K    (1ULL << PAGE_SHIFT_4K)
      |         ^~~~~~~~~~~~
ai_ml/inference/../../kernel/include/kernel.h:101:9: warning: ‘offsetof’ redefined
  101 | #define offsetof(type, member) ((size_t)&((type *)0)->member)
      |         ^~~~~~~~
In file included from ai_ml/inference/../../kernel/include/types.h:10:
/usr/lib/gcc/x86_64-linux-gnu/15/include/stddef.h:431:9: note: this is the location of the previous definition
  431 | #define offsetof(TYPE, MEMBER) __builtin_offsetof (TYPE, MEMBER)
      |         ^~~~~~~~
ai_ml/inference/inference_engine.c:343:12: warning: ‘op_softmax’ defined but not used [-Wunused-function]
  343 | static int op_softmax(tensor_t *input, tensor_t *output)
      |            ^~~~~~~~~~
ai_ml/inference/inference_engine.c:326:12: warning: ‘op_relu’ defined but not used [-Wunused-function]
  326 | static int op_relu(tensor_t *input, tensor_t *output)
      |            ^~~~~~~
ai_ml/inference/inference_engine.c:312:12: warning: ‘op_conv2d’ defined but not used [-Wunused-function]
  312 | static int op_conv2d(tensor_t *input, tensor_t *weight, tensor_t *output,
      |            ^~~~~~~~~
ai_ml/inference/inference_engine.c:282:12: warning: ‘op_matmul’ defined but not used [-Wunused-function]
  282 | static int op_matmul(tensor_t *a, tensor_t *b, tensor_t *c)
      |            ^~~~~~~~~
ai_ml/inference/inference_engine.c:156:12: warning: ‘parse_onnx’ defined but not used [-Wunused-function]
  156 | static int parse_onnx(inference_model_t *model, const void *data, u32 size)
      |            ^~~~~~~~~~
ai_ml/inference/inference_engine.c:146:12: warning: ‘parse_tflite’ defined but not used [-Wunused-function]
  146 | static int parse_tflite(inference_model_t *model, const void *data, u32 size)
      |            ^~~~~~~~~~~~
  [CC]    hal/power/power_manager.c
cc1: warning: command-line option ‘-fno-rtti’ is valid for C++/D/ObjC++ but not for C
In file included from hal/power/power_manager.c:9:
hal/power/../../kernel/include/types.h:270:9: warning: ‘ENOMEM’ redefined
  270 | #define ENOMEM      (-12)
      |         ^~~~~~
hal/power/../../kernel/include/types.h:118:9: note: this is the location of the previous definition
  118 | #define ENOMEM          (-2)
      |         ^~~~~~
hal/power/../../kernel/include/types.h:271:9: warning: ‘EINVAL’ redefined
  271 | #define EINVAL      (-22)
      |         ^~~~~~
hal/power/../../kernel/include/types.h:119:9: note: this is the location of the previous definition
  119 | #define EINVAL          (-3)
      |         ^~~~~~
hal/power/../../kernel/include/types.h:272:9: warning: ‘EFAULT’ redefined
  272 | #define EFAULT      (-14)
      |         ^~~~~~
hal/power/../../kernel/include/types.h:133:9: note: this is the location of the previous definition
  133 | #define EFAULT          (-17)
      |         ^~~~~~
hal/power/../../kernel/include/types.h:273:9: warning: ‘EACCES’ redefined
  273 | #define EACCES      (-13)
      |         ^~~~~~
hal/power/../../kernel/include/types.h:122:9: note: this is the location of the previous definition
  122 | #define EACCES          (-6)
      |         ^~~~~~
hal/power/../../kernel/include/types.h:274:9: warning: ‘EPERM’ redefined
  274 | #define EPERM       (-1)
      |         ^~~~~
hal/power/../../kernel/include/types.h:130:9: note: this is the location of the previous definition
  130 | #define EPERM           (-14)
      |         ^~~~~
hal/power/../../kernel/include/types.h:275:9: warning: ‘ESRCH’ redefined
  275 | #define ESRCH       (-3)
      |         ^~~~~
hal/power/../../kernel/include/types.h:131:9: note: this is the location of the previous definition
  131 | #define ESRCH           (-15)
      |         ^~~~~
hal/power/../../kernel/include/types.h:276:9: warning: ‘EINTR’ redefined
  276 | #define EINTR       (-4)
      |         ^~~~~
hal/power/../../kernel/include/types.h:132:9: note: this is the location of the previous definition
  132 | #define EINTR           (-16)
      |         ^~~~~
hal/power/../../kernel/include/types.h:277:9: warning: ‘EIO’ redefined
  277 | #define EIO         (-5)
      |         ^~~
hal/power/../../kernel/include/types.h:123:9: note: this is the location of the previous definition
  123 | #define EIO             (-7)
      |         ^~~
hal/power/../../kernel/include/types.h:280:9: warning: ‘ENODEV’ redefined
  280 | #define ENODEV      (-19)
      |         ^~~~~~
hal/power/../../kernel/include/types.h:128:9: note: this is the location of the previous definition
  128 | #define ENODEV          (-12)
      |         ^~~~~~
hal/power/../../kernel/include/types.h:285:9: warning: ‘EPIPE’ redefined
  285 | #define EPIPE       (-32)
      |         ^~~~~
hal/power/../../kernel/include/types.h:136:9: note: this is the location of the previous definition
  136 | #define EPIPE           (-25)
      |         ^~~~~
hal/power/../../kernel/include/types.h:286:9: warning: ‘ETIMEDOUT’ redefined
  286 | #define ETIMEDOUT   (-110)
      |         ^~~~~~~~~
hal/power/../../kernel/include/types.h:124:9: note: this is the location of the previous definition
  124 | #define ETIMEDOUT       (-8)
      |         ^~~~~~~~~
hal/power/../../kernel/include/types.h:287:9: warning: ‘ENOSYS’ redefined
  287 | #define ENOSYS      (-38)
      |         ^~~~~~
hal/power/../../kernel/include/types.h:125:9: note: this is the location of the previous definition
  125 | #define ENOSYS          (-9)
      |         ^~~~~~
In file included from hal/power/power_manager.c:10:
hal/power/../../kernel/include/kernel.h:33:9: warning: ‘PAGE_SIZE_4K’ redefined
   33 | #define PAGE_SIZE_4K            0x1000
      |         ^~~~~~~~~~~~
hal/power/../../kernel/include/types.h:87:9: note: this is the location of the previous definition
   87 | #define PAGE_SIZE_4K    (1ULL << PAGE_SHIFT_4K)
      |         ^~~~~~~~~~~~
hal/power/../../kernel/include/kernel.h:101:9: warning: ‘offsetof’ redefined
  101 | #define offsetof(type, member) ((size_t)&((type *)0)->member)
      |         ^~~~~~~~
In file included from hal/power/../../kernel/include/types.h:10:
/usr/lib/gcc/x86_64-linux-gnu/15/include/stddef.h:431:9: note: this is the location of the previous definition
  431 | #define offsetof(TYPE, MEMBER) __builtin_offsetof (TYPE, MEMBER)
      |         ^~~~~~~~
hal/power/power_manager.c:379:13: warning: ‘thermal_check_zones’ defined but not used [-Wunused-function]
  379 | static void thermal_check_zones(void)
      |             ^~~~~~~~~~~~~~~~~~~
hal/power/power_manager.c:233:13: warning: ‘schedutil_governor’ defined but not used [-Wunused-function]
  233 | static void schedutil_governor(u32 cpu_id, u32 util, u32 max)
      |             ^~~~~~~~~~~~~~~~~~
hal/power/power_manager.c:222:13: warning: ‘ondemand_governor’ defined but not used [-Wunused-function]
  222 | static void ondemand_governor(u32 cpu_id, u32 load)
      |             ^~~~~~~~~~~~~~~~~
  [CC]    iot/protocols/iot_protocols.c
cc1: warning: command-line option ‘-fno-rtti’ is valid for C++/D/ObjC++ but not for C
In file included from iot/protocols/iot_protocols.c:9:
iot/protocols/../../kernel/include/types.h:270:9: warning: ‘ENOMEM’ redefined
  270 | #define ENOMEM      (-12)
      |         ^~~~~~
iot/protocols/../../kernel/include/types.h:118:9: note: this is the location of the previous definition
  118 | #define ENOMEM          (-2)
      |         ^~~~~~
iot/protocols/../../kernel/include/types.h:271:9: warning: ‘EINVAL’ redefined
  271 | #define EINVAL      (-22)
      |         ^~~~~~
iot/protocols/../../kernel/include/types.h:119:9: note: this is the location of the previous definition
  119 | #define EINVAL          (-3)
      |         ^~~~~~
iot/protocols/../../kernel/include/types.h:272:9: warning: ‘EFAULT’ redefined
  272 | #define EFAULT      (-14)
      |         ^~~~~~
iot/protocols/../../kernel/include/types.h:133:9: note: this is the location of the previous definition
  133 | #define EFAULT          (-17)
      |         ^~~~~~
iot/protocols/../../kernel/include/types.h:273:9: warning: ‘EACCES’ redefined
  273 | #define EACCES      (-13)
      |         ^~~~~~
iot/protocols/../../kernel/include/types.h:122:9: note: this is the location of the previous definition
  122 | #define EACCES          (-6)
      |         ^~~~~~
iot/protocols/../../kernel/include/types.h:274:9: warning: ‘EPERM’ redefined
  274 | #define EPERM       (-1)
      |         ^~~~~
iot/protocols/../../kernel/include/types.h:130:9: note: this is the location of the previous definition
  130 | #define EPERM           (-14)
      |         ^~~~~
iot/protocols/../../kernel/include/types.h:275:9: warning: ‘ESRCH’ redefined
  275 | #define ESRCH       (-3)
      |         ^~~~~
iot/protocols/../../kernel/include/types.h:131:9: note: this is the location of the previous definition
  131 | #define ESRCH           (-15)
      |         ^~~~~
iot/protocols/../../kernel/include/types.h:276:9: warning: ‘EINTR’ redefined
  276 | #define EINTR       (-4)
      |         ^~~~~
iot/protocols/../../kernel/include/types.h:132:9: note: this is the location of the previous definition
  132 | #define EINTR           (-16)
      |         ^~~~~
iot/protocols/../../kernel/include/types.h:277:9: warning: ‘EIO’ redefined
  277 | #define EIO         (-5)
      |         ^~~
iot/protocols/../../kernel/include/types.h:123:9: note: this is the location of the previous definition
  123 | #define EIO             (-7)
      |         ^~~
iot/protocols/../../kernel/include/types.h:280:9: warning: ‘ENODEV’ redefined
  280 | #define ENODEV      (-19)
      |         ^~~~~~
iot/protocols/../../kernel/include/types.h:128:9: note: this is the location of the previous definition
  128 | #define ENODEV          (-12)
      |         ^~~~~~
iot/protocols/../../kernel/include/types.h:285:9: warning: ‘EPIPE’ redefined
  285 | #define EPIPE       (-32)
      |         ^~~~~
iot/protocols/../../kernel/include/types.h:136:9: note: this is the location of the previous definition
  136 | #define EPIPE           (-25)
      |         ^~~~~
iot/protocols/../../kernel/include/types.h:286:9: warning: ‘ETIMEDOUT’ redefined
  286 | #define ETIMEDOUT   (-110)
      |         ^~~~~~~~~
iot/protocols/../../kernel/include/types.h:124:9: note: this is the location of the previous definition
  124 | #define ETIMEDOUT       (-8)
      |         ^~~~~~~~~
iot/protocols/../../kernel/include/types.h:287:9: warning: ‘ENOSYS’ redefined
  287 | #define ENOSYS      (-38)
      |         ^~~~~~
iot/protocols/../../kernel/include/types.h:125:9: note: this is the location of the previous definition
  125 | #define ENOSYS          (-9)
      |         ^~~~~~
In file included from iot/protocols/iot_protocols.c:10:
iot/protocols/../../kernel/include/kernel.h:33:9: warning: ‘PAGE_SIZE_4K’ redefined
   33 | #define PAGE_SIZE_4K            0x1000
      |         ^~~~~~~~~~~~
iot/protocols/../../kernel/include/types.h:87:9: note: this is the location of the previous definition
   87 | #define PAGE_SIZE_4K    (1ULL << PAGE_SHIFT_4K)
      |         ^~~~~~~~~~~~
iot/protocols/../../kernel/include/kernel.h:101:9: warning: ‘offsetof’ redefined
  101 | #define offsetof(type, member) ((size_t)&((type *)0)->member)
      |         ^~~~~~~~
In file included from iot/protocols/../../kernel/include/types.h:10:
/usr/lib/gcc/x86_64-linux-gnu/15/include/stddef.h:431:9: note: this is the location of the previous definition
  431 | #define offsetof(TYPE, MEMBER) __builtin_offsetof (TYPE, MEMBER)
      |         ^~~~~~~~
  [CC]    virt/containers/container_runtime.c
cc1: warning: command-line option ‘-fno-rtti’ is valid for C++/D/ObjC++ but not for C
In file included from virt/containers/container_runtime.c:9:
virt/containers/../../kernel/include/types.h:270:9: warning: ‘ENOMEM’ redefined
  270 | #define ENOMEM      (-12)
      |         ^~~~~~
virt/containers/../../kernel/include/types.h:118:9: note: this is the location of the previous definition
  118 | #define ENOMEM          (-2)
      |         ^~~~~~
virt/containers/../../kernel/include/types.h:271:9: warning: ‘EINVAL’ redefined
  271 | #define EINVAL      (-22)
      |         ^~~~~~
virt/containers/../../kernel/include/types.h:119:9: note: this is the location of the previous definition
  119 | #define EINVAL          (-3)
      |         ^~~~~~
virt/containers/../../kernel/include/types.h:272:9: warning: ‘EFAULT’ redefined
  272 | #define EFAULT      (-14)
      |         ^~~~~~
virt/containers/../../kernel/include/types.h:133:9: note: this is the location of the previous definition
  133 | #define EFAULT          (-17)
      |         ^~~~~~
virt/containers/../../kernel/include/types.h:273:9: warning: ‘EACCES’ redefined
  273 | #define EACCES      (-13)
      |         ^~~~~~
virt/containers/../../kernel/include/types.h:122:9: note: this is the location of the previous definition
  122 | #define EACCES          (-6)
      |         ^~~~~~
virt/containers/../../kernel/include/types.h:274:9: warning: ‘EPERM’ redefined
  274 | #define EPERM       (-1)
      |         ^~~~~
virt/containers/../../kernel/include/types.h:130:9: note: this is the location of the previous definition
  130 | #define EPERM           (-14)
      |         ^~~~~
virt/containers/../../kernel/include/types.h:275:9: warning: ‘ESRCH’ redefined
  275 | #define ESRCH       (-3)
      |         ^~~~~
virt/containers/../../kernel/include/types.h:131:9: note: this is the location of the previous definition
  131 | #define ESRCH           (-15)
      |         ^~~~~
virt/containers/../../kernel/include/types.h:276:9: warning: ‘EINTR’ redefined
  276 | #define EINTR       (-4)
      |         ^~~~~
virt/containers/../../kernel/include/types.h:132:9: note: this is the location of the previous definition
  132 | #define EINTR           (-16)
      |         ^~~~~
virt/containers/../../kernel/include/types.h:277:9: warning: ‘EIO’ redefined
  277 | #define EIO         (-5)
      |         ^~~
virt/containers/../../kernel/include/types.h:123:9: note: this is the location of the previous definition
  123 | #define EIO             (-7)
      |         ^~~
virt/containers/../../kernel/include/types.h:280:9: warning: ‘ENODEV’ redefined
  280 | #define ENODEV      (-19)
      |         ^~~~~~
virt/containers/../../kernel/include/types.h:128:9: note: this is the location of the previous definition
  128 | #define ENODEV          (-12)
      |         ^~~~~~
virt/containers/../../kernel/include/types.h:285:9: warning: ‘EPIPE’ redefined
  285 | #define EPIPE       (-32)
      |         ^~~~~
virt/containers/../../kernel/include/types.h:136:9: note: this is the location of the previous definition
  136 | #define EPIPE           (-25)
      |         ^~~~~
virt/containers/../../kernel/include/types.h:286:9: warning: ‘ETIMEDOUT’ redefined
  286 | #define ETIMEDOUT   (-110)
      |         ^~~~~~~~~
virt/containers/../../kernel/include/types.h:124:9: note: this is the location of the previous definition
  124 | #define ETIMEDOUT       (-8)
      |         ^~~~~~~~~
virt/containers/../../kernel/include/types.h:287:9: warning: ‘ENOSYS’ redefined
  287 | #define ENOSYS      (-38)
      |         ^~~~~~
virt/containers/../../kernel/include/types.h:125:9: note: this is the location of the previous definition
  125 | #define ENOSYS          (-9)
      |         ^~~~~~
In file included from virt/containers/container_runtime.c:10:
virt/containers/../../kernel/include/kernel.h:33:9: warning: ‘PAGE_SIZE_4K’ redefined
   33 | #define PAGE_SIZE_4K            0x1000
      |         ^~~~~~~~~~~~
virt/containers/../../kernel/include/types.h:87:9: note: this is the location of the previous definition
   87 | #define PAGE_SIZE_4K    (1ULL << PAGE_SHIFT_4K)
      |         ^~~~~~~~~~~~
virt/containers/../../kernel/include/kernel.h:101:9: warning: ‘offsetof’ redefined
  101 | #define offsetof(type, member) ((size_t)&((type *)0)->member)
      |         ^~~~~~~~
In file included from virt/containers/../../kernel/include/types.h:10:
/usr/lib/gcc/x86_64-linux-gnu/15/include/stddef.h:431:9: note: this is the location of the previous definition
  431 | #define offsetof(TYPE, MEMBER) __builtin_offsetof (TYPE, MEMBER)
      |         ^~~~~~~~
  [CC]    fs/procfs/procfs.c
cc1: warning: command-line option ‘-fno-rtti’ is valid for C++/D/ObjC++ but not for C
In file included from fs/procfs/procfs.c:9:
fs/procfs/../../kernel/include/types.h:270:9: warning: ‘ENOMEM’ redefined
  270 | #define ENOMEM      (-12)
      |         ^~~~~~
fs/procfs/../../kernel/include/types.h:118:9: note: this is the location of the previous definition
  118 | #define ENOMEM          (-2)
      |         ^~~~~~
fs/procfs/../../kernel/include/types.h:271:9: warning: ‘EINVAL’ redefined
  271 | #define EINVAL      (-22)
      |         ^~~~~~
fs/procfs/../../kernel/include/types.h:119:9: note: this is the location of the previous definition
  119 | #define EINVAL          (-3)
      |         ^~~~~~
fs/procfs/../../kernel/include/types.h:272:9: warning: ‘EFAULT’ redefined
  272 | #define EFAULT      (-14)
      |         ^~~~~~
fs/procfs/../../kernel/include/types.h:133:9: note: this is the location of the previous definition
  133 | #define EFAULT          (-17)
      |         ^~~~~~
fs/procfs/../../kernel/include/types.h:273:9: warning: ‘EACCES’ redefined
  273 | #define EACCES      (-13)
      |         ^~~~~~
fs/procfs/../../kernel/include/types.h:122:9: note: this is the location of the previous definition
  122 | #define EACCES          (-6)
      |         ^~~~~~
fs/procfs/../../kernel/include/types.h:274:9: warning: ‘EPERM’ redefined
  274 | #define EPERM       (-1)
      |         ^~~~~
fs/procfs/../../kernel/include/types.h:130:9: note: this is the location of the previous definition
  130 | #define EPERM           (-14)
      |         ^~~~~
fs/procfs/../../kernel/include/types.h:275:9: warning: ‘ESRCH’ redefined
  275 | #define ESRCH       (-3)
      |         ^~~~~
fs/procfs/../../kernel/include/types.h:131:9: note: this is the location of the previous definition
  131 | #define ESRCH           (-15)
      |         ^~~~~
fs/procfs/../../kernel/include/types.h:276:9: warning: ‘EINTR’ redefined
  276 | #define EINTR       (-4)
      |         ^~~~~
fs/procfs/../../kernel/include/types.h:132:9: note: this is the location of the previous definition
  132 | #define EINTR           (-16)
      |         ^~~~~
fs/procfs/../../kernel/include/types.h:277:9: warning: ‘EIO’ redefined
  277 | #define EIO         (-5)
      |         ^~~
fs/procfs/../../kernel/include/types.h:123:9: note: this is the location of the previous definition
  123 | #define EIO             (-7)
      |         ^~~
fs/procfs/../../kernel/include/types.h:280:9: warning: ‘ENODEV’ redefined
  280 | #define ENODEV      (-19)
      |         ^~~~~~
fs/procfs/../../kernel/include/types.h:128:9: note: this is the location of the previous definition
  128 | #define ENODEV          (-12)
      |         ^~~~~~
fs/procfs/../../kernel/include/types.h:285:9: warning: ‘EPIPE’ redefined
  285 | #define EPIPE       (-32)
      |         ^~~~~
fs/procfs/../../kernel/include/types.h:136:9: note: this is the location of the previous definition
  136 | #define EPIPE           (-25)
      |         ^~~~~
fs/procfs/../../kernel/include/types.h:286:9: warning: ‘ETIMEDOUT’ redefined
  286 | #define ETIMEDOUT   (-110)
      |         ^~~~~~~~~
fs/procfs/../../kernel/include/types.h:124:9: note: this is the location of the previous definition
  124 | #define ETIMEDOUT       (-8)
      |         ^~~~~~~~~
fs/procfs/../../kernel/include/types.h:287:9: warning: ‘ENOSYS’ redefined
  287 | #define ENOSYS      (-38)
      |         ^~~~~~
fs/procfs/../../kernel/include/types.h:125:9: note: this is the location of the previous definition
  125 | #define ENOSYS          (-9)
      |         ^~~~~~
In file included from fs/procfs/procfs.c:10:
fs/procfs/../../kernel/include/kernel.h:33:9: warning: ‘PAGE_SIZE_4K’ redefined
   33 | #define PAGE_SIZE_4K            0x1000
      |         ^~~~~~~~~~~~
fs/procfs/../../kernel/include/types.h:87:9: note: this is the location of the previous definition
   87 | #define PAGE_SIZE_4K    (1ULL << PAGE_SHIFT_4K)
      |         ^~~~~~~~~~~~
fs/procfs/../../kernel/include/kernel.h:101:9: warning: ‘offsetof’ redefined
  101 | #define offsetof(type, member) ((size_t)&((type *)0)->member)
      |         ^~~~~~~~
In file included from fs/procfs/../../kernel/include/types.h:10:
/usr/lib/gcc/x86_64-linux-gnu/15/include/stddef.h:431:9: note: this is the location of the previous definition
  431 | #define offsetof(TYPE, MEMBER) __builtin_offsetof (TYPE, MEMBER)
      |         ^~~~~~~~
fs/procfs/procfs.c:291:12: warning: ‘proc_read_net_dev’ defined but not used [-Wunused-function]
  291 | static s32 proc_read_net_dev(proc_entry_t *entry, void *buffer, u32 size, u32 offset)
      |            ^~~~~~~~~~~~~~~~~
fs/procfs/procfs.c:275:12: warning: ‘proc_read_loadavg’ defined but not used [-Wunused-function]
  275 | static s32 proc_read_loadavg(proc_entry_t *entry, void *buffer, u32 size, u32 offset)
      |            ^~~~~~~~~~~~~~~~~
fs/procfs/procfs.c:243:12: warning: ‘proc_read_meminfo’ defined but not used [-Wunused-function]
  243 | static s32 proc_read_meminfo(proc_entry_t *entry, void *buffer, u32 size, u32 offset)
      |            ^~~~~~~~~~~~~~~~~
fs/procfs/procfs.c:223:12: warning: ‘proc_read_uptime’ defined but not used [-Wunused-function]
  223 | static s32 proc_read_uptime(proc_entry_t *entry, void *buffer, u32 size, u32 offset)
      |            ^~~~~~~~~~~~~~~~
fs/procfs/procfs.c:206:12: warning: ‘proc_read_version’ defined but not used [-Wunused-function]
  206 | static s32 proc_read_version(proc_entry_t *entry, void *buffer, u32 size, u32 offset)
      |            ^~~~~~~~~~~~~~~~~
  [CC]    mobile/telephony/telephony_manager.c
cc1: warning: command-line option ‘-fno-rtti’ is valid for C++/D/ObjC++ but not for C
In file included from mobile/telephony/telephony_manager.c:9:
mobile/telephony/../../kernel/include/types.h:270:9: warning: ‘ENOMEM’ redefined
  270 | #define ENOMEM      (-12)
      |         ^~~~~~
mobile/telephony/../../kernel/include/types.h:118:9: note: this is the location of the previous definition
  118 | #define ENOMEM          (-2)
      |         ^~~~~~
mobile/telephony/../../kernel/include/types.h:271:9: warning: ‘EINVAL’ redefined
  271 | #define EINVAL      (-22)
      |         ^~~~~~
mobile/telephony/../../kernel/include/types.h:119:9: note: this is the location of the previous definition
  119 | #define EINVAL          (-3)
      |         ^~~~~~
mobile/telephony/../../kernel/include/types.h:272:9: warning: ‘EFAULT’ redefined
  272 | #define EFAULT      (-14)
      |         ^~~~~~
mobile/telephony/../../kernel/include/types.h:133:9: note: this is the location of the previous definition
  133 | #define EFAULT          (-17)
      |         ^~~~~~
mobile/telephony/../../kernel/include/types.h:273:9: warning: ‘EACCES’ redefined
  273 | #define EACCES      (-13)
      |         ^~~~~~
mobile/telephony/../../kernel/include/types.h:122:9: note: this is the location of the previous definition
  122 | #define EACCES          (-6)
      |         ^~~~~~
mobile/telephony/../../kernel/include/types.h:274:9: warning: ‘EPERM’ redefined
  274 | #define EPERM       (-1)
      |         ^~~~~
mobile/telephony/../../kernel/include/types.h:130:9: note: this is the location of the previous definition
  130 | #define EPERM           (-14)
      |         ^~~~~
mobile/telephony/../../kernel/include/types.h:275:9: warning: ‘ESRCH’ redefined
  275 | #define ESRCH       (-3)
      |         ^~~~~
mobile/telephony/../../kernel/include/types.h:131:9: note: this is the location of the previous definition
  131 | #define ESRCH           (-15)
      |         ^~~~~
mobile/telephony/../../kernel/include/types.h:276:9: warning: ‘EINTR’ redefined
  276 | #define EINTR       (-4)
      |         ^~~~~
mobile/telephony/../../kernel/include/types.h:132:9: note: this is the location of the previous definition
  132 | #define EINTR           (-16)
      |         ^~~~~
mobile/telephony/../../kernel/include/types.h:277:9: warning: ‘EIO’ redefined
  277 | #define EIO         (-5)
      |         ^~~
mobile/telephony/../../kernel/include/types.h:123:9: note: this is the location of the previous definition
  123 | #define EIO             (-7)
      |         ^~~
mobile/telephony/../../kernel/include/types.h:280:9: warning: ‘ENODEV’ redefined
  280 | #define ENODEV      (-19)
      |         ^~~~~~
mobile/telephony/../../kernel/include/types.h:128:9: note: this is the location of the previous definition
  128 | #define ENODEV          (-12)
      |         ^~~~~~
mobile/telephony/../../kernel/include/types.h:285:9: warning: ‘EPIPE’ redefined
  285 | #define EPIPE       (-32)
      |         ^~~~~
mobile/telephony/../../kernel/include/types.h:136:9: note: this is the location of the previous definition
  136 | #define EPIPE           (-25)
      |         ^~~~~
mobile/telephony/../../kernel/include/types.h:286:9: warning: ‘ETIMEDOUT’ redefined
  286 | #define ETIMEDOUT   (-110)
      |         ^~~~~~~~~
mobile/telephony/../../kernel/include/types.h:124:9: note: this is the location of the previous definition
  124 | #define ETIMEDOUT       (-8)
      |         ^~~~~~~~~
mobile/telephony/../../kernel/include/types.h:287:9: warning: ‘ENOSYS’ redefined
  287 | #define ENOSYS      (-38)
      |         ^~~~~~
mobile/telephony/../../kernel/include/types.h:125:9: note: this is the location of the previous definition
  125 | #define ENOSYS          (-9)
      |         ^~~~~~
In file included from mobile/telephony/telephony_manager.c:10:
mobile/telephony/../../kernel/include/kernel.h:33:9: warning: ‘PAGE_SIZE_4K’ redefined
   33 | #define PAGE_SIZE_4K            0x1000
      |         ^~~~~~~~~~~~
mobile/telephony/../../kernel/include/types.h:87:9: note: this is the location of the previous definition
   87 | #define PAGE_SIZE_4K    (1ULL << PAGE_SHIFT_4K)
      |         ^~~~~~~~~~~~
mobile/telephony/../../kernel/include/kernel.h:101:9: warning: ‘offsetof’ redefined
  101 | #define offsetof(type, member) ((size_t)&((type *)0)->member)
      |         ^~~~~~~~
In file included from mobile/telephony/../../kernel/include/types.h:10:
/usr/lib/gcc/x86_64-linux-gnu/15/include/stddef.h:431:9: note: this is the location of the previous definition
  431 | #define offsetof(TYPE, MEMBER) __builtin_offsetof (TYPE, MEMBER)
      |         ^~~~~~~~
  [LD]    build/nexus-kernel.bin
/usr/bin/x86_64-linux-gnu-ld.bfd: cannot find build/mutex.o: No such file or directory
/usr/bin/x86_64-linux-gnu-ld.bfd: cannot find build/semaphore.o: No such file or directory
/usr/bin/x86_64-linux-gnu-ld.bfd: cannot find build/message_queue.o: No such file or directory
/usr/bin/x86_64-linux-gnu-ld.bfd: cannot find build/shm.o: No such file or directory
/usr/bin/x86_64-linux-gnu-ld.bfd: cannot find build/pmm.o: No such file or directory
/usr/bin/x86_64-linux-gnu-ld.bfd: cannot find build/page_alloc.o: No such file or directory
/usr/bin/x86_64-linux-gnu-ld.bfd: cannot find build/scheduler.o: No such file or directory
/usr/bin/x86_64-linux-gnu-ld.bfd: cannot find build/process.o: No such file or directory
/usr/bin/x86_64-linux-gnu-ld.bfd: cannot find build/thread.o: No such file or directory
/usr/bin/x86_64-linux-gnu-ld.bfd: cannot find build/cfs.o: No such file or directory
/usr/bin/x86_64-linux-gnu-ld.bfd: cannot find build/realtime.o: No such file or directory
/usr/bin/x86_64-linux-gnu-ld.bfd: cannot find build/syscall.o: No such file or directory
/usr/bin/x86_64-linux-gnu-ld.bfd: cannot find build/syscall_table.o: No such file or directory
  [WARN] Linker warnings (expected for incomplete OS)
stat: invalid option -- '%'
Try 'stat --help' for more information.
  [INFO]  Kernel size:  bytes
  [GRUB]  Creating grub.cfg
  [CP]    Copying kernel to ISO dir
cp: cannot stat 'build/nexus-kernel.bin': No such file or directory
make: *** [Makefile:722: build/nexus-kernel.iso] Error 1
